Archive member included to satisfy reference by file (symbol)

C:/ST/STM32CubeIDE_1.16.1/STM32CubeIDE/plugins/com.st.stm32cube.ide.mcu.externaltools.gnu-tools-for-stm32.12.3.rel1.win32_1.0.200.202406191623/tools/bin/../lib/gcc/arm-none-eabi/12.3.1/../../../../arm-none-eabi/lib/thumb/v7e-m+fp/hard\libc_nano.a(libc_a-exit.o)
                              C:/ST/STM32CubeIDE_1.16.1/STM32CubeIDE/plugins/com.st.stm32cube.ide.mcu.externaltools.gnu-tools-for-stm32.12.3.rel1.win32_1.0.200.202406191623/tools/bin/../lib/gcc/arm-none-eabi/12.3.1/../../../../arm-none-eabi/lib/thumb/v7e-m+fp/hard/crt0.o (exit)
C:/ST/STM32CubeIDE_1.16.1/STM32CubeIDE/plugins/com.st.stm32cube.ide.mcu.externaltools.gnu-tools-for-stm32.12.3.rel1.win32_1.0.200.202406191623/tools/bin/../lib/gcc/arm-none-eabi/12.3.1/../../../../arm-none-eabi/lib/thumb/v7e-m+fp/hard\libc_nano.a(libc_a-findfp.o)
                              C:/ST/STM32CubeIDE_1.16.1/STM32CubeIDE/plugins/com.st.stm32cube.ide.mcu.externaltools.gnu-tools-for-stm32.12.3.rel1.win32_1.0.200.202406191623/tools/bin/../lib/gcc/arm-none-eabi/12.3.1/../../../../arm-none-eabi/lib/thumb/v7e-m+fp/hard\libc_nano.a(libc_a-exit.o) (__stdio_exit_handler)
C:/ST/STM32CubeIDE_1.16.1/STM32CubeIDE/plugins/com.st.stm32cube.ide.mcu.externaltools.gnu-tools-for-stm32.12.3.rel1.win32_1.0.200.202406191623/tools/bin/../lib/gcc/arm-none-eabi/12.3.1/../../../../arm-none-eabi/lib/thumb/v7e-m+fp/hard\libc_nano.a(libc_a-fwalk.o)
                              C:/ST/STM32CubeIDE_1.16.1/STM32CubeIDE/plugins/com.st.stm32cube.ide.mcu.externaltools.gnu-tools-for-stm32.12.3.rel1.win32_1.0.200.202406191623/tools/bin/../lib/gcc/arm-none-eabi/12.3.1/../../../../arm-none-eabi/lib/thumb/v7e-m+fp/hard\libc_nano.a(libc_a-findfp.o) (_fwalk_sglue)
C:/ST/STM32CubeIDE_1.16.1/STM32CubeIDE/plugins/com.st.stm32cube.ide.mcu.externaltools.gnu-tools-for-stm32.12.3.rel1.win32_1.0.200.202406191623/tools/bin/../lib/gcc/arm-none-eabi/12.3.1/../../../../arm-none-eabi/lib/thumb/v7e-m+fp/hard\libc_nano.a(libc_a-sprintf.o)
                              ./Core/Src/remote.o (sprintf)
C:/ST/STM32CubeIDE_1.16.1/STM32CubeIDE/plugins/com.st.stm32cube.ide.mcu.externaltools.gnu-tools-for-stm32.12.3.rel1.win32_1.0.200.202406191623/tools/bin/../lib/gcc/arm-none-eabi/12.3.1/../../../../arm-none-eabi/lib/thumb/v7e-m+fp/hard\libc_nano.a(libc_a-stdio.o)
                              C:/ST/STM32CubeIDE_1.16.1/STM32CubeIDE/plugins/com.st.stm32cube.ide.mcu.externaltools.gnu-tools-for-stm32.12.3.rel1.win32_1.0.200.202406191623/tools/bin/../lib/gcc/arm-none-eabi/12.3.1/../../../../arm-none-eabi/lib/thumb/v7e-m+fp/hard\libc_nano.a(libc_a-findfp.o) (__sread)
C:/ST/STM32CubeIDE_1.16.1/STM32CubeIDE/plugins/com.st.stm32cube.ide.mcu.externaltools.gnu-tools-for-stm32.12.3.rel1.win32_1.0.200.202406191623/tools/bin/../lib/gcc/arm-none-eabi/12.3.1/../../../../arm-none-eabi/lib/thumb/v7e-m+fp/hard\libc_nano.a(libc_a-memset.o)
                              C:/ST/STM32CubeIDE_1.16.1/STM32CubeIDE/plugins/com.st.stm32cube.ide.mcu.externaltools.gnu-tools-for-stm32.12.3.rel1.win32_1.0.200.202406191623/tools/bin/../lib/gcc/arm-none-eabi/12.3.1/../../../../arm-none-eabi/lib/thumb/v7e-m+fp/hard/crt0.o (memset)
C:/ST/STM32CubeIDE_1.16.1/STM32CubeIDE/plugins/com.st.stm32cube.ide.mcu.externaltools.gnu-tools-for-stm32.12.3.rel1.win32_1.0.200.202406191623/tools/bin/../lib/gcc/arm-none-eabi/12.3.1/../../../../arm-none-eabi/lib/thumb/v7e-m+fp/hard\libc_nano.a(libc_a-strcat.o)
                              ./Core/Src/remote.o (strcat)
C:/ST/STM32CubeIDE_1.16.1/STM32CubeIDE/plugins/com.st.stm32cube.ide.mcu.externaltools.gnu-tools-for-stm32.12.3.rel1.win32_1.0.200.202406191623/tools/bin/../lib/gcc/arm-none-eabi/12.3.1/../../../../arm-none-eabi/lib/thumb/v7e-m+fp/hard\libc_nano.a(libc_a-closer.o)
                              C:/ST/STM32CubeIDE_1.16.1/STM32CubeIDE/plugins/com.st.stm32cube.ide.mcu.externaltools.gnu-tools-for-stm32.12.3.rel1.win32_1.0.200.202406191623/tools/bin/../lib/gcc/arm-none-eabi/12.3.1/../../../../arm-none-eabi/lib/thumb/v7e-m+fp/hard\libc_nano.a(libc_a-stdio.o) (_close_r)
C:/ST/STM32CubeIDE_1.16.1/STM32CubeIDE/plugins/com.st.stm32cube.ide.mcu.externaltools.gnu-tools-for-stm32.12.3.rel1.win32_1.0.200.202406191623/tools/bin/../lib/gcc/arm-none-eabi/12.3.1/../../../../arm-none-eabi/lib/thumb/v7e-m+fp/hard\libc_nano.a(libc_a-reent.o)
                              C:/ST/STM32CubeIDE_1.16.1/STM32CubeIDE/plugins/com.st.stm32cube.ide.mcu.externaltools.gnu-tools-for-stm32.12.3.rel1.win32_1.0.200.202406191623/tools/bin/../lib/gcc/arm-none-eabi/12.3.1/../../../../arm-none-eabi/lib/thumb/v7e-m+fp/hard\libc_nano.a(libc_a-closer.o) (errno)
C:/ST/STM32CubeIDE_1.16.1/STM32CubeIDE/plugins/com.st.stm32cube.ide.mcu.externaltools.gnu-tools-for-stm32.12.3.rel1.win32_1.0.200.202406191623/tools/bin/../lib/gcc/arm-none-eabi/12.3.1/../../../../arm-none-eabi/lib/thumb/v7e-m+fp/hard\libc_nano.a(libc_a-impure.o)
[...]
Memory Configuration

Name             Origin             Length             Attributes
RAM              0x20000000         0x00020000         xrw
FLASH            0x08000000         0x00080000         xr
*default*        0x00000000         0xffffffff

Linker script and memory map

LOAD C:/ST/STM32CubeIDE_1.16.1/STM32CubeIDE/plugins/com.st.stm32cube.ide.mcu.externaltools.gnu-tools-for-stm32.12.3.rel1.win32_1.0.200.202406191623/tools/bin/../lib/gcc/arm-none-eabi/12.3.1/thumb/v7e-m+fp/hard/crti.o
LOAD C:/ST/STM32CubeIDE_1.16.1/STM32CubeIDE/plugins/com.st.stm32cube.ide.mcu.externaltools.gnu-tools-for-stm32.12.3.rel1.win32_1.0.200.202406191623/tools/bin/../lib/gcc/arm-none-eabi/12.3.1/thumb/v7e-m+fp/hard/crtbegin.o
LOAD C:/ST/STM32CubeIDE_1.16.1/STM32CubeIDE/plugins/com.st.stm32cube.ide.mcu.externaltools.gnu-tools-for-stm32.12.3.rel1.win32_1.0.200.202406191623/tools/bin/../lib/gcc/arm-none-eabi/12.3.1/../../../../arm-none-eabi/lib/thumb/v7e-m+fp/hard/crt0.o
LOAD ./Core/Src/Hardware.o
LOAD ./Core/Src/ad5592.o
LOAD ./Core/Src/adc.o
LOAD ./Core/Src/func.o
LOAD ./Core/Src/func_binarypro.o
LOAD ./Core/Src/gasbox.o
LOAD ./Core/Src/gpio.o
LOAD ./Core/Src/iso.o
LOAD ./Core/Src/main.o
LOAD ./Core/Src/priority_pushpop.o
LOAD ./Core/Src/prioritylist.o
LOAD ./Core/Src/remote.o
LOAD ./Core/Src/resultqueue.o
LOAD ./Core/Src/spi.o
LOAD ./Core/Src/stacks.o
LOAD ./Core/Src/stm32g4xx_hal_msp.o
LOAD ./Core/Src/stm32g4xx_it.o
LOAD ./Core/Src/syscalls.o
LOAD ./Core/Src/sysmem.o
LOAD ./Core/Src/system_stm32g4xx.o
LOAD ./Core/Src/tim.o
LOAD ./Core/Src/timer0.o
LOAD ./Core/Src/uart4.o
LOAD ./Core/Src/usart.o
LOAD ./Core/Src/zentrale.o
LOAD ./Core/Src/zentrale_cmd_sero.o
LOAD ./Core/Startup/startup_stm32g473vetx.o
LOAD ./Drivers/STM32G4xx_HAL_Driver/Src/stm32g4xx_hal.o
LOAD ./Drivers/STM32G4xx_HAL_Driver/Src/stm32g4xx_hal_adc.o
LOAD ./Drivers/STM32G4xx_HAL_Driver/Src/stm32g4xx_hal_adc_ex.o
LOAD ./Drivers/STM32G4xx_HAL_Driver/Src/stm32g4xx_hal_cortex.o
LOAD ./Drivers/STM32G4xx_HAL_Driver/Src/stm32g4xx_hal_dma.o
LOAD ./Drivers/STM32G4xx_HAL_Driver/Src/stm32g4xx_hal_dma_ex.o
LOAD ./Drivers/STM32G4xx_HAL_Driver/Src/stm32g4xx_hal_exti.o
LOAD ./Drivers/STM32G4xx_HAL_Driver/Src/stm32g4xx_hal_flash.o
LOAD ./Drivers/STM32G4xx_HAL_Driver/Src/stm32g4xx_hal_flash_ex.o
LOAD ./Drivers/STM32G4xx_HAL_Driver/Src/stm32g4xx_hal_flash_ramfunc.o
LOAD ./Drivers/STM32G4xx_HAL_Driver/Src/stm32g4xx_hal_gpio.o
LOAD ./Drivers/STM32G4xx_HAL_Driver/Src/stm32g4xx_hal_pwr.o
LOAD ./Drivers/STM32G4xx_HAL_Driver/Src/stm32g4xx_hal_pwr_ex.o
LOAD ./Drivers/STM32G4xx_HAL_Driver/Src/stm32g4xx_hal_rcc.o
LOAD ./Drivers/STM32G4xx_HAL_Driver/Src/stm32g4xx_hal_rcc_ex.o
LOAD ./Drivers/STM32G4xx_HAL_Driver/Src/stm32g4xx_hal_spi.o
LOAD ./Drivers/STM32G4xx_HAL_Driver/Src/stm32g4xx_hal_spi_ex.o
LOAD ./Drivers/STM32G4xx_HAL_Driver/Src/stm32g4xx_hal_tim.o
LOAD ./Drivers/STM32G4xx_HAL_Driver/Src/stm32g4xx_hal_tim_ex.o
LOAD ./Drivers/STM32G4xx_HAL_Driver/Src/stm32g4xx_hal_uart.o
LOAD ./Drivers/STM32G4xx_HAL_Driver/Src/stm32g4xx_hal_uart_ex.o
LOAD ./Drivers/STM32G4xx_HAL_Driver/Src/stm32g4xx_ll_adc.o
START GROUP
LOAD C:/ST/STM32CubeIDE_1.16.1/STM32CubeIDE/plugins/com.st.stm32cube.ide.mcu.externaltools.gnu-tools-for-stm32.12.3.rel1.win32_1.0.200.202406191623/tools/bin/../lib/gcc/arm-none-eabi/12.3.1/../../../../arm-none-eabi/lib/thumb/v7e-m+fp/hard\libc_nano.a
LOAD C:/ST/STM32CubeIDE_1.16.1/STM32CubeIDE/plugins/com.st.stm32cube.ide.mcu.externaltools.gnu-tools-for-stm32.12.3.rel1.win32_1.0.200.202406191623/tools/bin/../lib/gcc/arm-none-eabi/12.3.1/../../../../arm-none-eabi/lib/thumb/v7e-m+fp/hard\libm.a
END GROUP
START GROUP
LOAD C:/ST/STM32CubeIDE_1.16.1/STM32CubeIDE/plugins/com.st.stm32cube.ide.mcu.externaltools.gnu-tools-for-stm32.12.3.rel1.win32_1.0.200.202406191623/tools/bin/../lib/gcc/arm-none-eabi/12.3.1/thumb/v7e-m+fp/hard\libgcc.a
LOAD C:/ST/STM32CubeIDE_1.16.1/STM32CubeIDE/plugins/com.st.stm32cube.ide.mcu.externaltools.gnu-tools-for-stm32.12.3.rel1.win32_1.0.200.202406191623/tools/bin/../lib/gcc/arm-none-eabi/12.3.1/../../../../arm-none-eabi/lib/thumb/v7e-m+fp/hard\libc_nano.a
END GROUP
START GROUP
LOAD C:/ST/STM32CubeIDE_1.16.1/STM32CubeIDE/plugins/com.st.stm32cube.ide.mcu.externaltools.gnu-tools-for-stm32.12.3.rel1.win32_1.0.200.202406191623/tools/bin/../lib/gcc/arm-none-eabi/12.3.1/thumb/v7e-m+fp/hard\libgcc.a
LOAD C:/ST/STM32CubeIDE_1.16.1/STM32CubeIDE/plugins/com.st.stm32cube.ide.mcu.externaltools.gnu-tools-for-stm32.12.3.rel1.win32_1.0.200.202406191623/tools/bin/../lib/gcc/arm-none-eabi/12.3.1/../../../../arm-none-eabi/lib/thumb/v7e-m+fp/hard\libc_nano.a
LOAD C:/ST/STM32CubeIDE_1.16.1/STM32CubeIDE/plugins/com.st.stm32cube.ide.mcu.externaltools.gnu-tools-for-stm32.12.3.rel1.win32_1.0.200.202406191623/tools/bin/../lib/gcc/arm-none-eabi/12.3.1/../../../../arm-none-eabi/lib/thumb/v7e-m+fp/hard\libnosys.a
END GROUP
START GROUP
LOAD C:/ST/STM32CubeIDE_1.16.1/STM32CubeIDE/plugins/com.st.stm32cube.ide.mcu.externaltools.gnu-tools-for-stm32.12.3.rel1.win32_1.0.200.202406191623/tools/bin/../lib/gcc/arm-none-eabi/12.3.1/thumb/v7e-m+fp/hard\libgcc.a
LOAD C:/ST/STM32CubeIDE_1.16.1/STM32CubeIDE/plugins/com.st.stm32cube.ide.mcu.externaltools.gnu-tools-for-stm32.12.3.rel1.win32_1.0.200.202406191623/tools/bin/../lib/gcc/arm-none-eabi/12.3.1/../../../../arm-none-eabi/lib/thumb/v7e-m+fp/hard\libc_nano.a
LOAD C:/ST/STM32CubeIDE_1.16.1/STM32CubeIDE/plugins/com.st.stm32cube.ide.mcu.externaltools.gnu-tools-for-stm32.12.3.rel1.win32_1.0.200.202406191623/tools/bin/../lib/gcc/arm-none-eabi/12.3.1/../../../../arm-none-eabi/lib/thumb/v7e-m+fp/hard\libnosys.a
END GROUP
LOAD C:/ST/STM32CubeIDE_1.16.1/STM32CubeIDE/plugins/com.st.stm32cube.ide.mcu.externaltools.gnu-tools-for-stm32.12.3.rel1.win32_1.0.200.202406191623/tools/bin/../lib/gcc/arm-none-eabi/12.3.1/thumb/v7e-m+fp/hard/crtend.o
LOAD C:/ST/STM32CubeIDE_1.16.1/STM32CubeIDE/plugins/com.st.stm32cube.ide.mcu.externaltools.gnu-tools-for-stm32.12.3.rel1.win32_1.0.200.202406191623/tools/bin/../lib/gcc/arm-none-eabi/12.3.1/thumb/v7e-m+fp/hard/crtn.o
                0x20020000                        _estack = (ORIGIN (RAM) + LENGTH (RAM))
                0x00000200                        _Min_Heap_Size = 0x200
                0x00000400                        _Min_Stack_Size = 0x400

.isr_vector     0x08000000      0x1d8
                0x08000000                        . = ALIGN (0x4)
 *(.isr_vector)
 .isr_vector    0x08000000      0x1d8 ./Core/Startup/startup_stm32g473vetx.o
                0x08000000                g_pfnVectors
                0x080001d8                        . = ALIGN (0x4)

.text           0x080001e0     0xa5d4
                0x080001e0                        . = ALIGN (0x4)
 *(.text)
 .text          0x080001e0       0x40 C:/ST/STM32CubeIDE_1.16.1/STM32CubeIDE/plugins/com.st.stm32cube.ide.mcu.externaltools.gnu-tools-for-stm32.12.3.rel1.win32_1.0.200.202406191623/tools/bin/../lib/gcc/arm-none-eabi/12.3.1/thumb/v7e-m+fp/hard/crtbegin.o
 .text          0x08000220       0x14 C:/ST/STM32CubeIDE_1.16.1/STM32CubeIDE/plugins/com.st.stm32cube.ide.mcu.externaltools.gnu-tools-for-stm32.12.3.rel1.win32_1.0.200.202406191623/tools/bin/../lib/gcc/arm-none-eabi/12.3.1/../../../../arm-none-eabi/lib/thumb/v7e-m+fp/hard\libc_nano.a(libc_a-strcmp.o)
                0x08000220                strcmp
 .text          0x08000234       0x10 C:/ST/STM32CubeIDE_1.16.1/STM32CubeIDE/plugins/com.st.stm32cube.ide.mcu.externaltools.gnu-tools-for-stm32.12.3.rel1.win32_1.0.200.202406191623/tools/bin/../lib/gcc/arm-none-eabi/12.3.1/../../../../arm-none-eabi/lib/thumb/v7e-m+fp/hard\libc_nano.a(libc_a-strlen.o)
                0x08000234                strlen
 *fill*         0x08000244        0xc 
 .text          0x08000250       0xa0 C:/ST/STM32CubeIDE_1.16.1/STM32CubeIDE/plugins/com.st.stm32cube.ide.mcu.externaltools.gnu-tools-for-stm32.12.3.rel1.win32_1.0.200.202406191623/tools/bin/../lib/gcc/arm-none-eabi/12.3.1/../../../../arm-none-eabi/lib/thumb/v7e-m+fp/hard\libc_nano.a(libc_a-memchr.o)
                0x08000250                memchr
 .text          0x080002f0       0x30 C:/ST/STM32CubeIDE_1.16.1/STM32CubeIDE/plugins/com.st.stm32cube.ide.mcu.externaltools.gnu-tools-for-stm32.12.3.rel1.win32_1.0.200.202406191623/tools/bin/../lib/gcc/arm-none-eabi/12.3.1/thumb/v7e-m+fp/hard\libgcc.a(_aeabi_uldivmod.o)
                0x080002f0                __aeabi_uldivmod
 .text          0x08000320      0x2bc C:/ST/STM32CubeIDE_1.16.1/STM32CubeIDE/plugins/com.st.stm32cube.ide.mcu.externaltools.gnu-tools-for-stm32.12.3.rel1.win32_1.0.200.202406191623/tools/bin/../lib/gcc/arm-none-eabi/12.3.1/thumb/v7e-m+fp/hard\libgcc.a(_udivmoddi4.o)
                0x08000320                __udivmoddi4
 .text          0x080005dc        0x4 C:/ST/STM32CubeIDE_1.16.1/STM32CubeIDE/plugins/com.st.stm32cube.ide.mcu.externaltools.gnu-tools-for-stm32.12.3.rel1.win32_1.0.200.202406191623/tools/bin/../lib/gcc/arm-none-eabi/12.3.1/thumb/v7e-m+fp/hard\libgcc.a(_dvmd_tls.o)
                0x080005dc                __aeabi_idiv0
                0x080005dc                __aeabi_ldiv0
 *(.text*)
 .text.hw_sero_get
                0x080005e0        0xe ./Core/Src/Hardware.o
                0x080005e0                hw_sero_get
 *fill*         0x080005ee        0x2 
 .text.hw_sero_set
                0x080005f0       0x28 ./Core/Src/Hardware.o
                0x080005f0                hw_sero_set
 .text.u_ok     0x08000618       0x2e ./Core/Src/Hardware.o
                0x08000618                u_ok
 *fill*         0x08000646        0x2 
 .text.update_uok
                0x08000648       0x3c ./Core/Src/Hardware.o
                0x08000648                update_uok
 .text.readPumpWarning
                0x08000684       0x2c ./Core/Src/Hardware.o
                0x08000684                readPumpWarning
 .text.readPumpAlarm
                0x080006b0       0x2c ./Core/Src/Hardware.o
                0x080006b0                readPumpAlarm
 .text.MIO_RESET_Pulse
                0x080006dc       0x30 ./Core/Src/ad5592.o
 .text.mio_send_word
                0x0800070c       0x26 ./Core/Src/ad5592.o
 *fill*         0x08000732        0x2 
 .text.mio_init
                0x08000734       0xf8 ./Core/Src/ad5592.o
                0x08000734                mio_init
 .text.mio_sero_set
                0x0800082c        0xe ./Core/Src/ad5592.o
                0x0800082c                mio_sero_set
 *fill*         0x0800083a        0x2 
 .text.mio_sero_get
                0x0800083c      0x13c ./Core/Src/ad5592.o
                0x0800083c                mio_sero_get
 .text.mio_set_dac
                0x08000978       0x66 ./Core/Src/ad5592.o
                0x08000978                mio_set_dac
 *fill*         0x080009de        0x2 
 .text.MX_ADC5_Init
                0x080009e0       0xcc ./Core/Src/adc.o
                0x080009e0                MX_ADC5_Init
 .text.HAL_ADC_MspInit
                0x08000aac       0xb0 ./Core/Src/adc.o
                0x08000aac                HAL_ADC_MspInit
 .text.delay_us
                0x08000b5c       0x38 ./Core/Src/func.o
                0x08000b5c                delay_us
 .text.delay_ms
                0x08000b94       0x1a ./Core/Src/func.o
                0x08000b94                delay_ms
 .text.clamp16  0x08000bae       0x30 ./Core/Src/func.o
                0x08000bae                clamp16
 *fill*         0x08000bde        0x2 
 .text.gb_sero_get
                0x08000be0       0x60 ./Core/Src/gasbox.o
                0x08000be0                gb_sero_get
 .text.parse_binary_gasbox
                0x08000c40      0x210 ./Core/Src/gasbox.o
 .text.gb_sum8  0x08000e50       0x42 ./Core/Src/gasbox.o
 .text.gb_push_escaped
                0x08000e92       0x3a ./Core/Src/gasbox.o
 .text.gasbox_send
                0x08000ecc       0xdc ./Core/Src/gasbox.o
                0x08000ecc                gasbox_send
 .text.gb_on_frame
                0x08000fa8       0x58 ./Core/Src/gasbox.o
                0x08000fa8                gb_on_frame
 .text.gasbox_xfer
                0x08001000       0x94 ./Core/Src/gasbox.o
                0x08001000                gasbox_xfer
 .text.MX_GPIO_Init
                0x08001094      0x1bc ./Core/Src/gpio.o
                0x08001094                MX_GPIO_Init
 .text.main     0x08001250       0x80 ./Core/Src/main.o
                0x08001250                main
 .text.SystemClock_Config
                0x080012d0       0x92 ./Core/Src/main.o
                0x080012d0                SystemClock_Config
 .text.Error_Handler
                0x08001362        0xc ./Core/Src/main.o
                0x08001362                Error_Handler
 .text.priolist_push
                0x0800136e       0x96 ./Core/Src/priority_pushpop.o
                0x0800136e                priolist_push
 .text.priolist_node_insert
                0x08001404       0xc2 ./Core/Src/priority_pushpop.o
                0x08001404                priolist_node_insert
 .text.priolist_pop
                0x080014c6       0x68 ./Core/Src/priority_pushpop.o
                0x080014c6                priolist_pop
 *fill*         0x0800152e        0x2 
 .text.priolist_init
                0x08001530       0xd0 ./Core/Src/prioritylist.o
                0x08001530                priolist_init
 .text.remote_init
                0x08001600       0x58 ./Core/Src/remote.o
                0x08001600                remote_init
 .text.remote_sero_get
                0x08001658       0x60 ./Core/Src/remote.o
                0x08001658                remote_sero_get
 .text.parse_ascii
                0x080016b8      0x6f8 ./Core/Src/remote.o
                0x080016b8                parse_ascii
 .text.serialSendAnswer
                0x08001db0      0x128 ./Core/Src/remote.o
                0x08001db0                serialSendAnswer
 .text.output_ascii_cmdack
                0x08001ed8      0x44c ./Core/Src/remote.o
                0x08001ed8                output_ascii_cmdack
 .text.Binary_Search
                0x08002324       0xe4 ./Core/Src/remote.o
                0x08002324                Binary_Search
 .text.output_ascii_result
                0x08002408       0x88 ./Core/Src/remote.o
                0x08002408                output_ascii_result
 .text.output_binary_result
                0x08002490       0x6c ./Core/Src/remote.o
                0x08002490                output_binary_result
 .text.output_ascii
                0x080024fc       0x48 ./Core/Src/remote.o
                0x080024fc                output_ascii
 .text.remote_ascii_verbose
                0x08002544       0x18 ./Core/Src/remote.o
                0x08002544                remote_ascii_verbose
 .text.remote_ascii_crlf
                0x0800255c       0x18 ./Core/Src/remote.o
                0x0800255c                remote_ascii_crlf
 .text.resultQueue_init
                0x08002574       0x24 ./Core/Src/resultqueue.o
                0x08002574                resultQueue_init
 .text.get_anzFrei_resultQueue
                0x08002598       0x44 ./Core/Src/resultqueue.o
                0x08002598                get_anzFrei_resultQueue
 .text.get_anzBes_resultQueue
                0x080025dc       0x3c ./Core/Src/resultqueue.o
                0x080025dc                get_anzBes_resultQueue
 .text.resultQueue_push
                0x08002618       0x68 ./Core/Src/resultqueue.o
                0x08002618                resultQueue_push
 .text.resultQueue_pop
                0x08002680       0x58 ./Core/Src/resultqueue.o
                0x08002680                resultQueue_pop
 .text.result_get_sero
                0x080026d8       0x56 ./Core/Src/resultqueue.o
                0x080026d8                result_get_sero
 *fill*         0x0800272e        0x2 
 .text.MX_SPI1_Init
                0x08002730       0x7c ./Core/Src/spi.o
                0x08002730                MX_SPI1_Init
 .text.HAL_SPI_MspInit
                0x080027ac       0x84 ./Core/Src/spi.o
                0x080027ac                HAL_SPI_MspInit
 .text.HAL_SPI_MspDeInit
                0x08002830       0x38 ./Core/Src/spi.o
                0x08002830                HAL_SPI_MspDeInit
 .text.spiTransferWord
                0x08002868       0x30 ./Core/Src/spi.o
                0x08002868                spiTransferWord
 .text.spi_access_device
                0x08002898       0x1c ./Core/Src/spi.o
                0x08002898                spi_access_device
 .text.spi_release_device
                0x080028b4       0x1c ./Core/Src/spi.o
                0x080028b4                spi_release_device
 .text._spi_access_device
                0x080028d0       0xf4 ./Core/Src/spi.o
                0x080028d0                _spi_access_device
 .text.spi_set_cs
                0x080029c4       0xb8 ./Core/Src/spi.o
                0x080029c4                spi_set_cs
 .text.stacks_init
                0x08002a7c       0xa8 ./Core/Src/stacks.o
                0x08002a7c                stacks_init
 .text.stacks_insert_cmd
                0x08002b24       0x76 ./Core/Src/stacks.o
                0x08002b24                stacks_insert_cmd
 *fill*         0x08002b9a        0x2 
 .text.z_mc_stack_insert
                0x08002b9c      0x1bc ./Core/Src/stacks.o
                0x08002b9c                z_mc_stack_insert
 .text.stack_insert_sero
                0x08002d58       0x32 ./Core/Src/stacks.o
                0x08002d58                stack_insert_sero
 *fill*         0x08002d8a        0x2 
 .text.mcstack_pop
                0x08002d8c       0xac ./Core/Src/stacks.o
                0x08002d8c                mcstack_pop
 .text.zstack_pop
                0x08002e38       0x8c ./Core/Src/stacks.o
                0x08002e38                zstack_pop
 .text.HAL_MspInit
                0x08002ec4       0x48 ./Core/Src/stm32g4xx_hal_msp.o
                0x08002ec4                HAL_MspInit
 .text.NMI_Handler
                0x08002f0c        0x8 ./Core/Src/stm32g4xx_it.o
                0x08002f0c                NMI_Handler
 .text.HardFault_Handler
                0x08002f14        0x8 ./Core/Src/stm32g4xx_it.o
                0x08002f14                HardFault_Handler
 .text.MemManage_Handler
                0x08002f1c        0x8 ./Core/Src/stm32g4xx_it.o
                0x08002f1c                MemManage_Handler
 .text.BusFault_Handler
                0x08002f24        0x8 ./Core/Src/stm32g4xx_it.o
                0x08002f24                BusFault_Handler
 .text.UsageFault_Handler
                0x08002f2c        0x8 ./Core/Src/stm32g4xx_it.o
                0x08002f2c                UsageFault_Handler
 .text.SVC_Handler
                0x08002f34        0xe ./Core/Src/stm32g4xx_it.o
                0x08002f34                SVC_Handler
 .text.DebugMon_Handler
                0x08002f42        0xe ./Core/Src/stm32g4xx_it.o
                0x08002f42                DebugMon_Handler
 .text.PendSV_Handler
                0x08002f50        0xe ./Core/Src/stm32g4xx_it.o
                0x08002f50                PendSV_Handler
 .text.SysTick_Handler
                0x08002f5e        0xc ./Core/Src/stm32g4xx_it.o
                0x08002f5e                SysTick_Handler
 *fill*         0x08002f6a        0x2 
 .text._sbrk    0x08002f6c       0x6c ./Core/Src/sysmem.o
                0x08002f6c                _sbrk
 .text.SystemInit
                0x08002fd8       0x24 ./Core/Src/system_stm32g4xx.o
                0x08002fd8                SystemInit
 .text.MX_TIM1_Init
                0x08002ffc       0xd4 ./Core/Src/tim.o
                0x08002ffc                MX_TIM1_Init
 .text.HAL_TIM_Base_MspInit
                0x080030d0       0x40 ./Core/Src/tim.o
                0x080030d0                HAL_TIM_Base_MspInit
 .text.set_ct_hbeat
                0x08003110       0x20 ./Core/Src/timer0.o
                0x08003110                set_ct_hbeat
 .text.ct_hbeat_null
                0x08003130       0x28 ./Core/Src/timer0.o
                0x08003130                ct_hbeat_null
 .text.ct_init_null
                0x08003158       0x28 ./Core/Src/timer0.o
                0x08003158                ct_init_null
 .text.HAL_UART_RxCpltCallback
                0x08003180       0x34 ./Core/Src/uart4.o
                0x08003180                HAL_UART_RxCpltCallback
 .text.uartRB_OnRxCplt
                0x080031b4       0x78 ./Core/Src/uart4.o
                0x080031b4                uartRB_OnRxCplt
 .text.uart_initAll
                0x0800322c       0x50 ./Core/Src/uart4.o
                0x0800322c                uart_initAll
 .text.uartRB_Init
                0x0800327c       0x4c ./Core/Src/uart4.o
                0x0800327c                uartRB_Init
 .text.rb_free_tx
                0x080032c8       0x5e ./Core/Src/uart4.o
                0x080032c8                rb_free_tx
 .text.rb_free_rx
                0x08003326       0x58 ./Core/Src/uart4.o
                0x08003326                rb_free_rx
 .text.rb_rx_used
                0x0800337e       0x4e ./Core/Src/uart4.o
                0x0800337e                rb_rx_used
 .text.uartRB_KickTx
                0x080033cc       0x8a ./Core/Src/uart4.o
                0x080033cc                uartRB_KickTx
 *fill*         0x08003456        0x2 
 .text.uartRB_Put
                0x08003458       0xa8 ./Core/Src/uart4.o
                0x08003458                uartRB_Put
 .text.uartRB_Getc
                0x08003500       0x5a ./Core/Src/uart4.o
                0x08003500                uartRB_Getc
 *fill*         0x0800355a        0x2 
 .text.MX_UART4_Init
                0x0800355c       0x98 ./Core/Src/usart.o
                0x0800355c                MX_UART4_Init
 .text.MX_UART5_Init
                0x080035f4       0x98 ./Core/Src/usart.o
                0x080035f4                MX_UART5_Init
 .text.MX_USART1_UART_Init
                0x0800368c       0x98 ./Core/Src/usart.o
                0x0800368c                MX_USART1_UART_Init
 .text.MX_USART2_UART_Init
                0x08003724       0x9c ./Core/Src/usart.o
                0x08003724                MX_USART2_UART_Init
 .text.MX_USART3_UART_Init
                0x080037c0       0x9c ./Core/Src/usart.o
                0x080037c0                MX_USART3_UART_Init
 .text.HAL_UART_MspInit
                0x0800385c      0x3b4 ./Core/Src/usart.o
                0x0800385c                HAL_UART_MspInit
 .text.zentrale_init
                0x08003c10       0x40 ./Core/Src/zentrale.o
                0x08003c10                zentrale_init
 .text.z_update_power_errors
                0x08003c50       0x4c ./Core/Src/zentrale.o
 .text.zentrale
                0x08003c9c      0x1d4 ./Core/Src/zentrale.o
                0x08003c9c                zentrale
 .text.z_set_status_tend
                0x08003e70       0x2c ./Core/Src/zentrale.o
                0x08003e70                z_set_status_tend
 .text.z_set_error
                0x08003e9c       0x3c ./Core/Src/zentrale.o
                0x08003e9c                z_set_error
 .text.z_mfc_set
                0x08003ed8       0x4c ./Core/Src/zentrale.o
                0x08003ed8                z_mfc_set
 .text.z_mfc_get
                0x08003f24       0x4c ./Core/Src/zentrale.o
                0x08003f24                z_mfc_get
 .text.z_mfc_close
                0x08003f70       0x48 ./Core/Src/zentrale.o
                0x08003f70                z_mfc_close
 .text.gb_do    0x08003fb8       0x3a ./Core/Src/zentrale.o
 .text.gb_get16
                0x08003ff2       0x3a ./Core/Src/zentrale.o
 .text.z_valve_open
                0x0800402c       0x28 ./Core/Src/zentrale.o
                0x0800402c                z_valve_open
 .text.z_valve_close
                0x08004054       0x28 ./Core/Src/zentrale.o
                0x08004054                z_valve_close
 .text.z_valve_get
                0x0800407c       0x2a ./Core/Src/zentrale.o
                0x0800407c                z_valve_get
 .text.z_gb_err_clr
                0x080040a6       0x1c ./Core/Src/zentrale.o
                0x080040a6                z_gb_err_clr
 .text.z_gb_err_get
                0x080040c2       0x24 ./Core/Src/zentrale.o
                0x080040c2                z_gb_err_get
 *fill*         0x080040e6        0x2 
 .text.z_cmd_scheduler
                0x080040e8       0xdc ./Core/Src/zentrale_cmd_sero.o
                0x080040e8                z_cmd_scheduler
 .text.z_cmd_sero
                0x080041c4      0x318 ./Core/Src/zentrale_cmd_sero.o
                0x080041c4                z_cmd_sero
 .text.Reset_Handler
                0x080044dc       0x50 ./Core/Startup/startup_stm32g473vetx.o
                0x080044dc                Reset_Handler
 .text.Default_Handler
                0x0800452c        0x2 ./Core/Startup/startup_stm32g473vetx.o
                0x0800452c                RTC_Alarm_IRQHandler
                0x0800452c                EXTI2_IRQHandler
                0x0800452c                TIM8_TRG_COM_IRQHandler
                0x0800452c                TIM8_CC_IRQHandler
                0x0800452c                SPI4_IRQHandler
                0x0800452c                FDCAN3_IT0_IRQHandler
                0x0800452c                TIM1_CC_IRQHandler
                0x0800452c                USB_HP_IRQHandler
                0x0800452c                CORDIC_IRQHandler
                0x0800452c                DMA2_Channel8_IRQHandler
                0x0800452c                EXTI3_IRQHandler
                0x0800452c                I2C3_ER_IRQHandler
                0x0800452c                EXTI0_IRQHandler
                0x0800452c                I2C2_EV_IRQHandler
                0x0800452c                FPU_IRQHandler
                0x0800452c                FDCAN1_IT1_IRQHandler
                0x0800452c                TIM1_UP_TIM16_IRQHandler
                0x0800452c                ADC1_2_IRQHandler
                0x0800452c                SPI1_IRQHandler
                0x0800452c                TIM6_DAC_IRQHandler
                0x0800452c                TIM8_UP_IRQHandler
                0x0800452c                DMA2_Channel2_IRQHandler
                0x0800452c                DMA1_Channel4_IRQHandler
                0x0800452c                TIM20_TRG_COM_IRQHandler
                0x0800452c                USART3_IRQHandler
                0x0800452c                DMA1_Channel7_IRQHandler
                0x0800452c                UART5_IRQHandler
                0x0800452c                ADC3_IRQHandler
                0x0800452c                TIM4_IRQHandler
                0x0800452c                DMA2_Channel1_IRQHandler
                0x0800452c                QUADSPI_IRQHandler
                0x0800452c                I2C1_EV_IRQHandler
                0x0800452c                DMA1_Channel6_IRQHandler
                0x0800452c                UART4_IRQHandler
                0x0800452c                DMA2_Channel4_IRQHandler
                0x0800452c                TIM3_IRQHandler
                0x0800452c                RCC_IRQHandler
                0x0800452c                TIM20_UP_IRQHandler
                0x0800452c                DMA1_Channel1_IRQHandler
                0x0800452c                Default_Handler
                0x0800452c                DMA2_Channel7_IRQHandler
                0x0800452c                RTC_TAMP_LSECSS_IRQHandler
                0x0800452c                FMAC_IRQHandler
                0x0800452c                EXTI15_10_IRQHandler
                0x0800452c                DMA1_Channel8_IRQHandler
                0x0800452c                TIM7_DAC_IRQHandler
                0x0800452c                FDCAN3_IT1_IRQHandler
                0x0800452c                TIM5_IRQHandler
                0x0800452c                UCPD1_IRQHandler
                0x0800452c                I2C3_EV_IRQHandler
                0x0800452c                EXTI9_5_IRQHandler
                0x0800452c                RTC_WKUP_IRQHandler
                0x0800452c                PVD_PVM_IRQHandler
                0x0800452c                SPI2_IRQHandler
                0x0800452c                ADC5_IRQHandler
                0x0800452c                DMA2_Channel5_IRQHandler
                0x0800452c                CRS_IRQHandler
                0x0800452c                DMA1_Channel5_IRQHandler
                0x0800452c                USB_LP_IRQHandler
                0x0800452c                EXTI4_IRQHandler
                0x0800452c                RNG_IRQHandler
                0x0800452c                TIM1_TRG_COM_TIM17_IRQHandler
                0x0800452c                FDCAN2_IT1_IRQHandler
                0x0800452c                DMA1_Channel3_IRQHandler
                0x0800452c                ADC4_IRQHandler
                0x0800452c                WWDG_IRQHandler
                0x0800452c                I2C4_EV_IRQHandler
                0x0800452c                FDCAN2_IT0_IRQHandler
                0x0800452c                LPUART1_IRQHandler
                0x0800452c                DMA2_Channel6_IRQHandler
                0x0800452c                FDCAN1_IT0_IRQHandler
                0x0800452c                TIM2_IRQHandler
                0x0800452c                COMP7_IRQHandler
                0x0800452c                COMP1_2_3_IRQHandler
                0x0800452c                EXTI1_IRQHandler
                0x0800452c                USART2_IRQHandler
                0x0800452c                COMP4_5_6_IRQHandler
                0x0800452c                TIM20_BRK_IRQHandler
                0x0800452c                I2C2_ER_IRQHandler
                0x0800452c                DMA1_Channel2_IRQHandler
                0x0800452c                TIM8_BRK_IRQHandler
                0x0800452c                FLASH_IRQHandler
                0x0800452c                TIM20_CC_IRQHandler
                0x0800452c                USART1_IRQHandler
                0x0800452c                SPI3_IRQHandler
                0x0800452c                I2C1_ER_IRQHandler
                0x0800452c                FMC_IRQHandler
                0x0800452c                LPTIM1_IRQHandler
                0x0800452c                DMAMUX_OVR_IRQHandler
                0x0800452c                I2C4_ER_IRQHandler
                0x0800452c                USBWakeUp_IRQHandler
                0x0800452c                SAI1_IRQHandler
                0x0800452c                DMA2_Channel3_IRQHandler
                0x0800452c                TIM1_BRK_TIM15_IRQHandler
 .text.HAL_Init
                0x0800452e       0x30 ./Drivers/STM32G4xx_HAL_Driver/Src/stm32g4xx_hal.o
                0x0800452e                HAL_Init
 *fill*         0x0800455e        0x2 
 .text.HAL_InitTick
                0x08004560       0x74 ./Drivers/STM32G4xx_HAL_Driver/Src/stm32g4xx_hal.o
                0x08004560                HAL_InitTick
 .text.HAL_IncTick
                0x080045d4       0x24 ./Drivers/STM32G4xx_HAL_Driver/Src/stm32g4xx_hal.o
                0x080045d4                HAL_IncTick
 .text.HAL_GetTick
                0x080045f8       0x18 ./Drivers/STM32G4xx_HAL_Driver/Src/stm32g4xx_hal.o
                0x080045f8                HAL_GetTick
 .text.HAL_Delay
                0x08004610       0x44 ./Drivers/STM32G4xx_HAL_Driver/Src/stm32g4xx_hal.o
                0x08004610                HAL_Delay
 .text.LL_ADC_SetCommonClock
                0x08004654       0x26 ./Drivers/STM32G4xx_HAL_Driver/Src/stm32g4xx_hal_adc.o
 .text.LL_ADC_SetCommonPathInternalCh
                0x0800467a       0x26 ./Drivers/STM32G4xx_HAL_Driver/Src/stm32g4xx_hal_adc.o
 .text.LL_ADC_GetCommonPathInternalCh
                0x080046a0       0x1c ./Drivers/STM32G4xx_HAL_Driver/Src/stm32g4xx_hal_adc.o
 .text.LL_ADC_SetOffset
                0x080046bc       0x48 ./Drivers/STM32G4xx_HAL_Driver/Src/stm32g4xx_hal_adc.o
 .text.LL_ADC_GetOffsetChannel
                0x08004704       0x2c ./Drivers/STM32G4xx_HAL_Driver/Src/stm32g4xx_hal_adc.o
 .text.LL_ADC_SetOffsetState
                0x08004730       0x36 ./Drivers/STM32G4xx_HAL_Driver/Src/stm32g4xx_hal_adc.o
 .text.LL_ADC_SetOffsetSign
                0x08004766       0x36 ./Drivers/STM32G4xx_HAL_Driver/Src/stm32g4xx_hal_adc.o
 .text.LL_ADC_SetOffsetSaturation
                0x0800479c       0x36 ./Drivers/STM32G4xx_HAL_Driver/Src/stm32g4xx_hal_adc.o
 .text.LL_ADC_SetSamplingTimeCommonConfig
                0x080047d2       0x26 ./Drivers/STM32G4xx_HAL_Driver/Src/stm32g4xx_hal_adc.o
 .text.LL_ADC_REG_SetSequencerRanks
                0x080047f8       0x58 ./Drivers/STM32G4xx_HAL_Driver/Src/stm32g4xx_hal_adc.o
 .text.LL_ADC_SetChannelSamplingTime
                0x08004850       0x56 ./Drivers/STM32G4xx_HAL_Driver/Src/stm32g4xx_hal_adc.o
 *fill*         0x080048a6        0x2 
 .text.LL_ADC_SetChannelSingleDiff
                0x080048a8       0x48 ./Drivers/STM32G4xx_HAL_Driver/Src/stm32g4xx_hal_adc.o
 .text.LL_ADC_DisableDeepPowerDown
                0x080048f0       0x24 ./Drivers/STM32G4xx_HAL_Driver/Src/stm32g4xx_hal_adc.o
 .text.LL_ADC_IsDeepPowerDownEnabled
                0x08004914       0x28 ./Drivers/STM32G4xx_HAL_Driver/Src/stm32g4xx_hal_adc.o
 .text.LL_ADC_EnableInternalRegulator
                0x0800493c       0x28 ./Drivers/STM32G4xx_HAL_Driver/Src/stm32g4xx_hal_adc.o
 .text.LL_ADC_IsInternalRegulatorEnabled
                0x08004964       0x28 ./Drivers/STM32G4xx_HAL_Driver/Src/stm32g4xx_hal_adc.o
 .text.LL_ADC_IsEnabled
                0x0800498c       0x26 ./Drivers/STM32G4xx_HAL_Driver/Src/stm32g4xx_hal_adc.o
 .text.LL_ADC_REG_IsConversionOngoing
                0x080049b2       0x26 ./Drivers/STM32G4xx_HAL_Driver/Src/stm32g4xx_hal_adc.o
 .text.LL_ADC_INJ_IsConversionOngoing
                0x080049d8       0x26 ./Drivers/STM32G4xx_HAL_Driver/Src/stm32g4xx_hal_adc.o
 *fill*         0x080049fe        0x2 
 .text.HAL_ADC_Init
                0x08004a00      0x378 ./Drivers/STM32G4xx_HAL_Driver/Src/stm32g4xx_hal_adc.o
                0x08004a00                HAL_ADC_Init
 .text.HAL_ADC_ConfigChannel
                0x08004d78      0x880 ./Drivers/STM32G4xx_HAL_Driver/Src/stm32g4xx_hal_adc.o
                0x08004d78                HAL_ADC_ConfigChannel
 .text.__NVIC_SetPriorityGrouping
                0x080055f8       0x48 ./Drivers/STM32G4xx_HAL_Driver/Src/stm32g4xx_hal_cortex.o
 .text.__NVIC_GetPriorityGrouping
                0x08005640       0x1c ./Drivers/STM32G4xx_HAL_Driver/Src/stm32g4xx_hal_cortex.o
 .text.__NVIC_EnableIRQ
                0x0800565c       0x3c ./Drivers/STM32G4xx_HAL_Driver/Src/stm32g4xx_hal_cortex.o
 .text.__NVIC_DisableIRQ
                0x08005698       0x48 ./Drivers/STM32G4xx_HAL_Driver/Src/stm32g4xx_hal_cortex.o
 .text.__NVIC_SetPriority
                0x080056e0       0x54 ./Drivers/STM32G4xx_HAL_Driver/Src/stm32g4xx_hal_cortex.o
 .text.NVIC_EncodePriority
                0x08005734       0x66 ./Drivers/STM32G4xx_HAL_Driver/Src/stm32g4xx_hal_cortex.o
 *fill*         0x0800579a        0x2 
 .text.SysTick_Config
                0x0800579c       0x44 ./Drivers/STM32G4xx_HAL_Driver/Src/stm32g4xx_hal_cortex.o
 .text.HAL_NVIC_SetPriorityGrouping
                0x080057e0       0x16 ./Drivers/STM32G4xx_HAL_Driver/Src/stm32g4xx_hal_cortex.o
                0x080057e0                HAL_NVIC_SetPriorityGrouping
 .text.HAL_NVIC_SetPriority
                0x080057f6       0x34 ./Drivers/STM32G4xx_HAL_Driver/Src/stm32g4xx_hal_cortex.o
                0x080057f6                HAL_NVIC_SetPriority
 .text.HAL_NVIC_EnableIRQ
                0x0800582a       0x1c ./Drivers/STM32G4xx_HAL_Driver/Src/stm32g4xx_hal_cortex.o
                0x0800582a                HAL_NVIC_EnableIRQ
 .text.HAL_NVIC_DisableIRQ
                0x08005846       0x1c ./Drivers/STM32G4xx_HAL_Driver/Src/stm32g4xx_hal_cortex.o
                0x08005846                HAL_NVIC_DisableIRQ
 .text.HAL_SYSTICK_Config
                0x08005862       0x18 ./Drivers/STM32G4xx_HAL_Driver/Src/stm32g4xx_hal_cortex.o
                0x08005862                HAL_SYSTICK_Config
 *fill*         0x0800587a        0x2 
 .text.HAL_GPIO_Init
                0x0800587c      0x304 ./Drivers/STM32G4xx_HAL_Driver/Src/stm32g4xx_hal_gpio.o
                0x0800587c                HAL_GPIO_Init
 .text.HAL_GPIO_DeInit
                0x08005b80      0x1c4 ./Drivers/STM32G4xx_HAL_Driver/Src/stm32g4xx_hal_gpio.o
                0x08005b80                HAL_GPIO_DeInit
 .text.HAL_GPIO_ReadPin
                0x08005d44       0x30 ./Drivers/STM32G4xx_HAL_Driver/Src/stm32g4xx_hal_gpio.o
                0x08005d44                HAL_GPIO_ReadPin
 .text.HAL_GPIO_WritePin
                0x08005d74       0x30 ./Drivers/STM32G4xx_HAL_Driver/Src/stm32g4xx_hal_gpio.o
                0x08005d74                HAL_GPIO_WritePin
 .text.HAL_GPIO_TogglePin
                0x08005da4       0x34 ./Drivers/STM32G4xx_HAL_Driver/Src/stm32g4xx_hal_gpio.o
                0x08005da4                HAL_GPIO_TogglePin
 .text.HAL_PWREx_ControlVoltageScaling
                0x08005dd8      0x148 ./Drivers/STM32G4xx_HAL_Driver/Src/stm32g4xx_hal_pwr_ex.o
                0x08005dd8                HAL_PWREx_ControlVoltageScaling
 .text.HAL_PWREx_DisableUCPDDeadBattery
                0x08005f20       0x20 ./Drivers/STM32G4xx_HAL_Driver/Src/stm32g4xx_hal_pwr_ex.o
                0x08005f20                HAL_PWREx_DisableUCPDDeadBattery
 .text.HAL_RCC_OscConfig
                0x08005f40      0x624 ./Drivers/STM32G4xx_HAL_Driver/Src/stm32g4xx_hal_rcc.o
                0x08005f40                HAL_RCC_OscConfig
 .text.HAL_RCC_ClockConfig
                0x08006564      0x278 ./Drivers/STM32G4xx_HAL_Driver/Src/stm32g4xx_hal_rcc.o
                0x08006564                HAL_RCC_ClockConfig
 .text.HAL_RCC_GetSysClockFreq
                0x080067dc       0xc4 ./Drivers/STM32G4xx_HAL_Driver/Src/stm32g4xx_hal_rcc.o
                0x080067dc                HAL_RCC_GetSysClockFreq
 .text.HAL_RCC_GetHCLKFreq
                0x080068a0       0x18 ./Drivers/STM32G4xx_HAL_Driver/Src/stm32g4xx_hal_rcc.o
                0x080068a0                HAL_RCC_GetHCLKFreq
 .text.HAL_RCC_GetPCLK1Freq
                0x080068b8       0x2c ./Drivers/STM32G4xx_HAL_Driver/Src/stm32g4xx_hal_rcc.o
                0x080068b8                HAL_RCC_GetPCLK1Freq
 .text.HAL_RCC_GetPCLK2Freq
                0x080068e4       0x2c ./Drivers/STM32G4xx_HAL_Driver/Src/stm32g4xx_hal_rcc.o
                0x080068e4                HAL_RCC_GetPCLK2Freq
 .text.RCC_GetSysClockFreqFromPLLSource
                0x08006910       0x8c ./Drivers/STM32G4xx_HAL_Driver/Src/stm32g4xx_hal_rcc.o
 .text.HAL_RCCEx_PeriphCLKConfig
                0x0800699c      0x49c ./Drivers/STM32G4xx_HAL_Driver/Src/stm32g4xx_hal_rcc_ex.o
                0x0800699c                HAL_RCCEx_PeriphCLKConfig
 .text.HAL_SPI_Init
                0x08006e38      0x156 ./Drivers/STM32G4xx_HAL_Driver/Src/stm32g4xx_hal_spi.o
                0x08006e38                HAL_SPI_Init
 .text.HAL_SPI_DeInit
                0x08006f8e       0x50 ./Drivers/STM32G4xx_HAL_Driver/Src/stm32g4xx_hal_spi.o
                0x08006f8e                HAL_SPI_DeInit
 .text.HAL_SPI_TransmitReceive
                0x08006fde      0x43e ./Drivers/STM32G4xx_HAL_Driver/Src/stm32g4xx_hal_spi.o
                0x08006fde                HAL_SPI_TransmitReceive
 .text.SPI_WaitFlagStateUntilTimeout
                0x0800741c      0x110 ./Drivers/STM32G4xx_HAL_Driver/Src/stm32g4xx_hal_spi.o
 .text.SPI_WaitFifoStateUntilTimeout
                0x0800752c      0x12c ./Drivers/STM32G4xx_HAL_Driver/Src/stm32g4xx_hal_spi.o
 .text.SPI_EndRxTxTransaction
                0x08007658       0x8c ./Drivers/STM32G4xx_HAL_Driver/Src/stm32g4xx_hal_spi.o
 .text.HAL_TIM_Base_Init
                0x080076e4       0xae ./Drivers/STM32G4xx_HAL_Driver/Src/stm32g4xx_hal_tim.o
                0x080076e4                HAL_TIM_Base_Init
 *fill*         0x08007792        0x2 
 .text.HAL_TIM_ConfigClockSource
                0x08007794      0x218 ./Drivers/STM32G4xx_HAL_Driver/Src/stm32g4xx_hal_tim.o
                0x08007794                HAL_TIM_ConfigClockSource
 .text.HAL_TIM_SlaveConfigSynchro
                0x080079ac       0x84 ./Drivers/STM32G4xx_HAL_Driver/Src/stm32g4xx_hal_tim.o
                0x080079ac                HAL_TIM_SlaveConfigSynchro
 .text.TIM_Base_SetConfig
                0x08007a30      0x168 ./Drivers/STM32G4xx_HAL_Driver/Src/stm32g4xx_hal_tim.o
                0x08007a30                TIM_Base_SetConfig
 .text.TIM_SlaveTimer_SetConfig
                0x08007b98      0x1ac ./Drivers/STM32G4xx_HAL_Driver/Src/stm32g4xx_hal_tim.o
 .text.TIM_TI1_ConfigInputStage
                0x08007d44       0x5e ./Drivers/STM32G4xx_HAL_Driver/Src/stm32g4xx_hal_tim.o
 .text.TIM_TI2_ConfigInputStage
                0x08007da2       0x60 ./Drivers/STM32G4xx_HAL_Driver/Src/stm32g4xx_hal_tim.o
 .text.TIM_ITRx_SetConfig
                0x08007e02       0x3a ./Drivers/STM32G4xx_HAL_Driver/Src/stm32g4xx_hal_tim.o
 .text.TIM_ETR_SetConfig
                0x08007e3c       0x40 ./Drivers/STM32G4xx_HAL_Driver/Src/stm32g4xx_hal_tim.o
                0x08007e3c                TIM_ETR_SetConfig
 .text.HAL_TIMEx_MasterConfigSynchronization
                0x08007e7c      0x12c ./Drivers/STM32G4xx_HAL_Driver/Src/stm32g4xx_hal_tim_ex.o
                0x08007e7c                HAL_TIMEx_MasterConfigSynchronization
 .text.HAL_UART_Init
                0x08007fa8       0xa0 ./Drivers/STM32G4xx_HAL_Driver/Src/stm32g4xx_hal_uart.o
                0x08007fa8                HAL_UART_Init
 .text.HAL_UART_Transmit_IT
                0x08008048      0x128 ./Drivers/STM32G4xx_HAL_Driver/Src/stm32g4xx_hal_uart.o
                0x08008048                HAL_UART_Transmit_IT
 .text.HAL_UART_Receive_IT
                0x08008170       0x98 ./Drivers/STM32G4xx_HAL_Driver/Src/stm32g4xx_hal_uart.o
                0x08008170                HAL_UART_Receive_IT
 .text.HAL_UART_ErrorCallback
                0x08008208       0x14 ./Drivers/STM32G4xx_HAL_Driver/Src/stm32g4xx_hal_uart.o
                0x08008208                HAL_UART_ErrorCallback
 .text.HAL_UARTEx_RxEventCallback
                0x0800821c       0x18 ./Drivers/STM32G4xx_HAL_Driver/Src/stm32g4xx_hal_uart.o
                0x0800821c                HAL_UARTEx_RxEventCallback
 .text.UART_SetConfig
                0x08008234      0x5f8 ./Drivers/STM32G4xx_HAL_Driver/Src/stm32g4xx_hal_uart.o
                0x08008234                UART_SetConfig
 .text.UART_AdvFeatureConfig
                0x0800882c      0x144 ./Drivers/STM32G4xx_HAL_Driver/Src/stm32g4xx_hal_uart.o
                0x0800882c                UART_AdvFeatureConfig
 .text.UART_CheckIdleState
                0x08008970      0x154 ./Drivers/STM32G4xx_HAL_Driver/Src/stm32g4xx_hal_uart.o
                0x08008970                UART_CheckIdleState
 .text.UART_WaitOnFlagUntilTimeout
                0x08008ac4       0xda ./Drivers/STM32G4xx_HAL_Driver/Src/stm32g4xx_hal_uart.o
                0x08008ac4                UART_WaitOnFlagUntilTimeout
 *fill*         0x08008b9e        0x2 
 .text.UART_Start_Receive_IT
                0x08008ba0      0x244 ./Drivers/STM32G4xx_HAL_Driver/Src/stm32g4xx_hal_uart.o
                0x08008ba0                UART_Start_Receive_IT
 .text.UART_EndRxTransfer
                0x08008de4       0xcc ./Drivers/STM32G4xx_HAL_Driver/Src/stm32g4xx_hal_uart.o
 .text.UART_TxISR_8BIT
                0x08008eb0       0xb8 ./Drivers/STM32G4xx_HAL_Driver/Src/stm32g4xx_hal_uart.o
 .text.UART_TxISR_16BIT
                0x08008f68       0xc2 ./Drivers/STM32G4xx_HAL_Driver/Src/stm32g4xx_hal_uart.o
 .text.UART_TxISR_8BIT_FIFOEN
                0x0800902a       0xe0 ./Drivers/STM32G4xx_HAL_Driver/Src/stm32g4xx_hal_uart.o
 .text.UART_TxISR_16BIT_FIFOEN
                0x0800910a       0xea ./Drivers/STM32G4xx_HAL_Driver/Src/stm32g4xx_hal_uart.o
 .text.UART_RxISR_8BIT
                0x080091f4      0x1b8 ./Drivers/STM32G4xx_HAL_Driver/Src/stm32g4xx_hal_uart.o
 .text.UART_RxISR_16BIT
                0x080093ac      0x1b8 ./Drivers/STM32G4xx_HAL_Driver/Src/stm32g4xx_hal_uart.o
 .text.UART_RxISR_8BIT_FIFOEN
                0x08009564      0x364 ./Drivers/STM32G4xx_HAL_Driver/Src/stm32g4xx_hal_uart.o
 .text.UART_RxISR_16BIT_FIFOEN
                0x080098c8      0x36c ./Drivers/STM32G4xx_HAL_Driver/Src/stm32g4xx_hal_uart.o
 .text.HAL_UARTEx_DisableFifoMode
                0x08009c34       0x72 ./Drivers/STM32G4xx_HAL_Driver/Src/stm32g4xx_hal_uart_ex.o
                0x08009c34                HAL_UARTEx_DisableFifoMode
 .text.HAL_UARTEx_SetTxFifoThreshold
                0x08009ca6       0x7c ./Drivers/STM32G4xx_HAL_Driver/Src/stm32g4xx_hal_uart_ex.o
                0x08009ca6                HAL_UARTEx_SetTxFifoThreshold
 .text.HAL_UARTEx_SetRxFifoThreshold
                0x08009d22       0x7c ./Drivers/STM32G4xx_HAL_Driver/Src/stm32g4xx_hal_uart_ex.o
                0x08009d22                HAL_UARTEx_SetRxFifoThreshold
 *fill*         0x08009d9e        0x2 
 .text.UARTEx_SetNbDataToProcess
                0x08009da0       0x9c ./Drivers/STM32G4xx_HAL_Driver/Src/stm32g4xx_hal_uart_ex.o
 .text.sprintf  0x08009e3c       0x40 C:/ST/STM32CubeIDE_1.16.1/STM32CubeIDE/plugins/com.st.stm32cube.ide.mcu.externaltools.gnu-tools-for-stm32.12.3.rel1.win32_1.0.200.202406191623/tools/bin/../lib/gcc/arm-none-eabi/12.3.1/../../../../arm-none-eabi/lib/thumb/v7e-m+fp/hard\libc_nano.a(libc_a-sprintf.o)
                0x08009e3c                siprintf
                0x08009e3c                sprintf
 .text.memset   0x08009e7c       0x10 C:/ST/STM32CubeIDE_1.16.1/STM32CubeIDE/plugins/com.st.stm32cube.ide.mcu.externaltools.gnu-tools-for-stm32.12.3.rel1.win32_1.0.200.202406191623/tools/bin/../lib/gcc/arm-none-eabi/12.3.1/../../../../arm-none-eabi/lib/thumb/v7e-m+fp/hard\libc_nano.a(libc_a-memset.o)
                0x08009e7c                memset
 .text.strcat   0x08009e8c       0x1e C:/ST/STM32CubeIDE_1.16.1/STM32CubeIDE/plugins/com.st.stm32cube.ide.mcu.externaltools.gnu-tools-for-stm32.12.3.rel1.win32_1.0.200.202406191623/tools/bin/../lib/gcc/arm-none-eabi/12.3.1/../../../../arm-none-eabi/lib/thumb/v7e-m+fp/hard\libc_nano.a(libc_a-strcat.o)
                0x08009e8c                strcat
 *fill*         0x08009eaa        0x2 
 .text.__errno  0x08009eac        0xc C:/ST/STM32CubeIDE_1.16.1/STM32CubeIDE/plugins/com.st.stm32cube.ide.mcu.externaltools.gnu-tools-for-stm32.12.3.rel1.win32_1.0.200.202406191623/tools/bin/../lib/gcc/arm-none-eabi/12.3.1/../../../../arm-none-eabi/lib/thumb/v7e-m+fp/hard\libc_nano.a(libc_a-errno.o)
                0x08009eac                __errno
 .text.__libc_init_array
                0x08009eb8       0x48 C:/ST/STM32CubeIDE_1.16.1/STM32CubeIDE/plugins/com.st.stm32cube.ide.mcu.externaltools.gnu-tools-for-stm32.12.3.rel1.win32_1.0.200.202406191623/tools/bin/../lib/gcc/arm-none-eabi/12.3.1/../../../../arm-none-eabi/lib/thumb/v7e-m+fp/hard\libc_nano.a(libc_a-init.o)
                0x08009eb8                __libc_init_array
 .text.__retarget_lock_acquire_recursive
                0x08009f00        0x2 C:/ST/STM32CubeIDE_1.16.1/STM32CubeIDE/plugins/com.st.stm32cube.ide.mcu.externaltools.gnu-tools-for-stm32.12.3.rel1.win32_1.0.200.202406191623/tools/bin/../lib/gcc/arm-none-eabi/12.3.1/../../../../arm-none-eabi/lib/thumb/v7e-m+fp/hard\libc_nano.a(libc_a-lock.o)
                0x08009f00                __retarget_lock_acquire_recursive
 .text.__retarget_lock_release_recursive
                0x08009f02        0x2 C:/ST/STM32CubeIDE_1.16.1/STM32CubeIDE/plugins/com.st.stm32cube.ide.mcu.externaltools.gnu-tools-for-stm32.12.3.rel1.win32_1.0.200.202406191623/tools/bin/../lib/gcc/arm-none-eabi/12.3.1/../../../../arm-none-eabi/lib/thumb/v7e-m+fp/hard\libc_nano.a(libc_a-lock.o)
                0x08009f02                __retarget_lock_release_recursive
 .text._free_r  0x08009f04       0x94 C:/ST/STM32CubeIDE_1.16.1/STM32CubeIDE/plugins/com.st.stm32cube.ide.mcu.externaltools.gnu-tools-for-stm32.12.3.rel1.win32_1.0.200.202406191623/tools/bin/../lib/gcc/arm-none-eabi/12.3.1/../../../../arm-none-eabi/lib/thumb/v7e-m+fp/hard\libc_nano.a(libc_a-freer.o)
                0x08009f04                _free_r
 .text.sbrk_aligned
                0x08009f98       0x44 C:/ST/STM32CubeIDE_1.16.1/STM32CubeIDE/plugins/com.st.stm32cube.ide.mcu.externaltools.gnu-tools-for-stm32.12.3.rel1.win32_1.0.200.202406191623/tools/bin/../lib/gcc/arm-none-eabi/12.3.1/../../../../arm-none-eabi/lib/thumb/v7e-m+fp/hard\libc_nano.a(libc_a-mallocr.o)
 .text._malloc_r
                0x08009fdc      0x100 C:/ST/STM32CubeIDE_1.16.1/STM32CubeIDE/plugins/com.st.stm32cube.ide.mcu.externaltools.gnu-tools-for-stm32.12.3.rel1.win32_1.0.200.202406191623/tools/bin/../lib/gcc/arm-none-eabi/12.3.1/../../../../arm-none-eabi/lib/thumb/v7e-m+fp/hard\libc_nano.a(libc_a-mallocr.o)
                0x08009fdc                _malloc_r
 .text.__malloc_lock
                0x0800a0dc        0xc C:/ST/STM32CubeIDE_1.16.1/STM32CubeIDE/plugins/com.st.stm32cube.ide.mcu.externaltools.gnu-tools-for-stm32.12.3.rel1.win32_1.0.200.202406191623/tools/bin/../lib/gcc/arm-none-eabi/12.3.1/../../../../arm-none-eabi/lib/thumb/v7e-m+fp/hard\libc_nano.a(libc_a-mlock.o)
                0x0800a0dc                __malloc_lock
 .text.__malloc_unlock
                0x0800a0e8        0xc C:/ST/STM32CubeIDE_1.16.1/STM32CubeIDE/plugins/com.st.stm32cube.ide.mcu.externaltools.gnu-tools-for-stm32.12.3.rel1.win32_1.0.200.202406191623/tools/bin/../lib/gcc/arm-none-eabi/12.3.1/../../../../arm-none-eabi/lib/thumb/v7e-m+fp/hard\libc_nano.a(libc_a-mlock.o)
                0x0800a0e8                __malloc_unlock
 .text.__ssputs_r
                0x0800a0f4       0xb6 C:/ST/STM32CubeIDE_1.16.1/STM32CubeIDE/plugins/com.st.stm32cube.ide.mcu.externaltools.gnu-tools-for-stm32.12.3.rel1.win32_1.0.200.202406191623/tools/bin/../lib/gcc/arm-none-eabi/12.3.1/../../../../arm-none-eabi/lib/thumb/v7e-m+fp/hard\libc_nano.a(libc_a-nano-svfprintf.o)
                0x0800a0f4                __ssputs_r
 *fill*         0x0800a1aa        0x2 
 .text._svfprintf_r
                0x0800a1ac      0x1f8 C:/ST/STM32CubeIDE_1.16.1/STM32CubeIDE/plugins/com.st.stm32cube.ide.mcu.externaltools.gnu-tools-for-stm32.12.3.rel1.win32_1.0.200.202406191623/tools/bin/../lib/gcc/arm-none-eabi/12.3.1/../../../../arm-none-eabi/lib/thumb/v7e-m+fp/hard\libc_nano.a(libc_a-nano-svfprintf.o)
                0x0800a1ac                _svfiprintf_r
                0x0800a1ac                _svfprintf_r
 .text._printf_common
                0x0800a3a4       0xda C:/ST/STM32CubeIDE_1.16.1/STM32CubeIDE/plugins/com.st.stm32cube.ide.mcu.externaltools.gnu-tools-for-stm32.12.3.rel1.win32_1.0.200.202406191623/tools/bin/../lib/gcc/arm-none-eabi/12.3.1/../../../../arm-none-eabi/lib/thumb/v7e-m+fp/hard\libc_nano.a(libc_a-nano-vfprintf_i.o)
                0x0800a3a4                _printf_common
 *fill*         0x0800a47e        0x2 
 .text._printf_i
                0x0800a480      0x240 C:/ST/STM32CubeIDE_1.16.1/STM32CubeIDE/plugins/com.st.stm32cube.ide.mcu.externaltools.gnu-tools-for-stm32.12.3.rel1.win32_1.0.200.202406191623/tools/bin/../lib/gcc/arm-none-eabi/12.3.1/../../../../arm-none-eabi/lib/thumb/v7e-m+fp/hard\libc_nano.a(libc_a-nano-vfprintf_i.o)
                0x0800a480                _printf_i
 .text.memmove  0x0800a6c0       0x34 C:/ST/STM32CubeIDE_1.16.1/STM32CubeIDE/plugins/com.st.stm32cube.ide.mcu.externaltools.gnu-tools-for-stm32.12.3.rel1.win32_1.0.200.202406191623/tools/bin/../lib/gcc/arm-none-eabi/12.3.1/../../../../arm-none-eabi/lib/thumb/v7e-m+fp/hard\libc_nano.a(libc_a-memmove.o)
                0x0800a6c0                memmove
 .text._sbrk_r  0x0800a6f4       0x20 C:/ST/STM32CubeIDE_1.16.1/STM32CubeIDE/plugins/com.st.stm32cube.ide.mcu.externaltools.gnu-tools-for-stm32.12.3.rel1.win32_1.0.200.202406191623/tools/bin/../lib/gcc/arm-none-eabi/12.3.1/../../../../arm-none-eabi/lib/thumb/v7e-m+fp/hard\libc_nano.a(libc_a-sbrkr.o)
                0x0800a6f4                _sbrk_r
 .text.memcpy   0x0800a714       0x1c C:/ST/STM32CubeIDE_1.16.1/STM32CubeIDE/plugins/com.st.stm32cube.ide.mcu.externaltools.gnu-tools-for-stm32.12.3.rel1.win32_1.0.200.202406191623/tools/bin/../lib/gcc/arm-none-eabi/12.3.1/../../../../arm-none-eabi/lib/thumb/v7e-m+fp/hard\libc_nano.a(libc_a-memcpy-stub.o)
                0x0800a714                memcpy
 .text._realloc_r
                0x0800a730       0x5c C:/ST/STM32CubeIDE_1.16.1/STM32CubeIDE/plugins/com.st.stm32cube.ide.mcu.externaltools.gnu-tools-for-stm32.12.3.rel1.win32_1.0.200.202406191623/tools/bin/../lib/gcc/arm-none-eabi/12.3.1/../../../../arm-none-eabi/lib/thumb/v7e-m+fp/hard\libc_nano.a(libc_a-reallocr.o)
                0x0800a730                _realloc_r
 .text._malloc_usable_size_r
                0x0800a78c       0x10 C:/ST/STM32CubeIDE_1.16.1/STM32CubeIDE/plugins/com.st.stm32cube.ide.mcu.externaltools.gnu-tools-for-stm32.12.3.rel1.win32_1.0.200.202406191623/tools/bin/../lib/gcc/arm-none-eabi/12.3.1/../../../../arm-none-eabi/lib/thumb/v7e-m+fp/hard\libc_nano.a(libc_a-msizer.o)
                0x0800a78c                _malloc_usable_size_r
 *(.glue_7)
 .glue_7        0x0800a79c        0x0 linker stubs
 *(.glue_7t)
 .glue_7t       0x0800a79c        0x0 linker stubs
 *(.eh_frame)
 .eh_frame      0x0800a79c        0x0 C:/ST/STM32CubeIDE_1.16.1/STM32CubeIDE/plugins/com.st.stm32cube.ide.mcu.externaltools.gnu-tools-for-stm32.12.3.rel1.win32_1.0.200.202406191623/tools/bin/../lib/gcc/arm-none-eabi/12.3.1/thumb/v7e-m+fp/hard/crtbegin.o
 *(.init)
 .init          0x0800a79c        0x4 C:/ST/STM32CubeIDE_1.16.1/STM32CubeIDE/plugins/com.st.stm32cube.ide.mcu.externaltools.gnu-tools-for-stm32.12.3.rel1.win32_1.0.200.202406191623/tools/bin/../lib/gcc/arm-none-eabi/12.3.1/thumb/v7e-m+fp/hard/crti.o
                0x0800a79c                _init
 .init          0x0800a7a0        0x8 C:/ST/STM32CubeIDE_1.16.1/STM32CubeIDE/plugins/com.st.stm32cube.ide.mcu.externaltools.gnu-tools-for-stm32.12.3.rel1.win32_1.0.200.202406191623/tools/bin/../lib/gcc/arm-none-eabi/12.3.1/thumb/v7e-m+fp/hard/crtn.o
 *(.fini)
 .fini          0x0800a7a8        0x4 C:/ST/STM32CubeIDE_1.16.1/STM32CubeIDE/plugins/com.st.stm32cube.ide.mcu.externaltools.gnu-tools-for-stm32.12.3.rel1.win32_1.0.200.202406191623/tools/bin/../lib/gcc/arm-none-eabi/12.3.1/thumb/v7e-m+fp/hard/crti.o
                0x0800a7a8                _fini
 .fini          0x0800a7ac        0x8 C:/ST/STM32CubeIDE_1.16.1/STM32CubeIDE/plugins/com.st.stm32cube.ide.mcu.externaltools.gnu-tools-for-stm32.12.3.rel1.win32_1.0.200.202406191623/tools/bin/../lib/gcc/arm-none-eabi/12.3.1/thumb/v7e-m+fp/hard/crtn.o
                0x0800a7b4                        . = ALIGN (0x4)
                0x0800a7b4                        _etext = .

.vfp11_veneer   0x0800a7b4        0x0
 .vfp11_veneer  0x0800a7b4        0x0 linker stubs

.v4_bx          0x0800a7b4        0x0
 .v4_bx         0x0800a7b4        0x0 linker stubs

.iplt           0x0800a7b4        0x0
 .iplt          0x0800a7b4        0x0 C:/ST/STM32CubeIDE_1.16.1/STM32CubeIDE/plugins/com.st.stm32cube.ide.mcu.externaltools.gnu-tools-for-stm32.12.3.rel1.win32_1.0.200.202406191623/tools/bin/../lib/gcc/arm-none-eabi/12.3.1/thumb/v7e-m+fp/hard/crtbegin.o

.rodata         0x0800a7b4      0x338
                0x0800a7b4                        . = ALIGN (0x4)
 *(.rodata)
 .rodata        0x0800a7b4      0x1ad ./Core/Src/remote.o
 *(.rodata*)
 *fill*         0x0800a961        0x3 
 .rodata.ASCIICmdTable
                0x0800a964      0x108 ./Core/Src/remote.o
 .rodata.AHBPrescTable
                0x0800aa6c       0x10 ./Core/Src/system_stm32g4xx.o
                0x0800aa6c                AHBPrescTable
 .rodata.APBPrescTable
                0x0800aa7c        0x8 ./Core/Src/system_stm32g4xx.o
                0x0800aa7c                APBPrescTable
 .rodata.kMfc   0x0800aa84        0xc ./Core/Src/zentrale.o
 .rodata.UARTPrescTable
                0x0800aa90       0x18 ./Drivers/STM32G4xx_HAL_Driver/Src/stm32g4xx_hal_uart.o
                0x0800aa90                UARTPrescTable
 .rodata.numerator.1
                0x0800aaa8        0x8 ./Drivers/STM32G4xx_HAL_Driver/Src/stm32g4xx_hal_uart_ex.o
 .rodata.denominator.0
                0x0800aab0        0x8 ./Drivers/STM32G4xx_HAL_Driver/Src/stm32g4xx_hal_uart_ex.o
 .rodata._svfprintf_r.str1.1
                0x0800aab8       0x11 C:/ST/STM32CubeIDE_1.16.1/STM32CubeIDE/plugins/com.st.stm32cube.ide.mcu.externaltools.gnu-tools-for-stm32.12.3.rel1.win32_1.0.200.202406191623/tools/bin/../lib/gcc/arm-none-eabi/12.3.1/../../../../arm-none-eabi/lib/thumb/v7e-m+fp/hard\libc_nano.a(libc_a-nano-svfprintf.o)
 .rodata._printf_i.str1.1
                0x0800aac9       0x22 C:/ST/STM32CubeIDE_1.16.1/STM32CubeIDE/plugins/com.st.stm32cube.ide.mcu.externaltools.gnu-tools-for-stm32.12.3.rel1.win32_1.0.200.202406191623/tools/bin/../lib/gcc/arm-none-eabi/12.3.1/../../../../arm-none-eabi/lib/thumb/v7e-m+fp/hard\libc_nano.a(libc_a-nano-vfprintf_i.o)
                0x0800aaec                        . = ALIGN (0x4)
 *fill*         0x0800aaeb        0x1 

.ARM.extab      0x0800aaec        0x0
                0x0800aaec                        . = ALIGN (0x4)
 *(.ARM.extab* .gnu.linkonce.armextab.*)
                0x0800aaec                        . = ALIGN (0x4)

.ARM            0x0800aaec        0x8
                0x0800aaec                        . = ALIGN (0x4)
                0x0800aaec                        __exidx_start = .
 *(.ARM.exidx*)
 .ARM.exidx     0x0800aaec        0x8 C:/ST/STM32CubeIDE_1.16.1/STM32CubeIDE/plugins/com.st.stm32cube.ide.mcu.externaltools.gnu-tools-for-stm32.12.3.rel1.win32_1.0.200.202406191623/tools/bin/../lib/gcc/arm-none-eabi/12.3.1/../../../../arm-none-eabi/lib/thumb/v7e-m+fp/hard\libc_nano.a(libc_a-strcmp.o)
 .ARM.exidx     0x0800aaf4        0x0 C:/ST/STM32CubeIDE_1.16.1/STM32CubeIDE/plugins/com.st.stm32cube.ide.mcu.externaltools.gnu-tools-for-stm32.12.3.rel1.win32_1.0.200.202406191623/tools/bin/../lib/gcc/arm-none-eabi/12.3.1/../../../../arm-none-eabi/lib/thumb/v7e-m+fp/hard\libc_nano.a(libc_a-strlen.o)
                                  0x8 (size before relaxing)
 .ARM.exidx     0x0800aaf4        0x0 C:/ST/STM32CubeIDE_1.16.1/STM32CubeIDE/plugins/com.st.stm32cube.ide.mcu.externaltools.gnu-tools-for-stm32.12.3.rel1.win32_1.0.200.202406191623/tools/bin/../lib/gcc/arm-none-eabi/12.3.1/../../../../arm-none-eabi/lib/thumb/v7e-m+fp/hard\libc_nano.a(libc_a-memchr.o)
                                  0x8 (size before relaxing)
 .ARM.exidx     0x0800aaf4        0x0 C:/ST/STM32CubeIDE_1.16.1/STM32CubeIDE/plugins/com.st.stm32cube.ide.mcu.externaltools.gnu-tools-for-stm32.12.3.rel1.win32_1.0.200.202406191623/tools/bin/../lib/gcc/arm-none-eabi/12.3.1/thumb/v7e-m+fp/hard\libgcc.a(_udivmoddi4.o)
                                  0x8 (size before relaxing)
                0x0800aaf4                        __exidx_end = .
                0x0800aaf4                        . = ALIGN (0x4)

.preinit_array  0x0800aaf4        0x0
                0x0800aaf4                        . = ALIGN (0x4)
                0x0800aaf4                        PROVIDE (__preinit_array_start = .)
 *(.preinit_array*)
                0x0800aaf4                        PROVIDE (__preinit_array_end = .)
                0x0800aaf4                        . = ALIGN (0x4)

.init_array     0x0800aaf4        0x4
                0x0800aaf4                        . = ALIGN (0x4)
                0x0800aaf4                        PROVIDE (__init_array_start = .)
 *(SORT_BY_NAME(.init_array.*))
 *(.init_array*)
 .init_array    0x0800aaf4        0x4 C:/ST/STM32CubeIDE_1.16.1/STM32CubeIDE/plugins/com.st.stm32cube.ide.mcu.externaltools.gnu-tools-for-stm32.12.3.rel1.win32_1.0.200.202406191623/tools/bin/../lib/gcc/arm-none-eabi/12.3.1/thumb/v7e-m+fp/hard/crtbegin.o
                0x0800aaf8                        PROVIDE (__init_array_end = .)
                0x0800aaf8                        . = ALIGN (0x4)

.fini_array     0x0800aaf8        0x4
                0x0800aaf8                        . = ALIGN (0x4)
                [!provide]                        PROVIDE (__fini_array_start = .)
 *(SORT_BY_NAME(.fini_array.*))
 *(.fini_array*)
 .fini_array    0x0800aaf8        0x4 C:/ST/STM32CubeIDE_1.16.1/STM32CubeIDE/plugins/com.st.stm32cube.ide.mcu.externaltools.gnu-tools-for-stm32.12.3.rel1.win32_1.0.200.202406191623/tools/bin/../lib/gcc/arm-none-eabi/12.3.1/thumb/v7e-m+fp/hard/crtbegin.o
                [!provide]                        PROVIDE (__fini_array_end = .)
                0x0800aafc                        . = ALIGN (0x4)
                0x0800aafc                        _sidata = LOADADDR (.data)

.rel.dyn        0x0800aafc        0x0
 .rel.iplt      0x0800aafc        0x0 C:/ST/STM32CubeIDE_1.16.1/STM32CubeIDE/plugins/com.st.stm32cube.ide.mcu.externaltools.gnu-tools-for-stm32.12.3.rel1.win32_1.0.200.202406191623/tools/bin/../lib/gcc/arm-none-eabi/12.3.1/thumb/v7e-m+fp/hard/crtbegin.o

.data           0x20000000       0x64 load address 0x0800aafc
                0x20000000                        . = ALIGN (0x4)
                0x20000000                        _sdata = .
 *(.data)
 *(.data*)
 .data.DACS     0x20000000        0x2 ./Core/Src/ad5592.o
 .data.ADCS     0x20000002        0x2 ./Core/Src/ad5592.o
 .data.state    0x20000004        0x1 ./Core/Src/gasbox.o
 .data.state    0x20000005        0x1 ./Core/Src/remote.o
 .data.a_state.8
                0x20000006        0x1 ./Core/Src/remote.o
 *fill*         0x20000007        0x1 
 .data.SystemCoreClock
                0x20000008        0x4 ./Core/Src/system_stm32g4xx.o
                0x20000008                SystemCoreClock
 .data.uwTickPrio
                0x2000000c        0x4 ./Drivers/STM32G4xx_HAL_Driver/Src/stm32g4xx_hal.o
                0x2000000c                uwTickPrio
 .data.uwTickFreq
                0x20000010        0x4 ./Drivers/STM32G4xx_HAL_Driver/Src/stm32g4xx_hal.o
                0x20000010                uwTickFreq
 .data._impure_ptr
                0x20000014        0x4 C:/ST/STM32CubeIDE_1.16.1/STM32CubeIDE/plugins/com.st.stm32cube.ide.mcu.externaltools.gnu-tools-for-stm32.12.3.rel1.win32_1.0.200.202406191623/tools/bin/../lib/gcc/arm-none-eabi/12.3.1/../../../../arm-none-eabi/lib/thumb/v7e-m+fp/hard\libc_nano.a(libc_a-impure.o)
                0x20000014                _impure_ptr
 .data._impure_data
                0x20000018       0x4c C:/ST/STM32CubeIDE_1.16.1/STM32CubeIDE/plugins/com.st.stm32cube.ide.mcu.externaltools.gnu-tools-for-stm32.12.3.rel1.win32_1.0.200.202406191623/tools/bin/../lib/gcc/arm-none-eabi/12.3.1/../../../../arm-none-eabi/lib/thumb/v7e-m+fp/hard\libc_nano.a(libc_a-impure.o)
                0x20000018                _impure_data
 *(.RamFunc)
 *(.RamFunc*)
                0x20000064                        . = ALIGN (0x4)
                0x20000064                        _edata = .

.igot.plt       0x20000064        0x0 load address 0x0800ab60
 .igot.plt      0x20000064        0x0 C:/ST/STM32CubeIDE_1.16.1/STM32CubeIDE/plugins/com.st.stm32cube.ide.mcu.externaltools.gnu-tools-for-stm32.12.3.rel1.win32_1.0.200.202406191623/tools/bin/../lib/gcc/arm-none-eabi/12.3.1/thumb/v7e-m+fp/hard/crtbegin.o
                0x20000064                        . = ALIGN (0x4)

.bss            0x20000064     0x14cc load address 0x0800ab60
                0x20000064                        _sbss = .
                0x20000064                        __bss_start__ = _sbss
 *(.bss)
 .bss           0x20000064       0x1c C:/ST/STM32CubeIDE_1.16.1/STM32CubeIDE/plugins/com.st.stm32cube.ide.mcu.externaltools.gnu-tools-for-stm32.12.3.rel1.win32_1.0.200.202406191623/tools/bin/../lib/gcc/arm-none-eabi/12.3.1/thumb/v7e-m+fp/hard/crtbegin.o
 *(.bss*)
 .bss.adc_val   0x20000080      0x100 ./Core/Src/ad5592.o
 .bss.adc_val_ptr
                0x20000180        0x8 ./Core/Src/ad5592.o
 .bss.hadc5     0x20000188       0x6c ./Core/Src/adc.o
                0x20000188                hadc5
 .bss.msg       0x200001f4        0xf ./Core/Src/gasbox.o
 .bss.nzeichen  0x20000203        0x1 ./Core/Src/gasbox.o
 .bss.bufferRx  0x20000204        0xf ./Core/Src/gasbox.o
 .bss.lengthRx  0x20000213        0x1 ./Core/Src/gasbox.o
 .bss.dleFlag   0x20000214        0x1 ./Core/Src/gasbox.o
 .bss.checksum  0x20000215        0x1 ./Core/Src/gasbox.o
 *fill*         0x20000216        0x2 
 .bss.gb_sync   0x20000218        0x8 ./Core/Src/gasbox.o
 .bss.z_priolist
                0x20000220       0x3c ./Core/Src/prioritylist.o
                0x20000220                z_priolist
 .bss.mc_priolist
                0x2000025c       0x28 ./Core/Src/prioritylist.o
                0x2000025c                mc_priolist
 .bss.z_priolevel_header
                0x20000284        0x3 ./Core/Src/prioritylist.o
                0x20000284                z_priolevel_header
 *fill*         0x20000287        0x1 
 .bss.mc_priolevel_header
                0x20000288        0x3 ./Core/Src/prioritylist.o
                0x20000288                mc_priolevel_header
 .bss.zpriolist_firstunused_index
                0x2000028b        0x1 ./Core/Src/prioritylist.o
                0x2000028b                zpriolist_firstunused_index
 .bss.mcpriolist_firstunused_index
                0x2000028c        0x1 ./Core/Src/prioritylist.o
                0x2000028c                mcpriolist_firstunused_index
 .bss.verbose   0x2000028d        0x1 ./Core/Src/remote.o
 .bss.crlf      0x2000028e        0x1 ./Core/Src/remote.o
 .bss.echo      0x2000028f        0x1 ./Core/Src/remote.o
 .bss.sloppy    0x20000290        0x1 ./Core/Src/remote.o
 *fill*         0x20000291        0x3 
 .bss.msg       0x20000294        0xf ./Core/Src/remote.o
 .bss.nzeichen  0x200002a3        0x1 ./Core/Src/remote.o
 .bss.bufferRx  0x200002a4        0xf ./Core/Src/remote.o
 .bss.lengthRx  0x200002b3        0x1 ./Core/Src/remote.o
 .bss.dleFlag   0x200002b4        0x1 ./Core/Src/remote.o
 .bss.checksum  0x200002b5        0x1 ./Core/Src/remote.o
 .bss.nc.7      0x200002b6        0x1 ./Core/Src/remote.o
 *fill*         0x200002b7        0x1 
 .bss.char1.6   0x200002b8        0x2 ./Core/Src/remote.o
 *fill*         0x200002ba        0x2 
 .bss.cmd.5     0x200002bc       0x19 ./Core/Src/remote.o
 *fill*         0x200002d5        0x3 
 .bss.val.4     0x200002d8        0x4 ./Core/Src/remote.o
 .bss.pflag.3   0x200002dc        0x1 ./Core/Src/remote.o
 .bss.eflag.2   0x200002dd        0x1 ./Core/Src/remote.o
 .bss.negativ_zahl.1
                0x200002de        0x1 ./Core/Src/remote.o
 .bss.ret.0     0x200002df        0x1 ./Core/Src/remote.o
 .bss.resultQueue
                0x200002e0      0x3c0 ./Core/Src/resultqueue.o
 .bss.resultQueue_in
                0x200006a0        0x1 ./Core/Src/resultqueue.o
 .bss.resultQueue_out
                0x200006a1        0x1 ./Core/Src/resultqueue.o
 *fill*         0x200006a2        0x2 
 .bss.hspi1     0x200006a4       0x64 ./Core/Src/spi.o
                0x200006a4                hspi1
 .bss.zentrale_stack
                0x20000708      0x1e0 ./Core/Src/stacks.o
 .bss.mc_stack  0x200008e8      0x140 ./Core/Src/stacks.o
 .bss.zstackindex_list
                0x20000a28       0x1e ./Core/Src/stacks.o
 *fill*         0x20000a46        0x2 
 .bss.mcstackindex_list
                0x20000a48       0x14 ./Core/Src/stacks.o
 .bss.zstackindex_list_act
                0x20000a5c        0x1 ./Core/Src/stacks.o
 .bss.mcstackindex_list_act
                0x20000a5d        0x1 ./Core/Src/stacks.o
 .bss.mcstack_rest_length
                0x20000a5e        0x1 ./Core/Src/stacks.o
 *fill*         0x20000a5f        0x1 
 .bss.__sbrk_heap_end
                0x20000a60        0x4 ./Core/Src/sysmem.o
 .bss.htim1     0x20000a64       0x4c ./Core/Src/tim.o
                0x20000a64                htim1
 .bss.ct_hbeat  0x20000ab0        0x2 ./Core/Src/timer0.o
 .bss.ct_init   0x20000ab2        0x2 ./Core/Src/timer0.o
 .bss.uart4_rb  0x20000ab4      0x190 ./Core/Src/uart4.o
                0x20000ab4                uart4_rb
 .bss.uart5_rb  0x20000c44      0x190 ./Core/Src/uart4.o
                0x20000c44                uart5_rb
 .bss.usart1_rb
                0x20000dd4      0x190 ./Core/Src/uart4.o
                0x20000dd4                usart1_rb
 .bss.usart3_rb
                0x20000f64      0x190 ./Core/Src/uart4.o
                0x20000f64                usart3_rb
 .bss.huart4    0x200010f4       0x94 ./Core/Src/usart.o
                0x200010f4                huart4
 .bss.huart5    0x20001188       0x94 ./Core/Src/usart.o
                0x20001188                huart5
 .bss.huart1    0x2000121c       0x94 ./Core/Src/usart.o
                0x2000121c                huart1
 .bss.huart2    0x200012b0       0x94 ./Core/Src/usart.o
                0x200012b0                huart2
 .bss.huart3    0x20001344       0x94 ./Core/Src/usart.o
                0x20001344                huart3
 .bss.z_status  0x200013d8        0x1 ./Core/Src/zentrale.o
 .bss.z_status_h
                0x200013d9        0x1 ./Core/Src/zentrale.o
 .bss.z_status_tend
                0x200013da        0x1 ./Core/Src/zentrale.o
 *fill*         0x200013db        0x1 
 .bss.z_error_akt
                0x200013dc        0x2 ./Core/Src/zentrale.o
 .bss.z_error_kum
                0x200013de        0x2 ./Core/Src/zentrale.o
 .bss.z_init_done
                0x200013e0        0x1 ./Core/Src/zentrale.o
 .bss.z_rf_state
                0x200013e1        0x1 ./Core/Src/zentrale.o
 *fill*         0x200013e2        0x2 
 .bss.uwTick    0x200013e4        0x4 ./Drivers/STM32G4xx_HAL_Driver/Src/stm32g4xx_hal.o
                0x200013e4                uwTick
 .bss.__sf      0x200013e8      0x138 C:/ST/STM32CubeIDE_1.16.1/STM32CubeIDE/plugins/com.st.stm32cube.ide.mcu.externaltools.gnu-tools-for-stm32.12.3.rel1.win32_1.0.200.202406191623/tools/bin/../lib/gcc/arm-none-eabi/12.3.1/../../../../arm-none-eabi/lib/thumb/v7e-m+fp/hard\libc_nano.a(libc_a-findfp.o)
                0x200013e8                __sf
 .bss.errno     0x20001520        0x4 C:/ST/STM32CubeIDE_1.16.1/STM32CubeIDE/plugins/com.st.stm32cube.ide.mcu.externaltools.gnu-tools-for-stm32.12.3.rel1.win32_1.0.200.202406191623/tools/bin/../lib/gcc/arm-none-eabi/12.3.1/../../../../arm-none-eabi/lib/thumb/v7e-m+fp/hard\libc_nano.a(libc_a-reent.o)
                0x20001520                errno
 .bss.__lock___malloc_recursive_mutex
                0x20001524        0x1 C:/ST/STM32CubeIDE_1.16.1/STM32CubeIDE/plugins/com.st.stm32cube.ide.mcu.externaltools.gnu-tools-for-stm32.12.3.rel1.win32_1.0.200.202406191623/tools/bin/../lib/gcc/arm-none-eabi/12.3.1/../../../../arm-none-eabi/lib/thumb/v7e-m+fp/hard\libc_nano.a(libc_a-lock.o)
                0x20001524                __lock___malloc_recursive_mutex
 *fill*         0x20001525        0x3 
 .bss.__malloc_sbrk_start
                0x20001528        0x4 C:/ST/STM32CubeIDE_1.16.1/STM32CubeIDE/plugins/com.st.stm32cube.ide.mcu.externaltools.gnu-tools-for-stm32.12.3.rel1.win32_1.0.200.202406191623/tools/bin/../lib/gcc/arm-none-eabi/12.3.1/../../../../arm-none-eabi/lib/thumb/v7e-m+fp/hard\libc_nano.a(libc_a-mallocr.o)
                0x20001528                __malloc_sbrk_start
 .bss.__malloc_free_list
                0x2000152c        0x4 C:/ST/STM32CubeIDE_1.16.1/STM32CubeIDE/plugins/com.st.stm32cube.ide.mcu.externaltools.gnu-tools-for-stm32.12.3.rel1.win32_1.0.200.202406191623/tools/bin/../lib/gcc/arm-none-eabi/12.3.1/../../../../arm-none-eabi/lib/thumb/v7e-m+fp/hard\libc_nano.a(libc_a-mallocr.o)
                0x2000152c                __malloc_free_list
 *(COMMON)
                0x20001530                        . = ALIGN (0x4)
                0x20001530                        _ebss = .
                0x20001530                        __bss_end__ = _ebss

._user_heap_stack
                0x20001530      0x600 load address 0x0800ab60
                0x20001530                        . = ALIGN (0x8)
                [!provide]                        PROVIDE (end = .)
                0x20001530                        PROVIDE (_end = .)
                0x20001730                        . = (. + _Min_Heap_Size)
 *fill*         0x20001530      0x200 
                0x20001b30                        . = (. + _Min_Stack_Size)
 *fill*         0x20001730      0x400 
                0x20001b30                        . = ALIGN (0x8)

/DISCARD/
 libc.a(*)
 libm.a(*)
 libgcc.a(*)

.ARM.attributes
                0x00000000       0x30
 *(.ARM.attributes)
 .ARM.attributes
                0x00000000       0x22 C:/ST/STM32CubeIDE_1.16.1/STM32CubeIDE/plugins/com.st.stm32cube.ide.mcu.externaltools.gnu-tools-for-stm32.12.3.rel1.win32_1.0.200.202406191623/tools/bin/../lib/gcc/arm-none-eabi/12.3.1/thumb/v7e-m+fp/hard/crti.o
 .ARM.attributes
                0x00000022       0x34 C:/ST/STM32CubeIDE_1.16.1/STM32CubeIDE/plugins/com.st.stm32cube.ide.mcu.externaltools.gnu-tools-for-stm32.12.3.rel1.win32_1.0.200.202406191623/tools/bin/../lib/gcc/arm-none-eabi/12.3.1/thumb/v7e-m+fp/hard/crtbegin.o
 .ARM.attributes
                0x00000056       0x34 ./Core/Src/Hardware.o
 .ARM.attributes
                0x0000008a       0x34 ./Core/Src/ad5592.o
 .ARM.attributes
                0x000000be       0x34 ./Core/Src/adc.o
 .ARM.attributes
                0x000000f2       0x34 ./Core/Src/func.o
 .ARM.attributes
                0x00000126       0x34 ./Core/Src/gasbox.o
 .ARM.attributes
                0x0000015a       0x34 ./Core/Src/gpio.o
 .ARM.attributes
                0x0000018e       0x34 ./Core/Src/main.o
 .ARM.attributes
                0x000001c2       0x34 ./Core/Src/priority_pushpop.o
 .ARM.attributes
                0x000001f6       0x34 ./Core/Src/prioritylist.o
 .ARM.attributes
                0x0000022a       0x34 ./Core/Src/remote.o
 .ARM.attributes
                0x0000025e       0x34 ./Core/Src/resultqueue.o
 .ARM.attributes
                0x00000292       0x34 ./Core/Src/spi.o
 .ARM.attributes
                0x000002c6       0x34 ./Core/Src/stacks.o
 .ARM.attributes
                0x000002fa       0x34 ./Core/Src/stm32g4xx_hal_msp.o
 .ARM.attributes
                0x0000032e       0x34 ./Core/Src/stm32g4xx_it.o
 .ARM.attributes
                0x00000362       0x34 ./Core/Src/sysmem.o
 .ARM.attributes
                0x00000396       0x34 ./Core/Src/system_stm32g4xx.o
 .ARM.attributes
                0x000003ca       0x34 ./Core/Src/tim.o
 .ARM.attributes
                0x000003fe       0x34 ./Core/Src/timer0.o
 .ARM.attributes
                0x00000432       0x34 ./Core/Src/uart4.o
 .ARM.attributes
                0x00000466       0x34 ./Core/Src/usart.o
 .ARM.attributes
                0x0000049a       0x34 ./Core/Src/zentrale.o
 .ARM.attributes
                0x000004ce       0x34 ./Core/Src/zentrale_cmd_sero.o
 .ARM.attributes
                0x00000502       0x21 ./Core/Startup/startup_stm32g473vetx.o
 .ARM.attributes
                0x00000523       0x34 ./Drivers/STM32G4xx_HAL_Driver/Src/stm32g4xx_hal.o
 .ARM.attributes
                0x00000557       0x34 ./Drivers/STM32G4xx_HAL_Driver/Src/stm32g4xx_hal_adc.o
 .ARM.attributes
                0x0000058b       0x34 ./Drivers/STM32G4xx_HAL_Driver/Src/stm32g4xx_hal_cortex.o
 .ARM.attributes
                0x000005bf       0x34 ./Drivers/STM32G4xx_HAL_Driver/Src/stm32g4xx_hal_gpio.o
 .ARM.attributes
                0x000005f3       0x34 ./Drivers/STM32G4xx_HAL_Driver/Src/stm32g4xx_hal_pwr_ex.o
 .ARM.attributes
                0x00000627       0x34 ./Drivers/STM32G4xx_HAL_Driver/Src/stm32g4xx_hal_rcc.o
 .ARM.attributes
                0x0000065b       0x34 ./Drivers/STM32G4xx_HAL_Driver/Src/stm32g4xx_hal_rcc_ex.o
 .ARM.attributes
                0x0000068f       0x34 ./Drivers/STM32G4xx_HAL_Driver/Src/stm32g4xx_hal_spi.o
 .ARM.attributes
                0x000006c3       0x34 ./Drivers/STM32G4xx_HAL_Driver/Src/stm32g4xx_hal_tim.o
 .ARM.attributes
                0x000006f7       0x34 ./Drivers/STM32G4xx_HAL_Driver/Src/stm32g4xx_hal_tim_ex.o
 .ARM.attributes
                0x0000072b       0x34 ./Drivers/STM32G4xx_HAL_Driver/Src/stm32g4xx_hal_uart.o
 .ARM.attributes
                0x0000075f       0x34 ./Drivers/STM32G4xx_HAL_Driver/Src/stm32g4xx_hal_uart_ex.o
 .ARM.attributes
                0x00000793       0x34 C:/ST/STM32CubeIDE_1.16.1/STM32CubeIDE/plugins/com.st.stm32cube.ide.mcu.externaltools.gnu-tools-for-stm32.12.3.rel1.win32_1.0.200.202406191623/tools/bin/../lib/gcc/arm-none-eabi/12.3.1/../../../../arm-none-eabi/lib/thumb/v7e-m+fp/hard\libc_nano.a(libc_a-findfp.o)
 .ARM.attributes
                0x000007c7       0x34 C:/ST/STM32CubeIDE_1.16.1/STM32CubeIDE/plugins/com.st.stm32cube.ide.mcu.externaltools.gnu-tools-for-stm32.12.3.rel1.win32_1.0.200.202406191623/tools/bin/../lib/gcc/arm-none-eabi/12.3.1/../../../../arm-none-eabi/lib/thumb/v7e-m+fp/hard\libc_nano.a(libc_a-sprintf.o)
 .ARM.attributes
                0x000007fb       0x34 C:/ST/STM32CubeIDE_1.16.1/STM32CubeIDE/plugins/com.st.stm32cube.ide.mcu.externaltools.gnu-tools-for-stm32.12.3.rel1.win32_1.0.200.202406191623/tools/bin/../lib/gcc/arm-none-eabi/12.3.1/../../../../arm-none-eabi/lib/thumb/v7e-m+fp/hard\libc_nano.a(libc_a-memset.o)
 .ARM.attributes
                0x0000082f       0x34 C:/ST/STM32CubeIDE_1.16.1/STM32CubeIDE/plugins/com.st.stm32cube.ide.mcu.externaltools.gnu-tools-for-stm32.12.3.rel1.win32_1.0.200.202406191623/tools/bin/../lib/gcc/arm-none-eabi/12.3.1/../../../../arm-none-eabi/lib/thumb/v7e-m+fp/hard\libc_nano.a(libc_a-strcat.o)
 .ARM.attributes
                0x00000863       0x34 C:/ST/STM32CubeIDE_1.16.1/STM32CubeIDE/plugins/com.st.stm32cube.ide.mcu.externaltools.gnu-tools-for-stm32.12.3.rel1.win32_1.0.200.202406191623/tools/bin/../lib/gcc/arm-none-eabi/12.3.1/../../../../arm-none-eabi/lib/thumb/v7e-m+fp/hard\libc_nano.a(libc_a-reent.o)
 .ARM.attributes
                0x00000897       0x34 C:/ST/STM32CubeIDE_1.16.1/STM32CubeIDE/plugins/com.st.stm32cube.ide.mcu.externaltools.gnu-tools-for-stm32.12.3.rel1.win32_1.0.200.202406191623/tools/bin/../lib/gcc/arm-none-eabi/12.3.1/../../../../arm-none-eabi/lib/thumb/v7e-m+fp/hard\libc_nano.a(libc_a-impure.o)
 .ARM.attributes
                0x000008cb       0x34 C:/ST/STM32CubeIDE_1.16.1/STM32CubeIDE/plugins/com.st.stm32cube.ide.mcu.externaltools.gnu-tools-for-stm32.12.3.rel1.win32_1.0.200.202406191623/tools/bin/../lib/gcc/arm-none-eabi/12.3.1/../../../../arm-none-eabi/lib/thumb/v7e-m+fp/hard\libc_nano.a(libc_a-errno.o)
 .ARM.attributes
                0x000008ff       0x34 C:/ST/STM32CubeIDE_1.16.1/STM32CubeIDE/plugins/com.st.stm32cube.ide.mcu.externaltools.gnu-tools-for-stm32.12.3.rel1.win32_1.0.200.202406191623/tools/bin/../lib/gcc/arm-none-eabi/12.3.1/../../../../arm-none-eabi/lib/thumb/v7e-m+fp/hard\libc_nano.a(libc_a-init.o)
 .ARM.attributes
                0x00000933       0x34 C:/ST/STM32CubeIDE_1.16.1/STM32CubeIDE/plugins/com.st.stm32cube.ide.mcu.externaltools.gnu-tools-for-stm32.12.3.rel1.win32_1.0.200.202406191623/tools/bin/../lib/gcc/arm-none-eabi/12.3.1/../../../../arm-none-eabi/lib/thumb/v7e-m+fp/hard\libc_nano.a(libc_a-lock.o)
 .ARM.attributes
                0x00000967       0x20 C:/ST/STM32CubeIDE_1.16.1/STM32CubeIDE/plugins/com.st.stm32cube.ide.mcu.externaltools.gnu-tools-for-stm32.12.3.rel1.win32_1.0.200.202406191623/tools/bin/../lib/gcc/arm-none-eabi/12.3.1/../../../../arm-none-eabi/lib/thumb/v7e-m+fp/hard\libc_nano.a(libc_a-strcmp.o)
 .ARM.attributes
                0x00000987       0x17 C:/ST/STM32CubeIDE_1.16.1/STM32CubeIDE/plugins/com.st.stm32cube.ide.mcu.externaltools.gnu-tools-for-stm32.12.3.rel1.win32_1.0.200.202406191623/tools/bin/../lib/gcc/arm-none-eabi/12.3.1/../../../../arm-none-eabi/lib/thumb/v7e-m+fp/hard\libc_nano.a(libc_a-strlen.o)
 .ARM.attributes
                0x0000099e       0x34 C:/ST/STM32CubeIDE_1.16.1/STM32CubeIDE/plugins/com.st.stm32cube.ide.mcu.externaltools.gnu-tools-for-stm32.12.3.rel1.win32_1.0.200.202406191623/tools/bin/../lib/gcc/arm-none-eabi/12.3.1/../../../../arm-none-eabi/lib/thumb/v7e-m+fp/hard\libc_nano.a(libc_a-freer.o)
 .ARM.attributes
                0x000009d2       0x34 C:/ST/STM32CubeIDE_1.16.1/STM32CubeIDE/plugins/com.st.stm32cube.ide.mcu.externaltools.gnu-tools-for-stm32.12.3.rel1.win32_1.0.200.202406191623/tools/bin/../lib/gcc/arm-none-eabi/12.3.1/../../../../arm-none-eabi/lib/thumb/v7e-m+fp/hard\libc_nano.a(libc_a-mallocr.o)
 .ARM.attributes
                0x00000a06       0x34 C:/ST/STM32CubeIDE_1.16.1/STM32CubeIDE/plugins/com.st.stm32cube.ide.mcu.externaltools.gnu-tools-for-stm32.12.3.rel1.win32_1.0.200.202406191623/tools/bin/../lib/gcc/arm-none-eabi/12.3.1/../../../../arm-none-eabi/lib/thumb/v7e-m+fp/hard\libc_nano.a(libc_a-mlock.o)
 .ARM.attributes
                0x00000a3a       0x34 C:/ST/STM32CubeIDE_1.16.1/STM32CubeIDE/plugins/com.st.stm32cube.ide.mcu.externaltools.gnu-tools-for-stm32.12.3.rel1.win32_1.0.200.202406191623/tools/bin/../lib/gcc/arm-none-eabi/12.3.1/../../../../arm-none-eabi/lib/thumb/v7e-m+fp/hard\libc_nano.a(libc_a-nano-svfprintf.o)
 .ARM.attributes
                0x00000a6e       0x34 C:/ST/STM32CubeIDE_1.16.1/STM32CubeIDE/plugins/com.st.stm32cube.ide.mcu.externaltools.gnu-tools-for-stm32.12.3.rel1.win32_1.0.200.202406191623/tools/bin/../lib/gcc/arm-none-eabi/12.3.1/../../../../arm-none-eabi/lib/thumb/v7e-m+fp/hard\libc_nano.a(libc_a-nano-vfprintf_i.o)
 .ARM.attributes
                0x00000aa2       0x34 C:/ST/STM32CubeIDE_1.16.1/STM32CubeIDE/plugins/com.st.stm32cube.ide.mcu.externaltools.gnu-tools-for-stm32.12.3.rel1.win32_1.0.200.202406191623/tools/bin/../lib/gcc/arm-none-eabi/12.3.1/../../../../arm-none-eabi/lib/thumb/v7e-m+fp/hard\libc_nano.a(libc_a-memmove.o)
 .ARM.attributes
                0x00000ad6       0x34 C:/ST/STM32CubeIDE_1.16.1/STM32CubeIDE/plugins/com.st.stm32cube.ide.mcu.externaltools.gnu-tools-for-stm32.12.3.rel1.win32_1.0.200.202406191623/tools/bin/../lib/gcc/arm-none-eabi/12.3.1/../../../../arm-none-eabi/lib/thumb/v7e-m+fp/hard\libc_nano.a(libc_a-sbrkr.o)
 .ARM.attributes
                0x00000b0a       0x1c C:/ST/STM32CubeIDE_1.16.1/STM32CubeIDE/plugins/com.st.stm32cube.ide.mcu.externaltools.gnu-tools-for-stm32.12.3.rel1.win32_1.0.200.202406191623/tools/bin/../lib/gcc/arm-none-eabi/12.3.1/../../../../arm-none-eabi/lib/thumb/v7e-m+fp/hard\libc_nano.a(libc_a-memchr.o)
 .ARM.attributes
                0x00000b26       0x34 C:/ST/STM32CubeIDE_1.16.1/STM32CubeIDE/plugins/com.st.stm32cube.ide.mcu.externaltools.gnu-tools-for-stm32.12.3.rel1.win32_1.0.200.202406191623/tools/bin/../lib/gcc/arm-none-eabi/12.3.1/../../../../arm-none-eabi/lib/thumb/v7e-m+fp/hard\libc_nano.a(libc_a-memcpy-stub.o)
 .ARM.attributes
                0x00000b5a       0x34 C:/ST/STM32CubeIDE_1.16.1/STM32CubeIDE/plugins/com.st.stm32cube.ide.mcu.externaltools.gnu-tools-for-stm32.12.3.rel1.win32_1.0.200.202406191623/tools/bin/../lib/gcc/arm-none-eabi/12.3.1/../../../../arm-none-eabi/lib/thumb/v7e-m+fp/hard\libc_nano.a(libc_a-reallocr.o)
 .ARM.attributes
                0x00000b8e       0x34 C:/ST/STM32CubeIDE_1.16.1/STM32CubeIDE/plugins/com.st.stm32cube.ide.mcu.externaltools.gnu-tools-for-stm32.12.3.rel1.win32_1.0.200.202406191623/tools/bin/../lib/gcc/arm-none-eabi/12.3.1/../../../../arm-none-eabi/lib/thumb/v7e-m+fp/hard\libc_nano.a(libc_a-msizer.o)
 .ARM.attributes
                0x00000bc2       0x22 C:/ST/STM32CubeIDE_1.16.1/STM32CubeIDE/plugins/com.st.stm32cube.ide.mcu.externaltools.gnu-tools-for-stm32.12.3.rel1.win32_1.0.200.202406191623/tools/bin/../lib/gcc/arm-none-eabi/12.3.1/thumb/v7e-m+fp/hard\libgcc.a(_aeabi_uldivmod.o)
 .ARM.attributes
                0x00000be4       0x34 C:/ST/STM32CubeIDE_1.16.1/STM32CubeIDE/plugins/com.st.stm32cube.ide.mcu.externaltools.gnu-tools-for-stm32.12.3.rel1.win32_1.0.200.202406191623/tools/bin/../lib/gcc/arm-none-eabi/12.3.1/thumb/v7e-m+fp/hard\libgcc.a(_udivmoddi4.o)
 .ARM.attributes
                0x00000c18       0x22 C:/ST/STM32CubeIDE_1.16.1/STM32CubeIDE/plugins/com.st.stm32cube.ide.mcu.externaltools.gnu-tools-for-stm32.12.3.rel1.win32_1.0.200.202406191623/tools/bin/../lib/gcc/arm-none-eabi/12.3.1/thumb/v7e-m+fp/hard\libgcc.a(_dvmd_tls.o)
 .ARM.attributes
                0x00000c3a       0x22 C:/ST/STM32CubeIDE_1.16.1/STM32CubeIDE/plugins/com.st.stm32cube.ide.mcu.externaltools.gnu-tools-for-stm32.12.3.rel1.win32_1.0.200.202406191623/tools/bin/../lib/gcc/arm-none-eabi/12.3.1/thumb/v7e-m+fp/hard/crtn.o
OUTPUT(gasBoxMasterv1.elf elf32-littlearm)
LOAD linker stubs
LOAD C:/ST/STM32CubeIDE_1.16.1/STM32CubeIDE/plugins/com.st.stm32cube.ide.mcu.externaltools.gnu-tools-for-stm32.12.3.rel1.win32_1.0.200.202406191623/tools/bin/../lib/gcc/arm-none-eabi/12.3.1/../../../../arm-none-eabi/lib/thumb/v7e-m+fp/hard\libc.a
LOAD C:/ST/STM32CubeIDE_1.16.1/STM32CubeIDE/plugins/com.st.stm32cube.ide.mcu.externaltools.gnu-tools-for-stm32.12.3.rel1.win32_1.0.200.202406191623/tools/bin/../lib/gcc/arm-none-eabi/12.3.1/../../../../arm-none-eabi/lib/thumb/v7e-m+fp/hard\libm.a
LOAD C:/ST/STM32CubeIDE_1.16.1/STM32CubeIDE/plugins/com.st.stm32cube.ide.mcu.externaltools.gnu-tools-for-stm32.12.3.rel1.win32_1.0.200.202406191623/tools/bin/../lib/gcc/arm-none-eabi/12.3.1/thumb/v7e-m+fp/hard\libgcc.a

.debug_info     0x00000000    0x1c45d
 .debug_info    0x00000000      0x388 ./Core/Src/Hardware.o
 .debug_info    0x00000388      0x6f4 ./Core/Src/ad5592.o
 .debug_info    0x00000a7c      0xed5 ./Core/Src/adc.o
 .debug_info    0x00001951      0x1ee ./Core/Src/func.o
 .debug_info    0x00001b3f     0x1083 ./Core/Src/gasbox.o
 .debug_info    0x00002bc2      0x4b7 ./Core/Src/gpio.o
 .debug_info    0x00003079      0x4c1 ./Core/Src/main.o
 .debug_info    0x0000353a      0x23c ./Core/Src/priority_pushpop.o
 .debug_info    0x00003776      0x199 ./Core/Src/prioritylist.o
 .debug_info    0x0000390f     0x13e1 ./Core/Src/remote.o
 .debug_info    0x00004cf0      0x3ed ./Core/Src/resultqueue.o
 .debug_info    0x000050dd      0xcda ./Core/Src/spi.o
 .debug_info    0x00005db7      0x644 ./Core/Src/stacks.o
 .debug_info    0x000063fb      0x2da ./Core/Src/stm32g4xx_hal_msp.o
 .debug_info    0x000066d5      0x113 ./Core/Src/stm32g4xx_it.o
 .debug_info    0x000067e8      0x168 ./Core/Src/sysmem.o
 .debug_info    0x00006950      0x58e ./Core/Src/system_stm32g4xx.o
 .debug_info    0x00006ede      0xc4b ./Core/Src/tim.o
 .debug_info    0x00007b29      0x33e ./Core/Src/timer0.o
 .debug_info    0x00007e67      0xedc ./Core/Src/uart4.o
 .debug_info    0x00008d43      0xf8b ./Core/Src/usart.o
 .debug_info    0x00009cce      0x6ee ./Core/Src/zentrale.o
 .debug_info    0x0000a3bc      0x5c0 ./Core/Src/zentrale_cmd_sero.o
 .debug_info    0x0000a97c       0x30 ./Core/Startup/startup_stm32g473vetx.o
 .debug_info    0x0000a9ac      0xb65 ./Drivers/STM32G4xx_HAL_Driver/Src/stm32g4xx_hal.o
 .debug_info    0x0000b511     0x2063 ./Drivers/STM32G4xx_HAL_Driver/Src/stm32g4xx_hal_adc.o
 .debug_info    0x0000d574      0xdc9 ./Drivers/STM32G4xx_HAL_Driver/Src/stm32g4xx_hal_cortex.o
 .debug_info    0x0000e33d      0x763 ./Drivers/STM32G4xx_HAL_Driver/Src/stm32g4xx_hal_gpio.o
 .debug_info    0x0000eaa0      0x93f ./Drivers/STM32G4xx_HAL_Driver/Src/stm32g4xx_hal_pwr_ex.o
 .debug_info    0x0000f3df      0xbe0 ./Drivers/STM32G4xx_HAL_Driver/Src/stm32g4xx_hal_rcc.o
 .debug_info    0x0000ffbf      0xc45 ./Drivers/STM32G4xx_HAL_Driver/Src/stm32g4xx_hal_rcc_ex.o
 .debug_info    0x00010c04     0x1677 ./Drivers/STM32G4xx_HAL_Driver/Src/stm32g4xx_hal_spi.o
 .debug_info    0x0001227b     0x2c52 ./Drivers/STM32G4xx_HAL_Driver/Src/stm32g4xx_hal_tim.o
 .debug_info    0x00014ecd     0x1d95 ./Drivers/STM32G4xx_HAL_Driver/Src/stm32g4xx_hal_tim_ex.o
 .debug_info    0x00016c62     0x481e ./Drivers/STM32G4xx_HAL_Driver/Src/stm32g4xx_hal_uart.o
 .debug_info    0x0001b480      0xfdd ./Drivers/STM32G4xx_HAL_Driver/Src/stm32g4xx_hal_uart_ex.o

.debug_abbrev   0x00000000     0x442e
 .debug_abbrev  0x00000000      0x1ef ./Core/Src/Hardware.o
 .debug_abbrev  0x000001ef      0x203 ./Core/Src/ad5592.o
 .debug_abbrev  0x000003f2      0x1f1 ./Core/Src/adc.o
 .debug_abbrev  0x000005e3       0xf0 ./Core/Src/func.o
 .debug_abbrev  0x000006d3      0x2ba ./Core/Src/gasbox.o
 .debug_abbrev  0x0000098d      0x152 ./Core/Src/gpio.o
 .debug_abbrev  0x00000adf      0x1a3 ./Core/Src/main.o
 .debug_abbrev  0x00000c82       0xe9 ./Core/Src/priority_pushpop.o
 .debug_abbrev  0x00000d6b       0xbf ./Core/Src/prioritylist.o
 .debug_abbrev  0x00000e2a      0x29e ./Core/Src/remote.o
 .debug_abbrev  0x000010c8      0x188 ./Core/Src/resultqueue.o
 .debug_abbrev  0x00001250      0x227 ./Core/Src/spi.o
 .debug_abbrev  0x00001477      0x190 ./Core/Src/stacks.o
 .debug_abbrev  0x00001607       0xd9 ./Core/Src/stm32g4xx_hal_msp.o
 .debug_abbrev  0x000016e0       0x73 ./Core/Src/stm32g4xx_it.o
 .debug_abbrev  0x00001753       0xbc ./Core/Src/sysmem.o
 .debug_abbrev  0x0000180f      0x11a ./Core/Src/system_stm32g4xx.o
 .debug_abbrev  0x00001929      0x207 ./Core/Src/tim.o
 .debug_abbrev  0x00001b30       0xcf ./Core/Src/timer0.o
 .debug_abbrev  0x00001bff      0x279 ./Core/Src/uart4.o
 .debug_abbrev  0x00001e78      0x24d ./Core/Src/usart.o
 .debug_abbrev  0x000020c5      0x29a ./Core/Src/zentrale.o
 .debug_abbrev  0x0000235f      0x194 ./Core/Src/zentrale_cmd_sero.o
 .debug_abbrev  0x000024f3       0x24 ./Core/Startup/startup_stm32g473vetx.o
 .debug_abbrev  0x00002517      0x271 ./Drivers/STM32G4xx_HAL_Driver/Src/stm32g4xx_hal.o
 .debug_abbrev  0x00002788      0x2d3 ./Drivers/STM32G4xx_HAL_Driver/Src/stm32g4xx_hal_adc.o
 .debug_abbrev  0x00002a5b      0x31c ./Drivers/STM32G4xx_HAL_Driver/Src/stm32g4xx_hal_cortex.o
 .debug_abbrev  0x00002d77      0x1cb ./Drivers/STM32G4xx_HAL_Driver/Src/stm32g4xx_hal_gpio.o
 .debug_abbrev  0x00002f42      0x22c ./Drivers/STM32G4xx_HAL_Driver/Src/stm32g4xx_hal_pwr_ex.o
 .debug_abbrev  0x0000316e      0x2c9 ./Drivers/STM32G4xx_HAL_Driver/Src/stm32g4xx_hal_rcc.o
 .debug_abbrev  0x00003437      0x258 ./Drivers/STM32G4xx_HAL_Driver/Src/stm32g4xx_hal_rcc_ex.o
 .debug_abbrev  0x0000368f      0x25d ./Drivers/STM32G4xx_HAL_Driver/Src/stm32g4xx_hal_spi.o
 .debug_abbrev  0x000038ec      0x2a7 ./Drivers/STM32G4xx_HAL_Driver/Src/stm32g4xx_hal_tim.o
 .debug_abbrev  0x00003b93      0x2c5 ./Drivers/STM32G4xx_HAL_Driver/Src/stm32g4xx_hal_tim_ex.o
 .debug_abbrev  0x00003e58      0x304 ./Drivers/STM32G4xx_HAL_Driver/Src/stm32g4xx_hal_uart.o
 .debug_abbrev  0x0000415c      0x2d2 ./Drivers/STM32G4xx_HAL_Driver/Src/stm32g4xx_hal_uart_ex.o

.debug_aranges  0x00000000     0x1970
 .debug_aranges
                0x00000000       0x70 ./Core/Src/Hardware.o
 .debug_aranges
                0x00000070       0x60 ./Core/Src/ad5592.o
 .debug_aranges
                0x000000d0       0x30 ./Core/Src/adc.o
 .debug_aranges
                0x00000100       0x40 ./Core/Src/func.o
 .debug_aranges
                0x00000140       0x50 ./Core/Src/gasbox.o
 .debug_aranges
                0x00000190       0x20 ./Core/Src/gpio.o
 .debug_aranges
                0x000001b0       0x30 ./Core/Src/main.o
 .debug_aranges
                0x000001e0       0x30 ./Core/Src/priority_pushpop.o
 .debug_aranges
                0x00000210       0x20 ./Core/Src/prioritylist.o
 .debug_aranges
                0x00000230       0x70 ./Core/Src/remote.o
 .debug_aranges
                0x000002a0       0x48 ./Core/Src/resultqueue.o
 .debug_aranges
                0x000002e8       0x68 ./Core/Src/spi.o
 .debug_aranges
                0x00000350       0x58 ./Core/Src/stacks.o
 .debug_aranges
                0x000003a8       0x20 ./Core/Src/stm32g4xx_hal_msp.o
 .debug_aranges
                0x000003c8       0x60 ./Core/Src/stm32g4xx_it.o
 .debug_aranges
                0x00000428       0x20 ./Core/Src/sysmem.o
 .debug_aranges
                0x00000448       0x28 ./Core/Src/system_stm32g4xx.o
 .debug_aranges
                0x00000470       0x30 ./Core/Src/tim.o
 .debug_aranges
                0x000004a0       0x90 ./Core/Src/timer0.o
 .debug_aranges
                0x00000530       0x78 ./Core/Src/uart4.o
 .debug_aranges
                0x000005a8       0x50 ./Core/Src/usart.o
 .debug_aranges
                0x000005f8       0xa8 ./Core/Src/zentrale.o
 .debug_aranges
                0x000006a0       0x28 ./Core/Src/zentrale_cmd_sero.o
 .debug_aranges
                0x000006c8       0x28 ./Core/Startup/startup_stm32g473vetx.o
 .debug_aranges
                0x000006f0      0x148 ./Drivers/STM32G4xx_HAL_Driver/Src/stm32g4xx_hal.o
 .debug_aranges
                0x00000838      0x248 ./Drivers/STM32G4xx_HAL_Driver/Src/stm32g4xx_hal_adc.o
 .debug_aranges
                0x00000a80      0x128 ./Drivers/STM32G4xx_HAL_Driver/Src/stm32g4xx_hal_cortex.o
 .debug_aranges
                0x00000ba8       0x58 ./Drivers/STM32G4xx_HAL_Driver/Src/stm32g4xx_hal_gpio.o
 .debug_aranges
                0x00000c00      0x140 ./Drivers/STM32G4xx_HAL_Driver/Src/stm32g4xx_hal_pwr_ex.o
 .debug_aranges
                0x00000d40       0x98 ./Drivers/STM32G4xx_HAL_Driver/Src/stm32g4xx_hal_rcc.o
 .debug_aranges
                0x00000dd8       0xb0 ./Drivers/STM32G4xx_HAL_Driver/Src/stm32g4xx_hal_rcc_ex.o
 .debug_aranges
                0x00000e88      0x1d8 ./Drivers/STM32G4xx_HAL_Driver/Src/stm32g4xx_hal_spi.o
 .debug_aranges
                0x00001060      0x3e0 ./Drivers/STM32G4xx_HAL_Driver/Src/stm32g4xx_hal_tim.o
 .debug_aranges
                0x00001440      0x240 ./Drivers/STM32G4xx_HAL_Driver/Src/stm32g4xx_hal_tim_ex.o
 .debug_aranges
                0x00001680      0x248 ./Drivers/STM32G4xx_HAL_Driver/Src/stm32g4xx_hal_uart.o
 .debug_aranges
                0x000018c8       0xa8 ./Drivers/STM32G4xx_HAL_Driver/Src/stm32g4xx_hal_uart_ex.o

.debug_rnglists
                0x00000000     0x13c4
 .debug_rnglists
                0x00000000       0x4f ./Core/Src/Hardware.o
 .debug_rnglists
                0x0000004f       0x45 ./Core/Src/ad5592.o
 .debug_rnglists
                0x00000094       0x21 ./Core/Src/adc.o
 .debug_rnglists
                0x000000b5       0x2b ./Core/Src/func.o
 .debug_rnglists
                0x000000e0       0x3a ./Core/Src/gasbox.o
 .debug_rnglists
                0x0000011a       0x14 ./Core/Src/gpio.o
 .debug_rnglists
                0x0000012e       0x21 ./Core/Src/main.o
 .debug_rnglists
                0x0000014f       0x21 ./Core/Src/priority_pushpop.o
 .debug_rnglists
                0x00000170       0x14 ./Core/Src/prioritylist.o
 .debug_rnglists
                0x00000184       0x54 ./Core/Src/remote.o
 .debug_rnglists
                0x000001d8       0x31 ./Core/Src/resultqueue.o
 .debug_rnglists
                0x00000209       0x4c ./Core/Src/spi.o
 .debug_rnglists
                0x00000255       0x41 ./Core/Src/stacks.o
 .debug_rnglists
                0x00000296       0x13 ./Core/Src/stm32g4xx_hal_msp.o
 .debug_rnglists