Archive member included to satisfy reference by file (symbol)

C:/ST/STM32CubeIDE_1.16.1/STM32CubeIDE/plugins/com.st.stm32cube.ide.mcu.externaltools.gnu-tools-for-stm32.12.3.rel1.win32_1.0.200.202406191623/tools/bin/../lib/gcc/arm-none-eabi/12.3.1/../../../../arm-none-eabi/lib/thumb/v7e-m+fp/hard\libc_nano.a(libc_a-exit.o)
                              C:/ST/STM32CubeIDE_1.16.1/STM32CubeIDE/plugins/com.st.stm32cube.ide.mcu.externaltools.gnu-tools-for-stm32.12.3.rel1.win32_1.0.200.202406191623/tools/bin/../lib/gcc/arm-none-eabi/12.3.1/../../../../arm-none-eabi/lib/thumb/v7e-m+fp/hard/crt0.o (exit)
C:/ST/STM32CubeIDE_1.16.1/STM32CubeIDE/plugins/com.st.stm32cube.ide.mcu.externaltools.gnu-tools-for-stm32.12.3.rel1.win32_1.0.200.202406191623/tools/bin/../lib/gcc/arm-none-eabi/12.3.1/../../../../arm-none-eabi/lib/thumb/v7e-m+fp/hard\libc_nano.a(libc_a-findfp.o)
                              C:/ST/STM32CubeIDE_1.16.1/STM32CubeIDE/plugins/com.st.stm32cube.ide.mcu.externaltools.gnu-tools-for-stm32.12.3.rel1.win32_1.0.200.202406191623/tools/bin/../lib/gcc/arm-none-eabi/12.3.1/../../../../arm-none-eabi/lib/thumb/v7e-m+fp/hard\libc_nano.a(libc_a-exit.o) (__stdio_exit_handler)
C:/ST/STM32CubeIDE_1.16.1/STM32CubeIDE/plugins/com.st.stm32cube.ide.mcu.externaltools.gnu-tools-for-stm32.12.3.rel1.win32_1.0.200.202406191623/tools/bin/../lib/gcc/arm-none-eabi/12.3.1/../../../../arm-none-eabi/lib/thumb/v7e-m+fp/hard\libc_nano.a(libc_a-fwalk.o)
                              C:/ST/STM32CubeIDE_1.16.1/STM32CubeIDE/plugins/com.st.stm32cube.ide.mcu.externaltools.gnu-tools-for-stm32.12.3.rel1.win32_1.0.200.202406191623/tools/bin/../lib/gcc/arm-none-eabi/12.3.1/../../../../arm-none-eabi/lib/thumb/v7e-m+fp/hard\libc_nano.a(libc_a-findfp.o) (_fwalk_sglue)
C:/ST/STM32CubeIDE_1.16.1/STM32CubeIDE/plugins/com.st.stm32cube.ide.mcu.externaltools.gnu-tools-for-stm32.12.3.rel1.win32_1.0.200.202406191623/tools/bin/../lib/gcc/arm-none-eabi/12.3.1/../../../../arm-none-eabi/lib/thumb/v7e-m+fp/hard\libc_nano.a(libc_a-sprintf.o)
                              ./Core/Src/remote.o (sprintf)
C:/ST/STM32CubeIDE_1.16.1/STM32CubeIDE/plugins/com.st.stm32cube.ide.mcu.externaltools.gnu-tools-for-stm32.12.3.rel1.win32_1.0.200.202406191623/tools/bin/../lib/gcc/arm-none-eabi/12.3.1/../../../../arm-none-eabi/lib/thumb/v7e-m+fp/hard\libc_nano.a(libc_a-stdio.o)
                              C:/ST/STM32CubeIDE_1.16.1/STM32CubeIDE/plugins/com.st.stm32cube.ide.mcu.externaltools.gnu-tools-for-stm32.12.3.rel1.win32_1.0.200.202406191623/tools/bin/../lib/gcc/arm-none-eabi/12.3.1/../../../../arm-none-eabi/lib/thumb/v7e-m+fp/hard\libc_nano.a(libc_a-findfp.o) (__sread)
C:/ST/STM32CubeIDE_1.16.1/STM32CubeIDE/plugins/com.st.stm32cube.ide.mcu.externaltools.gnu-tools-for-stm32.12.3.rel1.win32_1.0.200.202406191623/tools/bin/../lib/gcc/arm-none-eabi/12.3.1/../../../../arm-none-eabi/lib/thumb/v7e-m+fp/hard\libc_nano.a(libc_a-memset.o)
                              C:/ST/STM32CubeIDE_1.16.1/STM32CubeIDE/plugins/com.st.stm32cube.ide.mcu.externaltools.gnu-tools-for-stm32.12.3.rel1.win32_1.0.200.202406191623/tools/bin/../lib/gcc/arm-none-eabi/12.3.1/../../../../arm-none-eabi/lib/thumb/v7e-m+fp/hard/crt0.o (memset)
C:/ST/STM32CubeIDE_1.16.1/STM32CubeIDE/plugins/com.st.stm32cube.ide.mcu.externaltools.gnu-tools-for-stm32.12.3.rel1.win32_1.0.200.202406191623/tools/bin/../lib/gcc/arm-none-eabi/12.3.1/../../../../arm-none-eabi/lib/thumb/v7e-m+fp/hard\libc_nano.a(libc_a-strcat.o)
                              ./Core/Src/remote.o (strcat)
C:/ST/STM32CubeIDE_1.16.1/STM32CubeIDE/plugins/com.st.stm32cube.ide.mcu.externaltools.gnu-tools-for-stm32.12.3.rel1.win32_1.0.200.202406191623/tools/bin/../lib/gcc/arm-none-eabi/12.3.1/../../../../arm-none-eabi/lib/thumb/v7e-m+fp/hard\libc_nano.a(libc_a-closer.o)
                              C:/ST/STM32CubeIDE_1.16.1/STM32CubeIDE/plugins/com.st.stm32cube.ide.mcu.externaltools.gnu-tools-for-stm32.12.3.rel1.win32_1.0.200.202406191623/tools/bin/../lib/gcc/arm-none-eabi/12.3.1/../../../../arm-none-eabi/lib/thumb/v7e-m+fp/hard\libc_nano.a(libc_a-stdio.o) (_close_r)
C:/ST/STM32CubeIDE_1.16.1/STM32CubeIDE/plugins/com.st.stm32cube.ide.mcu.externaltools.gnu-tools-for-stm32.12.3.rel1.win32_1.0.200.202406191623/tools/bin/../lib/gcc/arm-none-eabi/12.3.1/../../../../arm-none-eabi/lib/thumb/v7e-m+fp/hard\libc_nano.a(libc_a-reent.o)
                              C:/ST/STM32CubeIDE_1.16.1/STM32CubeIDE/plugins/com.st.stm32cube.ide.mcu.externaltools.gnu-tools-for-stm32.12.3.rel1.win32_1.0.200.202406191623/tools/bin/../lib/gcc/arm-none-eabi/12.3.1/../../../../arm-none-eabi/lib/thumb/v7e-m+fp/hard\libc_nano.a(libc_a-closer.o) (errno)
C:/ST/STM32CubeIDE_1.16.1/STM32CubeIDE/plugins/com.st.stm32cube.ide.mcu.externaltools.gnu-tools-for-stm32.12.3.rel1.win32_1.0.200.202406191623/tools/bin/../lib/gcc/arm-none-eabi/12.3.1/../../../../arm-none-eabi/lib/thumb/v7e-m+fp/hard\libc_nano.a(libc_a-impure.o)
[...]
Memory Configuration

Name             Origin             Length             Attributes
RAM              0x20000000         0x00020000         xrw
FLASH            0x08000000         0x00080000         xr
*default*        0x00000000         0xffffffff

Linker script and memory map

LOAD C:/ST/STM32CubeIDE_1.16.1/STM32CubeIDE/plugins/com.st.stm32cube.ide.mcu.externaltools.gnu-tools-for-stm32.12.3.rel1.win32_1.0.200.202406191623/tools/bin/../lib/gcc/arm-none-eabi/12.3.1/thumb/v7e-m+fp/hard/crti.o
LOAD C:/ST/STM32CubeIDE_1.16.1/STM32CubeIDE/plugins/com.st.stm32cube.ide.mcu.externaltools.gnu-tools-for-stm32.12.3.rel1.win32_1.0.200.202406191623/tools/bin/../lib/gcc/arm-none-eabi/12.3.1/thumb/v7e-m+fp/hard/crtbegin.o
LOAD C:/ST/STM32CubeIDE_1.16.1/STM32CubeIDE/plugins/com.st.stm32cube.ide.mcu.externaltools.gnu-tools-for-stm32.12.3.rel1.win32_1.0.200.202406191623/tools/bin/../lib/gcc/arm-none-eabi/12.3.1/../../../../arm-none-eabi/lib/thumb/v7e-m+fp/hard/crt0.o
LOAD ./Core/Src/Hardware.o
LOAD ./Core/Src/func.o
LOAD ./Core/Src/func_binarypro.o
LOAD ./Core/Src/gpio.o
LOAD ./Core/Src/iso.o
LOAD ./Core/Src/main.o
LOAD ./Core/Src/priority_pushpop.o
LOAD ./Core/Src/prioritylist.o
LOAD ./Core/Src/remote.o
LOAD ./Core/Src/resultqueue.o
LOAD ./Core/Src/spi.o
LOAD ./Core/Src/stacks.o
LOAD ./Core/Src/stm32g4xx_hal_msp.o
LOAD ./Core/Src/stm32g4xx_it.o
LOAD ./Core/Src/syscalls.o
LOAD ./Core/Src/sysmem.o
LOAD ./Core/Src/system_stm32g4xx.o
LOAD ./Core/Src/tim.o
LOAD ./Core/Src/timer0.o
LOAD ./Core/Src/uart4.o
LOAD ./Core/Src/usart.o
LOAD ./Core/Src/zentrale.o
LOAD ./Core/Src/zentrale_cmd_sero.o
LOAD ./Core/Startup/startup_stm32g473vetx.o
LOAD ./Drivers/STM32G4xx_HAL_Driver/Src/stm32g4xx_hal.o
LOAD ./Drivers/STM32G4xx_HAL_Driver/Src/stm32g4xx_hal_cortex.o
LOAD ./Drivers/STM32G4xx_HAL_Driver/Src/stm32g4xx_hal_dma.o
LOAD ./Drivers/STM32G4xx_HAL_Driver/Src/stm32g4xx_hal_dma_ex.o
LOAD ./Drivers/STM32G4xx_HAL_Driver/Src/stm32g4xx_hal_exti.o
LOAD ./Drivers/STM32G4xx_HAL_Driver/Src/stm32g4xx_hal_flash.o
LOAD ./Drivers/STM32G4xx_HAL_Driver/Src/stm32g4xx_hal_flash_ex.o
LOAD ./Drivers/STM32G4xx_HAL_Driver/Src/stm32g4xx_hal_flash_ramfunc.o
LOAD ./Drivers/STM32G4xx_HAL_Driver/Src/stm32g4xx_hal_gpio.o
LOAD ./Drivers/STM32G4xx_HAL_Driver/Src/stm32g4xx_hal_pwr.o
LOAD ./Drivers/STM32G4xx_HAL_Driver/Src/stm32g4xx_hal_pwr_ex.o
LOAD ./Drivers/STM32G4xx_HAL_Driver/Src/stm32g4xx_hal_rcc.o
LOAD ./Drivers/STM32G4xx_HAL_Driver/Src/stm32g4xx_hal_rcc_ex.o
LOAD ./Drivers/STM32G4xx_HAL_Driver/Src/stm32g4xx_hal_spi.o
LOAD ./Drivers/STM32G4xx_HAL_Driver/Src/stm32g4xx_hal_spi_ex.o
LOAD ./Drivers/STM32G4xx_HAL_Driver/Src/stm32g4xx_hal_tim.o
LOAD ./Drivers/STM32G4xx_HAL_Driver/Src/stm32g4xx_hal_tim_ex.o
LOAD ./Drivers/STM32G4xx_HAL_Driver/Src/stm32g4xx_hal_uart.o
LOAD ./Drivers/STM32G4xx_HAL_Driver/Src/stm32g4xx_hal_uart_ex.o
START GROUP
LOAD C:/ST/STM32CubeIDE_1.16.1/STM32CubeIDE/plugins/com.st.stm32cube.ide.mcu.externaltools.gnu-tools-for-stm32.12.3.rel1.win32_1.0.200.202406191623/tools/bin/../lib/gcc/arm-none-eabi/12.3.1/../../../../arm-none-eabi/lib/thumb/v7e-m+fp/hard\libc_nano.a
LOAD C:/ST/STM32CubeIDE_1.16.1/STM32CubeIDE/plugins/com.st.stm32cube.ide.mcu.externaltools.gnu-tools-for-stm32.12.3.rel1.win32_1.0.200.202406191623/tools/bin/../lib/gcc/arm-none-eabi/12.3.1/../../../../arm-none-eabi/lib/thumb/v7e-m+fp/hard\libm.a
END GROUP
START GROUP
LOAD C:/ST/STM32CubeIDE_1.16.1/STM32CubeIDE/plugins/com.st.stm32cube.ide.mcu.externaltools.gnu-tools-for-stm32.12.3.rel1.win32_1.0.200.202406191623/tools/bin/../lib/gcc/arm-none-eabi/12.3.1/thumb/v7e-m+fp/hard\libgcc.a
LOAD C:/ST/STM32CubeIDE_1.16.1/STM32CubeIDE/plugins/com.st.stm32cube.ide.mcu.externaltools.gnu-tools-for-stm32.12.3.rel1.win32_1.0.200.202406191623/tools/bin/../lib/gcc/arm-none-eabi/12.3.1/../../../../arm-none-eabi/lib/thumb/v7e-m+fp/hard\libc_nano.a
END GROUP
START GROUP
LOAD C:/ST/STM32CubeIDE_1.16.1/STM32CubeIDE/plugins/com.st.stm32cube.ide.mcu.externaltools.gnu-tools-for-stm32.12.3.rel1.win32_1.0.200.202406191623/tools/bin/../lib/gcc/arm-none-eabi/12.3.1/thumb/v7e-m+fp/hard\libgcc.a
LOAD C:/ST/STM32CubeIDE_1.16.1/STM32CubeIDE/plugins/com.st.stm32cube.ide.mcu.externaltools.gnu-tools-for-stm32.12.3.rel1.win32_1.0.200.202406191623/tools/bin/../lib/gcc/arm-none-eabi/12.3.1/../../../../arm-none-eabi/lib/thumb/v7e-m+fp/hard\libc_nano.a
LOAD C:/ST/STM32CubeIDE_1.16.1/STM32CubeIDE/plugins/com.st.stm32cube.ide.mcu.externaltools.gnu-tools-for-stm32.12.3.rel1.win32_1.0.200.202406191623/tools/bin/../lib/gcc/arm-none-eabi/12.3.1/../../../../arm-none-eabi/lib/thumb/v7e-m+fp/hard\libnosys.a
END GROUP
START GROUP
LOAD C:/ST/STM32CubeIDE_1.16.1/STM32CubeIDE/plugins/com.st.stm32cube.ide.mcu.externaltools.gnu-tools-for-stm32.12.3.rel1.win32_1.0.200.202406191623/tools/bin/../lib/gcc/arm-none-eabi/12.3.1/thumb/v7e-m+fp/hard\libgcc.a
LOAD C:/ST/STM32CubeIDE_1.16.1/STM32CubeIDE/plugins/com.st.stm32cube.ide.mcu.externaltools.gnu-tools-for-stm32.12.3.rel1.win32_1.0.200.202406191623/tools/bin/../lib/gcc/arm-none-eabi/12.3.1/../../../../arm-none-eabi/lib/thumb/v7e-m+fp/hard\libc_nano.a
LOAD C:/ST/STM32CubeIDE_1.16.1/STM32CubeIDE/plugins/com.st.stm32cube.ide.mcu.externaltools.gnu-tools-for-stm32.12.3.rel1.win32_1.0.200.202406191623/tools/bin/../lib/gcc/arm-none-eabi/12.3.1/../../../../arm-none-eabi/lib/thumb/v7e-m+fp/hard\libnosys.a
END GROUP
LOAD C:/ST/STM32CubeIDE_1.16.1/STM32CubeIDE/plugins/com.st.stm32cube.ide.mcu.externaltools.gnu-tools-for-stm32.12.3.rel1.win32_1.0.200.202406191623/tools/bin/../lib/gcc/arm-none-eabi/12.3.1/thumb/v7e-m+fp/hard/crtend.o
LOAD C:/ST/STM32CubeIDE_1.16.1/STM32CubeIDE/plugins/com.st.stm32cube.ide.mcu.externaltools.gnu-tools-for-stm32.12.3.rel1.win32_1.0.200.202406191623/tools/bin/../lib/gcc/arm-none-eabi/12.3.1/thumb/v7e-m+fp/hard/crtn.o
                0x20020000                        _estack = (ORIGIN (RAM) + LENGTH (RAM))
                0x00000200                        _Min_Heap_Size = 0x200
                0x00000400                        _Min_Stack_Size = 0x400

.isr_vector     0x08000000      0x1d8
                0x08000000                        . = ALIGN (0x4)
 *(.isr_vector)
 .isr_vector    0x08000000      0x1d8 ./Core/Startup/startup_stm32g473vetx.o
                0x08000000                g_pfnVectors
                0x080001d8                        . = ALIGN (0x4)

.text           0x080001e0     0x89b8
                0x080001e0                        . = ALIGN (0x4)
 *(.text)
 .text          0x080001e0       0x40 C:/ST/STM32CubeIDE_1.16.1/STM32CubeIDE/plugins/com.st.stm32cube.ide.mcu.externaltools.gnu-tools-for-stm32.12.3.rel1.win32_1.0.200.202406191623/tools/bin/../lib/gcc/arm-none-eabi/12.3.1/thumb/v7e-m+fp/hard/crtbegin.o
 .text          0x08000220       0x14 C:/ST/STM32CubeIDE_1.16.1/STM32CubeIDE/plugins/com.st.stm32cube.ide.mcu.externaltools.gnu-tools-for-stm32.12.3.rel1.win32_1.0.200.202406191623/tools/bin/../lib/gcc/arm-none-eabi/12.3.1/../../../../arm-none-eabi/lib/thumb/v7e-m+fp/hard\libc_nano.a(libc_a-strcmp.o)
                0x08000220                strcmp
 .text          0x08000234       0x10 C:/ST/STM32CubeIDE_1.16.1/STM32CubeIDE/plugins/com.st.stm32cube.ide.mcu.externaltools.gnu-tools-for-stm32.12.3.rel1.win32_1.0.200.202406191623/tools/bin/../lib/gcc/arm-none-eabi/12.3.1/../../../../arm-none-eabi/lib/thumb/v7e-m+fp/hard\libc_nano.a(libc_a-strlen.o)
                0x08000234                strlen
 *fill*         0x08000244        0xc 
 .text          0x08000250       0xa0 C:/ST/STM32CubeIDE_1.16.1/STM32CubeIDE/plugins/com.st.stm32cube.ide.mcu.externaltools.gnu-tools-for-stm32.12.3.rel1.win32_1.0.200.202406191623/tools/bin/../lib/gcc/arm-none-eabi/12.3.1/../../../../arm-none-eabi/lib/thumb/v7e-m+fp/hard\libc_nano.a(libc_a-memchr.o)
                0x08000250                memchr
 .text          0x080002f0       0x30 C:/ST/STM32CubeIDE_1.16.1/STM32CubeIDE/plugins/com.st.stm32cube.ide.mcu.externaltools.gnu-tools-for-stm32.12.3.rel1.win32_1.0.200.202406191623/tools/bin/../lib/gcc/arm-none-eabi/12.3.1/thumb/v7e-m+fp/hard\libgcc.a(_aeabi_uldivmod.o)
                0x080002f0                __aeabi_uldivmod
 .text          0x08000320      0x2bc C:/ST/STM32CubeIDE_1.16.1/STM32CubeIDE/plugins/com.st.stm32cube.ide.mcu.externaltools.gnu-tools-for-stm32.12.3.rel1.win32_1.0.200.202406191623/tools/bin/../lib/gcc/arm-none-eabi/12.3.1/thumb/v7e-m+fp/hard\libgcc.a(_udivmoddi4.o)
                0x08000320                __udivmoddi4
 .text          0x080005dc        0x4 C:/ST/STM32CubeIDE_1.16.1/STM32CubeIDE/plugins/com.st.stm32cube.ide.mcu.externaltools.gnu-tools-for-stm32.12.3.rel1.win32_1.0.200.202406191623/tools/bin/../lib/gcc/arm-none-eabi/12.3.1/thumb/v7e-m+fp/hard\libgcc.a(_dvmd_tls.o)
                0x080005dc                __aeabi_idiv0
                0x080005dc                __aeabi_ldiv0
 *(.text*)
 .text.hw_sero_get
                0x080005e0        0xe ./Core/Src/Hardware.o
                0x080005e0                hw_sero_get
 .text.hw_sero_set
                0x080005ee       0x26 ./Core/Src/Hardware.o
                0x080005ee                hw_sero_set
 .text.u_ok     0x08000614       0x2e ./Core/Src/Hardware.o
                0x08000614                u_ok
 *fill*         0x08000642        0x2 
 .text.update_uok
                0x08000644       0x3c ./Core/Src/Hardware.o
                0x08000644                update_uok
 .text.readPumpWarning
                0x08000680       0x2c ./Core/Src/Hardware.o
                0x08000680                readPumpWarning
 .text.readPumpAlarm
                0x080006ac       0x2c ./Core/Src/Hardware.o
                0x080006ac                readPumpAlarm
 .text.delay_ms
                0x080006d8       0x1a ./Core/Src/func.o
                0x080006d8                delay_ms
 *fill*         0x080006f2        0x2 
 .text.MX_GPIO_Init
                0x080006f4      0x168 ./Core/Src/gpio.o
                0x080006f4                MX_GPIO_Init
 .text.main     0x0800085c       0x70 ./Core/Src/main.o
                0x0800085c                main
 .text.SystemClock_Config
                0x080008cc       0x92 ./Core/Src/main.o
                0x080008cc                SystemClock_Config
 .text.Error_Handler
                0x0800095e        0xc ./Core/Src/main.o
                0x0800095e                Error_Handler
 .text.priolist_push
                0x0800096a       0x96 ./Core/Src/priority_pushpop.o
                0x0800096a                priolist_push
 .text.priolist_node_insert
                0x08000a00       0xc2 ./Core/Src/priority_pushpop.o
                0x08000a00                priolist_node_insert
 .text.priolist_pop
                0x08000ac2       0x68 ./Core/Src/priority_pushpop.o
                0x08000ac2                priolist_pop
 *fill*         0x08000b2a        0x2 
 .text.priolist_init
                0x08000b2c       0xd0 ./Core/Src/prioritylist.o
                0x08000b2c                priolist_init
 .text.remote_init
                0x08000bfc       0x70 ./Core/Src/remote.o
                0x08000bfc                remote_init
 .text.remote_sero_get
                0x08000c6c       0x60 ./Core/Src/remote.o
                0x08000c6c                remote_sero_get
 .text.gb_sero_get
                0x08000ccc       0x60 ./Core/Src/remote.o
                0x08000ccc                gb_sero_get
 .text.parse_binary
                0x08000d2c      0x228 ./Core/Src/remote.o
 .text.parse_ascii
                0x08000f54      0x73c ./Core/Src/remote.o
                0x08000f54                parse_ascii
 .text.serialSendAnswer
                0x08001690      0x128 ./Core/Src/remote.o
                0x08001690                serialSendAnswer
 .text.output_ascii_cmdack
                0x080017b8      0x44c ./Core/Src/remote.o
                0x080017b8                output_ascii_cmdack
 .text.Binary_Search
                0x08001c04       0xe4 ./Core/Src/remote.o
                0x08001c04                Binary_Search
 .text.output_ascii_result
                0x08001ce8       0x88 ./Core/Src/remote.o
                0x08001ce8                output_ascii_result
 .text.output_binary_result
                0x08001d70       0x6c ./Core/Src/remote.o
                0x08001d70                output_binary_result
 .text.output_ascii
                0x08001ddc       0x48 ./Core/Src/remote.o
                0x08001ddc                output_ascii
 .text.remote_ascii_verbose
                0x08001e24       0x18 ./Core/Src/remote.o
                0x08001e24                remote_ascii_verbose
 .text.remote_ascii_crlf
                0x08001e3c       0x18 ./Core/Src/remote.o
                0x08001e3c                remote_ascii_crlf
 .text.resultQueue_init
                0x08001e54       0x24 ./Core/Src/resultqueue.o
                0x08001e54                resultQueue_init
 .text.get_anzFrei_resultQueue
                0x08001e78       0x44 ./Core/Src/resultqueue.o
                0x08001e78                get_anzFrei_resultQueue
 .text.get_anzBes_resultQueue
                0x08001ebc       0x3c ./Core/Src/resultqueue.o
                0x08001ebc                get_anzBes_resultQueue
 .text.resultQueue_push
                0x08001ef8       0x68 ./Core/Src/resultqueue.o
                0x08001ef8                resultQueue_push
 .text.resultQueue_pop
                0x08001f60       0x58 ./Core/Src/resultqueue.o
                0x08001f60                resultQueue_pop
 .text.result_get_sero
                0x08001fb8       0x56 ./Core/Src/resultqueue.o
                0x08001fb8                result_get_sero
 *fill*         0x0800200e        0x2 
 .text.MX_SPI1_Init
                0x08002010       0x7c ./Core/Src/spi.o
                0x08002010                MX_SPI1_Init
 .text.HAL_SPI_MspInit
                0x0800208c       0x84 ./Core/Src/spi.o
                0x0800208c                HAL_SPI_MspInit
 .text.stacks_init
                0x08002110       0xa8 ./Core/Src/stacks.o
                0x08002110                stacks_init
 .text.stacks_insert_cmd
                0x080021b8       0x76 ./Core/Src/stacks.o
                0x080021b8                stacks_insert_cmd
 *fill*         0x0800222e        0x2 
 .text.z_mc_stack_insert
                0x08002230      0x1bc ./Core/Src/stacks.o
                0x08002230                z_mc_stack_insert
 .text.stack_insert_sero
                0x080023ec       0x32 ./Core/Src/stacks.o
                0x080023ec                stack_insert_sero
 *fill*         0x0800241e        0x2 
 .text.mcstack_pop
                0x08002420       0xac ./Core/Src/stacks.o
                0x08002420                mcstack_pop
 .text.zstack_pop
                0x080024cc       0x8c ./Core/Src/stacks.o
                0x080024cc                zstack_pop
 .text.HAL_MspInit
                0x08002558       0x48 ./Core/Src/stm32g4xx_hal_msp.o
                0x08002558                HAL_MspInit
 .text.NMI_Handler
                0x080025a0        0x8 ./Core/Src/stm32g4xx_it.o
                0x080025a0                NMI_Handler
 .text.HardFault_Handler
                0x080025a8        0x8 ./Core/Src/stm32g4xx_it.o
                0x080025a8                HardFault_Handler
 .text.MemManage_Handler
                0x080025b0        0x8 ./Core/Src/stm32g4xx_it.o
                0x080025b0                MemManage_Handler
 .text.BusFault_Handler
                0x080025b8        0x8 ./Core/Src/stm32g4xx_it.o
                0x080025b8                BusFault_Handler
 .text.UsageFault_Handler
                0x080025c0        0x8 ./Core/Src/stm32g4xx_it.o
                0x080025c0                UsageFault_Handler
 .text.SVC_Handler
                0x080025c8        0xe ./Core/Src/stm32g4xx_it.o
                0x080025c8                SVC_Handler
 .text.DebugMon_Handler
                0x080025d6        0xe ./Core/Src/stm32g4xx_it.o
                0x080025d6                DebugMon_Handler
 .text.PendSV_Handler
                0x080025e4        0xe ./Core/Src/stm32g4xx_it.o
                0x080025e4                PendSV_Handler
 .text.SysTick_Handler
                0x080025f2        0xc ./Core/Src/stm32g4xx_it.o
                0x080025f2                SysTick_Handler
 *fill*         0x080025fe        0x2 
 .text._sbrk    0x08002600       0x6c ./Core/Src/sysmem.o
                0x08002600                _sbrk
 .text.SystemInit
                0x0800266c       0x24 ./Core/Src/system_stm32g4xx.o
                0x0800266c                SystemInit
 .text.MX_TIM1_Init
                0x08002690       0xd4 ./Core/Src/tim.o
                0x08002690                MX_TIM1_Init
 .text.HAL_TIM_Base_MspInit
                0x08002764       0x40 ./Core/Src/tim.o
                0x08002764                HAL_TIM_Base_MspInit
 .text.set_ct_hbeat
                0x080027a4       0x20 ./Core/Src/timer0.o
                0x080027a4                set_ct_hbeat
 .text.ct_hbeat_null
                0x080027c4       0x28 ./Core/Src/timer0.o
                0x080027c4                ct_hbeat_null
 .text.ct_init_null
                0x080027ec       0x28 ./Core/Src/timer0.o
                0x080027ec                ct_init_null
 .text.HAL_UART_RxCpltCallback
                0x08002814       0x34 ./Core/Src/uart4.o
                0x08002814                HAL_UART_RxCpltCallback
 .text.uartRB_OnRxCplt
                0x08002848       0x78 ./Core/Src/uart4.o
                0x08002848                uartRB_OnRxCplt
 .text.uart_initAll
                0x080028c0       0x50 ./Core/Src/uart4.o
                0x080028c0                uart_initAll
 .text.uartRB_Init
                0x08002910       0x4c ./Core/Src/uart4.o
                0x08002910                uartRB_Init
 .text.rb_free_tx
                0x0800295c       0x5e ./Core/Src/uart4.o
                0x0800295c                rb_free_tx
 .text.rb_free_rx
                0x080029ba       0x58 ./Core/Src/uart4.o
                0x080029ba                rb_free_rx
 .text.rb_rx_used
                0x08002a12       0x4e ./Core/Src/uart4.o
                0x08002a12                rb_rx_used
 .text.uartRB_KickTx
                0x08002a60       0x8a ./Core/Src/uart4.o
                0x08002a60                uartRB_KickTx
 *fill*         0x08002aea        0x2 
 .text.uartRB_Put
                0x08002aec       0xa8 ./Core/Src/uart4.o
                0x08002aec                uartRB_Put
 .text.uartRB_Getc
                0x08002b94       0x5a ./Core/Src/uart4.o
                0x08002b94                uartRB_Getc
 *fill*         0x08002bee        0x2 
 .text.MX_UART4_Init
                0x08002bf0       0x98 ./Core/Src/usart.o
                0x08002bf0                MX_UART4_Init
 .text.MX_UART5_Init
                0x08002c88       0x98 ./Core/Src/usart.o
                0x08002c88                MX_UART5_Init
 .text.MX_USART1_UART_Init
                0x08002d20       0x98 ./Core/Src/usart.o
                0x08002d20                MX_USART1_UART_Init
 .text.MX_USART2_UART_Init
                0x08002db8       0x9c ./Core/Src/usart.o
                0x08002db8                MX_USART2_UART_Init
 .text.MX_USART3_UART_Init
                0x08002e54       0x9c ./Core/Src/usart.o
                0x08002e54                MX_USART3_UART_Init
 .text.HAL_UART_MspInit
                0x08002ef0      0x374 ./Core/Src/usart.o
                0x08002ef0                HAL_UART_MspInit
 .text.zentrale_init
                0x08003264       0x40 ./Core/Src/zentrale.o
                0x08003264                zentrale_init
 .text.z_update_power_errors
                0x080032a4       0x4c ./Core/Src/zentrale.o
 .text.zentrale
                0x080032f0      0x1d4 ./Core/Src/zentrale.o
                0x080032f0                zentrale
 .text.z_set_status_tend
                0x080034c4       0x2c ./Core/Src/zentrale.o
                0x080034c4                z_set_status_tend
 .text.z_get_error
                0x080034f0       0x18 ./Core/Src/zentrale.o
                0x080034f0                z_get_error
 .text.z_set_error
                0x08003508       0x3c ./Core/Src/zentrale.o
                0x08003508                z_set_error
 .text.z_get_status
                0x08003544       0x18 ./Core/Src/zentrale.o
                0x08003544                z_get_status
 .text.z_reset  0x0800355c       0x28 ./Core/Src/zentrale.o
                0x0800355c                z_reset
 .text.z_get_remote_mode
                0x08003584       0x18 ./Core/Src/zentrale.o
                0x08003584                z_get_remote_mode
 .text.z_set_remote_mode
                0x0800359c       0x3c ./Core/Src/zentrale.o
                0x0800359c                z_set_remote_mode
 .text.z_set_rf
                0x080035d8       0x38 ./Core/Src/zentrale.o
                0x080035d8                z_set_rf
 .text.z_get_rf
                0x08003610       0x18 ./Core/Src/zentrale.o
                0x08003610                z_get_rf
 .text.z_get_pf_a
                0x08003628       0x20 ./Core/Src/zentrale.o
                0x08003628                z_get_pf_a
 .text.z_get_pr_a
                0x08003648       0x20 ./Core/Src/zentrale.o
                0x08003648                z_get_pr_a
 .text.z_get_pf_b
                0x08003668       0x20 ./Core/Src/zentrale.o
                0x08003668                z_get_pf_b
 .text.z_get_pr_b
                0x08003688       0x20 ./Core/Src/zentrale.o
                0x08003688                z_get_pr_b
 .text.z_get_pf_c
                0x080036a8       0x20 ./Core/Src/zentrale.o
                0x080036a8                z_get_pf_c
 .text.z_get_pr_c
                0x080036c8       0x20 ./Core/Src/zentrale.o
                0x080036c8                z_get_pr_c
 .text.z_get_pf_d
                0x080036e8       0x20 ./Core/Src/zentrale.o
                0x080036e8                z_get_pf_d
 .text.z_get_pr_d
                0x08003708       0x20 ./Core/Src/zentrale.o
                0x08003708                z_get_pr_d
 .text.z_set_a_ampphase
                0x08003728       0x94 ./Core/Src/zentrale.o
                0x08003728                z_set_a_ampphase
 .text.z_set_b_ampphase
                0x080037bc       0x94 ./Core/Src/zentrale.o
                0x080037bc                z_set_b_ampphase
 .text.z_set_c_ampphase
                0x08003850       0x94 ./Core/Src/zentrale.o
                0x08003850                z_set_c_ampphase
 .text.z_set_d_ampphase
                0x080038e4       0x94 ./Core/Src/zentrale.o
                0x080038e4                z_set_d_ampphase
 .text.z_set_amp_a
                0x08003978       0x50 ./Core/Src/zentrale.o
                0x08003978                z_set_amp_a
 .text.z_get_amp_a
                0x080039c8       0x18 ./Core/Src/zentrale.o
                0x080039c8                z_get_amp_a
 .text.z_set_amp_b
                0x080039e0       0x50 ./Core/Src/zentrale.o
                0x080039e0                z_set_amp_b
 .text.z_get_amp_b
                0x08003a30       0x18 ./Core/Src/zentrale.o
                0x08003a30                z_get_amp_b
 .text.z_set_amp_c
                0x08003a48       0x50 ./Core/Src/zentrale.o
                0x08003a48                z_set_amp_c
 .text.z_get_amp_c
                0x08003a98       0x18 ./Core/Src/zentrale.o
                0x08003a98                z_get_amp_c
 .text.z_set_amp_d
                0x08003ab0       0x50 ./Core/Src/zentrale.o
                0x08003ab0                z_set_amp_d
 .text.z_get_amp_d
                0x08003b00       0x18 ./Core/Src/zentrale.o
                0x08003b00                z_get_amp_d
 .text.z_set_phase_a
                0x08003b18       0x50 ./Core/Src/zentrale.o
                0x08003b18                z_set_phase_a
 .text.z_get_phase_a
                0x08003b68       0x18 ./Core/Src/zentrale.o
                0x08003b68                z_get_phase_a
 .text.z_set_phase_b
                0x08003b80       0x50 ./Core/Src/zentrale.o
                0x08003b80                z_set_phase_b
 .text.z_get_phase_b
                0x08003bd0       0x18 ./Core/Src/zentrale.o
                0x08003bd0                z_get_phase_b
 .text.z_set_phase_c
                0x08003be8       0x50 ./Core/Src/zentrale.o
                0x08003be8                z_set_phase_c
 .text.z_get_phase_c
                0x08003c38       0x18 ./Core/Src/zentrale.o
                0x08003c38                z_get_phase_c
 .text.z_set_phase_d
                0x08003c50       0x50 ./Core/Src/zentrale.o
                0x08003c50                z_set_phase_d
 .text.z_get_phase_d
                0x08003ca0       0x18 ./Core/Src/zentrale.o
                0x08003ca0                z_get_phase_d
 .text.z_set_apply
                0x08003cb8       0x18 ./Core/Src/zentrale.o
                0x08003cb8                z_set_apply
 .text.z_cmd_scheduler
                0x08003cd0       0xdc ./Core/Src/zentrale_cmd_sero.o
                0x08003cd0                z_cmd_scheduler
 .text.z_cmd_sero
                0x08003dac      0x3d4 ./Core/Src/zentrale_cmd_sero.o
                0x08003dac                z_cmd_sero
 .text.Reset_Handler
                0x08004180       0x50 ./Core/Startup/startup_stm32g473vetx.o
                0x08004180                Reset_Handler
 .text.Default_Handler
                0x080041d0        0x2 ./Core/Startup/startup_stm32g473vetx.o
                0x080041d0                RTC_Alarm_IRQHandler
                0x080041d0                EXTI2_IRQHandler
                0x080041d0                TIM8_TRG_COM_IRQHandler
                0x080041d0                TIM8_CC_IRQHandler
                0x080041d0                SPI4_IRQHandler
                0x080041d0                FDCAN3_IT0_IRQHandler
                0x080041d0                TIM1_CC_IRQHandler
                0x080041d0                USB_HP_IRQHandler
                0x080041d0                CORDIC_IRQHandler
                0x080041d0                DMA2_Channel8_IRQHandler
                0x080041d0                EXTI3_IRQHandler
                0x080041d0                I2C3_ER_IRQHandler
                0x080041d0                EXTI0_IRQHandler
                0x080041d0                I2C2_EV_IRQHandler
                0x080041d0                FPU_IRQHandler
                0x080041d0                FDCAN1_IT1_IRQHandler
                0x080041d0                TIM1_UP_TIM16_IRQHandler
                0x080041d0                ADC1_2_IRQHandler
                0x080041d0                SPI1_IRQHandler
                0x080041d0                TIM6_DAC_IRQHandler
                0x080041d0                TIM8_UP_IRQHandler
                0x080041d0                DMA2_Channel2_IRQHandler
                0x080041d0                DMA1_Channel4_IRQHandler
                0x080041d0                TIM20_TRG_COM_IRQHandler
                0x080041d0                USART3_IRQHandler
                0x080041d0                DMA1_Channel7_IRQHandler
                0x080041d0                UART5_IRQHandler
                0x080041d0                ADC3_IRQHandler
                0x080041d0                TIM4_IRQHandler
                0x080041d0                DMA2_Channel1_IRQHandler
                0x080041d0                QUADSPI_IRQHandler
                0x080041d0                I2C1_EV_IRQHandler
                0x080041d0                DMA1_Channel6_IRQHandler
                0x080041d0                UART4_IRQHandler
                0x080041d0                DMA2_Channel4_IRQHandler
                0x080041d0                TIM3_IRQHandler
                0x080041d0                RCC_IRQHandler
                0x080041d0                TIM20_UP_IRQHandler
                0x080041d0                DMA1_Channel1_IRQHandler
                0x080041d0                Default_Handler
                0x080041d0                DMA2_Channel7_IRQHandler
                0x080041d0                RTC_TAMP_LSECSS_IRQHandler
                0x080041d0                FMAC_IRQHandler
                0x080041d0                EXTI15_10_IRQHandler
                0x080041d0                DMA1_Channel8_IRQHandler
                0x080041d0                TIM7_DAC_IRQHandler
                0x080041d0                FDCAN3_IT1_IRQHandler
                0x080041d0                TIM5_IRQHandler
                0x080041d0                UCPD1_IRQHandler
                0x080041d0                I2C3_EV_IRQHandler
                0x080041d0                EXTI9_5_IRQHandler
                0x080041d0                RTC_WKUP_IRQHandler
                0x080041d0                PVD_PVM_IRQHandler
                0x080041d0                SPI2_IRQHandler
                0x080041d0                ADC5_IRQHandler
                0x080041d0                DMA2_Channel5_IRQHandler
                0x080041d0                CRS_IRQHandler
                0x080041d0                DMA1_Channel5_IRQHandler
                0x080041d0                USB_LP_IRQHandler
                0x080041d0                EXTI4_IRQHandler
                0x080041d0                RNG_IRQHandler
                0x080041d0                TIM1_TRG_COM_TIM17_IRQHandler
                0x080041d0                FDCAN2_IT1_IRQHandler
                0x080041d0                DMA1_Channel3_IRQHandler
                0x080041d0                ADC4_IRQHandler
                0x080041d0                WWDG_IRQHandler
                0x080041d0                I2C4_EV_IRQHandler
                0x080041d0                FDCAN2_IT0_IRQHandler
                0x080041d0                LPUART1_IRQHandler
                0x080041d0                DMA2_Channel6_IRQHandler
                0x080041d0                FDCAN1_IT0_IRQHandler
                0x080041d0                TIM2_IRQHandler
                0x080041d0                COMP7_IRQHandler
                0x080041d0                COMP1_2_3_IRQHandler
                0x080041d0                EXTI1_IRQHandler
                0x080041d0                USART2_IRQHandler
                0x080041d0                COMP4_5_6_IRQHandler
                0x080041d0                TIM20_BRK_IRQHandler
                0x080041d0                I2C2_ER_IRQHandler
                0x080041d0                DMA1_Channel2_IRQHandler
                0x080041d0                TIM8_BRK_IRQHandler
                0x080041d0                FLASH_IRQHandler
                0x080041d0                TIM20_CC_IRQHandler
                0x080041d0                USART1_IRQHandler
                0x080041d0                SPI3_IRQHandler
                0x080041d0                I2C1_ER_IRQHandler
                0x080041d0                FMC_IRQHandler
                0x080041d0                LPTIM1_IRQHandler
                0x080041d0                DMAMUX_OVR_IRQHandler
                0x080041d0                I2C4_ER_IRQHandler
                0x080041d0                USBWakeUp_IRQHandler
                0x080041d0                SAI1_IRQHandler
                0x080041d0                DMA2_Channel3_IRQHandler
                0x080041d0                TIM1_BRK_TIM15_IRQHandler
 .text.HAL_Init
                0x080041d2       0x30 ./Drivers/STM32G4xx_HAL_Driver/Src/stm32g4xx_hal.o
                0x080041d2                HAL_Init
 *fill*         0x08004202        0x2 
 .text.HAL_InitTick
                0x08004204       0x74 ./Drivers/STM32G4xx_HAL_Driver/Src/stm32g4xx_hal.o
                0x08004204                HAL_InitTick
 .text.HAL_IncTick
                0x08004278       0x24 ./Drivers/STM32G4xx_HAL_Driver/Src/stm32g4xx_hal.o
                0x08004278                HAL_IncTick
 .text.HAL_GetTick
                0x0800429c       0x18 ./Drivers/STM32G4xx_HAL_Driver/Src/stm32g4xx_hal.o
                0x0800429c                HAL_GetTick
 .text.HAL_Delay
                0x080042b4       0x44 ./Drivers/STM32G4xx_HAL_Driver/Src/stm32g4xx_hal.o
                0x080042b4                HAL_Delay
 .text.__NVIC_SetPriorityGrouping
                0x080042f8       0x48 ./Drivers/STM32G4xx_HAL_Driver/Src/stm32g4xx_hal_cortex.o
 .text.__NVIC_GetPriorityGrouping
                0x08004340       0x1c ./Drivers/STM32G4xx_HAL_Driver/Src/stm32g4xx_hal_cortex.o
 .text.__NVIC_EnableIRQ
                0x0800435c       0x3c ./Drivers/STM32G4xx_HAL_Driver/Src/stm32g4xx_hal_cortex.o
 .text.__NVIC_DisableIRQ
                0x08004398       0x48 ./Drivers/STM32G4xx_HAL_Driver/Src/stm32g4xx_hal_cortex.o
 .text.__NVIC_SetPriority
                0x080043e0       0x54 ./Drivers/STM32G4xx_HAL_Driver/Src/stm32g4xx_hal_cortex.o
 .text.NVIC_EncodePriority
                0x08004434       0x66 ./Drivers/STM32G4xx_HAL_Driver/Src/stm32g4xx_hal_cortex.o
 *fill*         0x0800449a        0x2 
 .text.SysTick_Config
                0x0800449c       0x44 ./Drivers/STM32G4xx_HAL_Driver/Src/stm32g4xx_hal_cortex.o
 .text.HAL_NVIC_SetPriorityGrouping
                0x080044e0       0x16 ./Drivers/STM32G4xx_HAL_Driver/Src/stm32g4xx_hal_cortex.o
                0x080044e0                HAL_NVIC_SetPriorityGrouping
 .text.HAL_NVIC_SetPriority
                0x080044f6       0x34 ./Drivers/STM32G4xx_HAL_Driver/Src/stm32g4xx_hal_cortex.o
                0x080044f6                HAL_NVIC_SetPriority
 .text.HAL_NVIC_EnableIRQ
                0x0800452a       0x1c ./Drivers/STM32G4xx_HAL_Driver/Src/stm32g4xx_hal_cortex.o
                0x0800452a                HAL_NVIC_EnableIRQ
 .text.HAL_NVIC_DisableIRQ
                0x08004546       0x1c ./Drivers/STM32G4xx_HAL_Driver/Src/stm32g4xx_hal_cortex.o
                0x08004546                HAL_NVIC_DisableIRQ
 .text.HAL_SYSTICK_Config
                0x08004562       0x18 ./Drivers/STM32G4xx_HAL_Driver/Src/stm32g4xx_hal_cortex.o
                0x08004562                HAL_SYSTICK_Config
 *fill*         0x0800457a        0x2 
 .text.HAL_GPIO_Init
                0x0800457c      0x304 ./Drivers/STM32G4xx_HAL_Driver/Src/stm32g4xx_hal_gpio.o
                0x0800457c                HAL_GPIO_Init
 .text.HAL_GPIO_ReadPin
                0x08004880       0x30 ./Drivers/STM32G4xx_HAL_Driver/Src/stm32g4xx_hal_gpio.o
                0x08004880                HAL_GPIO_ReadPin
 .text.HAL_GPIO_WritePin
                0x080048b0       0x30 ./Drivers/STM32G4xx_HAL_Driver/Src/stm32g4xx_hal_gpio.o
                0x080048b0                HAL_GPIO_WritePin
 .text.HAL_GPIO_TogglePin
                0x080048e0       0x34 ./Drivers/STM32G4xx_HAL_Driver/Src/stm32g4xx_hal_gpio.o
                0x080048e0                HAL_GPIO_TogglePin
 .text.HAL_PWREx_ControlVoltageScaling
                0x08004914      0x148 ./Drivers/STM32G4xx_HAL_Driver/Src/stm32g4xx_hal_pwr_ex.o
                0x08004914                HAL_PWREx_ControlVoltageScaling
 .text.HAL_PWREx_DisableUCPDDeadBattery
                0x08004a5c       0x20 ./Drivers/STM32G4xx_HAL_Driver/Src/stm32g4xx_hal_pwr_ex.o
                0x08004a5c                HAL_PWREx_DisableUCPDDeadBattery
 .text.HAL_RCC_OscConfig
                0x08004a7c      0x624 ./Drivers/STM32G4xx_HAL_Driver/Src/stm32g4xx_hal_rcc.o
                0x08004a7c                HAL_RCC_OscConfig
 .text.HAL_RCC_ClockConfig
                0x080050a0      0x278 ./Drivers/STM32G4xx_HAL_Driver/Src/stm32g4xx_hal_rcc.o
                0x080050a0                HAL_RCC_ClockConfig
 .text.HAL_RCC_GetSysClockFreq
                0x08005318       0xc4 ./Drivers/STM32G4xx_HAL_Driver/Src/stm32g4xx_hal_rcc.o
                0x08005318                HAL_RCC_GetSysClockFreq
 .text.HAL_RCC_GetHCLKFreq
                0x080053dc       0x18 ./Drivers/STM32G4xx_HAL_Driver/Src/stm32g4xx_hal_rcc.o
                0x080053dc                HAL_RCC_GetHCLKFreq
 .text.HAL_RCC_GetPCLK1Freq
                0x080053f4       0x2c ./Drivers/STM32G4xx_HAL_Driver/Src/stm32g4xx_hal_rcc.o
                0x080053f4                HAL_RCC_GetPCLK1Freq
 .text.HAL_RCC_GetPCLK2Freq
                0x08005420       0x2c ./Drivers/STM32G4xx_HAL_Driver/Src/stm32g4xx_hal_rcc.o
                0x08005420                HAL_RCC_GetPCLK2Freq
 .text.RCC_GetSysClockFreqFromPLLSource
                0x0800544c       0x8c ./Drivers/STM32G4xx_HAL_Driver/Src/stm32g4xx_hal_rcc.o
 .text.HAL_RCCEx_PeriphCLKConfig
                0x080054d8      0x49c ./Drivers/STM32G4xx_HAL_Driver/Src/stm32g4xx_hal_rcc_ex.o
                0x080054d8                HAL_RCCEx_PeriphCLKConfig
 .text.HAL_SPI_Init
                0x08005974      0x156 ./Drivers/STM32G4xx_HAL_Driver/Src/stm32g4xx_hal_spi.o
                0x08005974                HAL_SPI_Init
 .text.HAL_TIM_Base_Init
                0x08005aca       0xae ./Drivers/STM32G4xx_HAL_Driver/Src/stm32g4xx_hal_tim.o
                0x08005aca                HAL_TIM_Base_Init
 .text.HAL_TIM_ConfigClockSource
                0x08005b78      0x218 ./Drivers/STM32G4xx_HAL_Driver/Src/stm32g4xx_hal_tim.o
                0x08005b78                HAL_TIM_ConfigClockSource
 .text.HAL_TIM_SlaveConfigSynchro
                0x08005d90       0x84 ./Drivers/STM32G4xx_HAL_Driver/Src/stm32g4xx_hal_tim.o
                0x08005d90                HAL_TIM_SlaveConfigSynchro
 .text.TIM_Base_SetConfig
                0x08005e14      0x168 ./Drivers/STM32G4xx_HAL_Driver/Src/stm32g4xx_hal_tim.o
                0x08005e14                TIM_Base_SetConfig
 .text.TIM_SlaveTimer_SetConfig
                0x08005f7c      0x1ac ./Drivers/STM32G4xx_HAL_Driver/Src/stm32g4xx_hal_tim.o
 .text.TIM_TI1_ConfigInputStage
                0x08006128       0x5e ./Drivers/STM32G4xx_HAL_Driver/Src/stm32g4xx_hal_tim.o
 .text.TIM_TI2_ConfigInputStage
                0x08006186       0x60 ./Drivers/STM32G4xx_HAL_Driver/Src/stm32g4xx_hal_tim.o
 .text.TIM_ITRx_SetConfig
                0x080061e6       0x3a ./Drivers/STM32G4xx_HAL_Driver/Src/stm32g4xx_hal_tim.o
 .text.TIM_ETR_SetConfig
                0x08006220       0x40 ./Drivers/STM32G4xx_HAL_Driver/Src/stm32g4xx_hal_tim.o
                0x08006220                TIM_ETR_SetConfig
 .text.HAL_TIMEx_MasterConfigSynchronization
                0x08006260      0x12c ./Drivers/STM32G4xx_HAL_Driver/Src/stm32g4xx_hal_tim_ex.o
                0x08006260                HAL_TIMEx_MasterConfigSynchronization
 .text.HAL_UART_Init
                0x0800638c       0xa0 ./Drivers/STM32G4xx_HAL_Driver/Src/stm32g4xx_hal_uart.o
                0x0800638c                HAL_UART_Init
 .text.HAL_UART_Transmit_IT
                0x0800642c      0x128 ./Drivers/STM32G4xx_HAL_Driver/Src/stm32g4xx_hal_uart.o
                0x0800642c                HAL_UART_Transmit_IT
 .text.HAL_UART_Receive_IT
                0x08006554       0x98 ./Drivers/STM32G4xx_HAL_Driver/Src/stm32g4xx_hal_uart.o
                0x08006554                HAL_UART_Receive_IT
 .text.HAL_UART_ErrorCallback
                0x080065ec       0x14 ./Drivers/STM32G4xx_HAL_Driver/Src/stm32g4xx_hal_uart.o
                0x080065ec                HAL_UART_ErrorCallback
 .text.HAL_UARTEx_RxEventCallback
                0x08006600       0x18 ./Drivers/STM32G4xx_HAL_Driver/Src/stm32g4xx_hal_uart.o
                0x08006600                HAL_UARTEx_RxEventCallback
 .text.UART_SetConfig
                0x08006618      0x5f8 ./Drivers/STM32G4xx_HAL_Driver/Src/stm32g4xx_hal_uart.o
                0x08006618                UART_SetConfig
 .text.UART_AdvFeatureConfig
                0x08006c10      0x144 ./Drivers/STM32G4xx_HAL_Driver/Src/stm32g4xx_hal_uart.o
                0x08006c10                UART_AdvFeatureConfig
 .text.UART_CheckIdleState
                0x08006d54      0x154 ./Drivers/STM32G4xx_HAL_Driver/Src/stm32g4xx_hal_uart.o
                0x08006d54                UART_CheckIdleState
 .text.UART_WaitOnFlagUntilTimeout
                0x08006ea8       0xda ./Drivers/STM32G4xx_HAL_Driver/Src/stm32g4xx_hal_uart.o
                0x08006ea8                UART_WaitOnFlagUntilTimeout
 *fill*         0x08006f82        0x2 
 .text.UART_Start_Receive_IT
                0x08006f84      0x244 ./Drivers/STM32G4xx_HAL_Driver/Src/stm32g4xx_hal_uart.o
                0x08006f84                UART_Start_Receive_IT
 .text.UART_EndRxTransfer
                0x080071c8       0xcc ./Drivers/STM32G4xx_HAL_Driver/Src/stm32g4xx_hal_uart.o
 .text.UART_TxISR_8BIT
                0x08007294       0xb8 ./Drivers/STM32G4xx_HAL_Driver/Src/stm32g4xx_hal_uart.o
 .text.UART_TxISR_16BIT
                0x0800734c       0xc2 ./Drivers/STM32G4xx_HAL_Driver/Src/stm32g4xx_hal_uart.o
 .text.UART_TxISR_8BIT_FIFOEN
                0x0800740e       0xe0 ./Drivers/STM32G4xx_HAL_Driver/Src/stm32g4xx_hal_uart.o
 .text.UART_TxISR_16BIT_FIFOEN
                0x080074ee       0xea ./Drivers/STM32G4xx_HAL_Driver/Src/stm32g4xx_hal_uart.o
 .text.UART_RxISR_8BIT
                0x080075d8      0x1b8 ./Drivers/STM32G4xx_HAL_Driver/Src/stm32g4xx_hal_uart.o
 .text.UART_RxISR_16BIT
                0x08007790      0x1b8 ./Drivers/STM32G4xx_HAL_Driver/Src/stm32g4xx_hal_uart.o
 .text.UART_RxISR_8BIT_FIFOEN
                0x08007948      0x364 ./Drivers/STM32G4xx_HAL_Driver/Src/stm32g4xx_hal_uart.o
 .text.UART_RxISR_16BIT_FIFOEN
                0x08007cac      0x36c ./Drivers/STM32G4xx_HAL_Driver/Src/stm32g4xx_hal_uart.o
 .text.HAL_UARTEx_DisableFifoMode
                0x08008018       0x72 ./Drivers/STM32G4xx_HAL_Driver/Src/stm32g4xx_hal_uart_ex.o
                0x08008018                HAL_UARTEx_DisableFifoMode
 .text.HAL_UARTEx_SetTxFifoThreshold
                0x0800808a       0x7c ./Drivers/STM32G4xx_HAL_Driver/Src/stm32g4xx_hal_uart_ex.o
                0x0800808a                HAL_UARTEx_SetTxFifoThreshold
 .text.HAL_UARTEx_SetRxFifoThreshold
                0x08008106       0x7c ./Drivers/STM32G4xx_HAL_Driver/Src/stm32g4xx_hal_uart_ex.o
                0x08008106                HAL_UARTEx_SetRxFifoThreshold
 *fill*         0x08008182        0x2 
 .text.UARTEx_SetNbDataToProcess
                0x08008184       0x9c ./Drivers/STM32G4xx_HAL_Driver/Src/stm32g4xx_hal_uart_ex.o
 .text.sprintf  0x08008220       0x40 C:/ST/STM32CubeIDE_1.16.1/STM32CubeIDE/plugins/com.st.stm32cube.ide.mcu.externaltools.gnu-tools-for-stm32.12.3.rel1.win32_1.0.200.202406191623/tools/bin/../lib/gcc/arm-none-eabi/12.3.1/../../../../arm-none-eabi/lib/thumb/v7e-m+fp/hard\libc_nano.a(libc_a-sprintf.o)
                0x08008220                siprintf
                0x08008220                sprintf
 .text.memset   0x08008260       0x10 C:/ST/STM32CubeIDE_1.16.1/STM32CubeIDE/plugins/com.st.stm32cube.ide.mcu.externaltools.gnu-tools-for-stm32.12.3.rel1.win32_1.0.200.202406191623/tools/bin/../lib/gcc/arm-none-eabi/12.3.1/../../../../arm-none-eabi/lib/thumb/v7e-m+fp/hard\libc_nano.a(libc_a-memset.o)
                0x08008260                memset
 .text.strcat   0x08008270       0x1e C:/ST/STM32CubeIDE_1.16.1/STM32CubeIDE/plugins/com.st.stm32cube.ide.mcu.externaltools.gnu-tools-for-stm32.12.3.rel1.win32_1.0.200.202406191623/tools/bin/../lib/gcc/arm-none-eabi/12.3.1/../../../../arm-none-eabi/lib/thumb/v7e-m+fp/hard\libc_nano.a(libc_a-strcat.o)
                0x08008270                strcat
 *fill*         0x0800828e        0x2 
 .text.__errno  0x08008290        0xc C:/ST/STM32CubeIDE_1.16.1/STM32CubeIDE/plugins/com.st.stm32cube.ide.mcu.externaltools.gnu-tools-for-stm32.12.3.rel1.win32_1.0.200.202406191623/tools/bin/../lib/gcc/arm-none-eabi/12.3.1/../../../../arm-none-eabi/lib/thumb/v7e-m+fp/hard\libc_nano.a(libc_a-errno.o)
                0x08008290                __errno
 .text.__libc_init_array
                0x0800829c       0x48 C:/ST/STM32CubeIDE_1.16.1/STM32CubeIDE/plugins/com.st.stm32cube.ide.mcu.externaltools.gnu-tools-for-stm32.12.3.rel1.win32_1.0.200.202406191623/tools/bin/../lib/gcc/arm-none-eabi/12.3.1/../../../../arm-none-eabi/lib/thumb/v7e-m+fp/hard\libc_nano.a(libc_a-init.o)
                0x0800829c                __libc_init_array
 .text.__retarget_lock_acquire_recursive
                0x080082e4        0x2 C:/ST/STM32CubeIDE_1.16.1/STM32CubeIDE/plugins/com.st.stm32cube.ide.mcu.externaltools.gnu-tools-for-stm32.12.3.rel1.win32_1.0.200.202406191623/tools/bin/../lib/gcc/arm-none-eabi/12.3.1/../../../../arm-none-eabi/lib/thumb/v7e-m+fp/hard\libc_nano.a(libc_a-lock.o)
                0x080082e4                __retarget_lock_acquire_recursive
 .text.__retarget_lock_release_recursive
                0x080082e6        0x2 C:/ST/STM32CubeIDE_1.16.1/STM32CubeIDE/plugins/com.st.stm32cube.ide.mcu.externaltools.gnu-tools-for-stm32.12.3.rel1.win32_1.0.200.202406191623/tools/bin/../lib/gcc/arm-none-eabi/12.3.1/../../../../arm-none-eabi/lib/thumb/v7e-m+fp/hard\libc_nano.a(libc_a-lock.o)
                0x080082e6                __retarget_lock_release_recursive
 .text._free_r  0x080082e8       0x94 C:/ST/STM32CubeIDE_1.16.1/STM32CubeIDE/plugins/com.st.stm32cube.ide.mcu.externaltools.gnu-tools-for-stm32.12.3.rel1.win32_1.0.200.202406191623/tools/bin/../lib/gcc/arm-none-eabi/12.3.1/../../../../arm-none-eabi/lib/thumb/v7e-m+fp/hard\libc_nano.a(libc_a-freer.o)
                0x080082e8                _free_r
 .text.sbrk_aligned
                0x0800837c       0x44 C:/ST/STM32CubeIDE_1.16.1/STM32CubeIDE/plugins/com.st.stm32cube.ide.mcu.externaltools.gnu-tools-for-stm32.12.3.rel1.win32_1.0.200.202406191623/tools/bin/../lib/gcc/arm-none-eabi/12.3.1/../../../../arm-none-eabi/lib/thumb/v7e-m+fp/hard\libc_nano.a(libc_a-mallocr.o)
 .text._malloc_r
                0x080083c0      0x100 C:/ST/STM32CubeIDE_1.16.1/STM32CubeIDE/plugins/com.st.stm32cube.ide.mcu.externaltools.gnu-tools-for-stm32.12.3.rel1.win32_1.0.200.202406191623/tools/bin/../lib/gcc/arm-none-eabi/12.3.1/../../../../arm-none-eabi/lib/thumb/v7e-m+fp/hard\libc_nano.a(libc_a-mallocr.o)
                0x080083c0                _malloc_r
 .text.__malloc_lock
                0x080084c0        0xc C:/ST/STM32CubeIDE_1.16.1/STM32CubeIDE/plugins/com.st.stm32cube.ide.mcu.externaltools.gnu-tools-for-stm32.12.3.rel1.win32_1.0.200.202406191623/tools/bin/../lib/gcc/arm-none-eabi/12.3.1/../../../../arm-none-eabi/lib/thumb/v7e-m+fp/hard\libc_nano.a(libc_a-mlock.o)
                0x080084c0                __malloc_lock
 .text.__malloc_unlock
                0x080084cc        0xc C:/ST/STM32CubeIDE_1.16.1/STM32CubeIDE/plugins/com.st.stm32cube.ide.mcu.externaltools.gnu-tools-for-stm32.12.3.rel1.win32_1.0.200.202406191623/tools/bin/../lib/gcc/arm-none-eabi/12.3.1/../../../../arm-none-eabi/lib/thumb/v7e-m+fp/hard\libc_nano.a(libc_a-mlock.o)
                0x080084cc                __malloc_unlock
 .text.__ssputs_r
                0x080084d8       0xb6 C:/ST/STM32CubeIDE_1.16.1/STM32CubeIDE/plugins/com.st.stm32cube.ide.mcu.externaltools.gnu-tools-for-stm32.12.3.rel1.win32_1.0.200.202406191623/tools/bin/../lib/gcc/arm-none-eabi/12.3.1/../../../../arm-none-eabi/lib/thumb/v7e-m+fp/hard\libc_nano.a(libc_a-nano-svfprintf.o)
                0x080084d8                __ssputs_r
 *fill*         0x0800858e        0x2 
 .text._svfprintf_r
                0x08008590      0x1f8 C:/ST/STM32CubeIDE_1.16.1/STM32CubeIDE/plugins/com.st.stm32cube.ide.mcu.externaltools.gnu-tools-for-stm32.12.3.rel1.win32_1.0.200.202406191623/tools/bin/../lib/gcc/arm-none-eabi/12.3.1/../../../../arm-none-eabi/lib/thumb/v7e-m+fp/hard\libc_nano.a(libc_a-nano-svfprintf.o)
                0x08008590                _svfiprintf_r
                0x08008590                _svfprintf_r
 .text._printf_common
                0x08008788       0xda C:/ST/STM32CubeIDE_1.16.1/STM32CubeIDE/plugins/com.st.stm32cube.ide.mcu.externaltools.gnu-tools-for-stm32.12.3.rel1.win32_1.0.200.202406191623/tools/bin/../lib/gcc/arm-none-eabi/12.3.1/../../../../arm-none-eabi/lib/thumb/v7e-m+fp/hard\libc_nano.a(libc_a-nano-vfprintf_i.o)
                0x08008788                _printf_common
 *fill*         0x08008862        0x2 
 .text._printf_i
                0x08008864      0x240 C:/ST/STM32CubeIDE_1.16.1/STM32CubeIDE/plugins/com.st.stm32cube.ide.mcu.externaltools.gnu-tools-for-stm32.12.3.rel1.win32_1.0.200.202406191623/tools/bin/../lib/gcc/arm-none-eabi/12.3.1/../../../../arm-none-eabi/lib/thumb/v7e-m+fp/hard\libc_nano.a(libc_a-nano-vfprintf_i.o)
                0x08008864                _printf_i
 .text.memmove  0x08008aa4       0x34 C:/ST/STM32CubeIDE_1.16.1/STM32CubeIDE/plugins/com.st.stm32cube.ide.mcu.externaltools.gnu-tools-for-stm32.12.3.rel1.win32_1.0.200.202406191623/tools/bin/../lib/gcc/arm-none-eabi/12.3.1/../../../../arm-none-eabi/lib/thumb/v7e-m+fp/hard\libc_nano.a(libc_a-memmove.o)
                0x08008aa4                memmove
 .text._sbrk_r  0x08008ad8       0x20 C:/ST/STM32CubeIDE_1.16.1/STM32CubeIDE/plugins/com.st.stm32cube.ide.mcu.externaltools.gnu-tools-for-stm32.12.3.rel1.win32_1.0.200.202406191623/tools/bin/../lib/gcc/arm-none-eabi/12.3.1/../../../../arm-none-eabi/lib/thumb/v7e-m+fp/hard\libc_nano.a(libc_a-sbrkr.o)
                0x08008ad8                _sbrk_r
 .text.memcpy   0x08008af8       0x1c C:/ST/STM32CubeIDE_1.16.1/STM32CubeIDE/plugins/com.st.stm32cube.ide.mcu.externaltools.gnu-tools-for-stm32.12.3.rel1.win32_1.0.200.202406191623/tools/bin/../lib/gcc/arm-none-eabi/12.3.1/../../../../arm-none-eabi/lib/thumb/v7e-m+fp/hard\libc_nano.a(libc_a-memcpy-stub.o)
                0x08008af8                memcpy
 .text._realloc_r
                0x08008b14       0x5c C:/ST/STM32CubeIDE_1.16.1/STM32CubeIDE/plugins/com.st.stm32cube.ide.mcu.externaltools.gnu-tools-for-stm32.12.3.rel1.win32_1.0.200.202406191623/tools/bin/../lib/gcc/arm-none-eabi/12.3.1/../../../../arm-none-eabi/lib/thumb/v7e-m+fp/hard\libc_nano.a(libc_a-reallocr.o)
                0x08008b14                _realloc_r
 .text._malloc_usable_size_r
                0x08008b70       0x10 C:/ST/STM32CubeIDE_1.16.1/STM32CubeIDE/plugins/com.st.stm32cube.ide.mcu.externaltools.gnu-tools-for-stm32.12.3.rel1.win32_1.0.200.202406191623/tools/bin/../lib/gcc/arm-none-eabi/12.3.1/../../../../arm-none-eabi/lib/thumb/v7e-m+fp/hard\libc_nano.a(libc_a-msizer.o)
                0x08008b70                _malloc_usable_size_r
 *(.glue_7)
 .glue_7        0x08008b80        0x0 linker stubs
 *(.glue_7t)
 .glue_7t       0x08008b80        0x0 linker stubs
 *(.eh_frame)
 .eh_frame      0x08008b80        0x0 C:/ST/STM32CubeIDE_1.16.1/STM32CubeIDE/plugins/com.st.stm32cube.ide.mcu.externaltools.gnu-tools-for-stm32.12.3.rel1.win32_1.0.200.202406191623/tools/bin/../lib/gcc/arm-none-eabi/12.3.1/thumb/v7e-m+fp/hard/crtbegin.o
 *(.init)
 .init          0x08008b80        0x4 C:/ST/STM32CubeIDE_1.16.1/STM32CubeIDE/plugins/com.st.stm32cube.ide.mcu.externaltools.gnu-tools-for-stm32.12.3.rel1.win32_1.0.200.202406191623/tools/bin/../lib/gcc/arm-none-eabi/12.3.1/thumb/v7e-m+fp/hard/crti.o
                0x08008b80                _init
 .init          0x08008b84        0x8 C:/ST/STM32CubeIDE_1.16.1/STM32CubeIDE/plugins/com.st.stm32cube.ide.mcu.externaltools.gnu-tools-for-stm32.12.3.rel1.win32_1.0.200.202406191623/tools/bin/../lib/gcc/arm-none-eabi/12.3.1/thumb/v7e-m+fp/hard/crtn.o
 *(.fini)
 .fini          0x08008b8c        0x4 C:/ST/STM32CubeIDE_1.16.1/STM32CubeIDE/plugins/com.st.stm32cube.ide.mcu.externaltools.gnu-tools-for-stm32.12.3.rel1.win32_1.0.200.202406191623/tools/bin/../lib/gcc/arm-none-eabi/12.3.1/thumb/v7e-m+fp/hard/crti.o
                0x08008b8c                _fini
 .fini          0x08008b90        0x8 C:/ST/STM32CubeIDE_1.16.1/STM32CubeIDE/plugins/com.st.stm32cube.ide.mcu.externaltools.gnu-tools-for-stm32.12.3.rel1.win32_1.0.200.202406191623/tools/bin/../lib/gcc/arm-none-eabi/12.3.1/thumb/v7e-m+fp/hard/crtn.o
                0x08008b98                        . = ALIGN (0x4)
                0x08008b98                        _etext = .

.vfp11_veneer   0x08008b98        0x0
 .vfp11_veneer  0x08008b98        0x0 linker stubs

.v4_bx          0x08008b98        0x0
 .v4_bx         0x08008b98        0x0 linker stubs

.iplt           0x08008b98        0x0
 .iplt          0x08008b98        0x0 C:/ST/STM32CubeIDE_1.16.1/STM32CubeIDE/plugins/com.st.stm32cube.ide.mcu.externaltools.gnu-tools-for-stm32.12.3.rel1.win32_1.0.200.202406191623/tools/bin/../lib/gcc/arm-none-eabi/12.3.1/thumb/v7e-m+fp/hard/crtbegin.o

.rodata         0x08008b98      0x27c
                0x08008b98                        . = ALIGN (0x4)
 *(.rodata)
 .rodata        0x08008b98      0x1ad ./Core/Src/remote.o
 *(.rodata*)
 *fill*         0x08008d45        0x3 
 .rodata.ASCIICmdTable
                0x08008d48       0x58 ./Core/Src/remote.o
 .rodata.AHBPrescTable
                0x08008da0       0x10 ./Core/Src/system_stm32g4xx.o
                0x08008da0                AHBPrescTable
 .rodata.APBPrescTable
                0x08008db0        0x8 ./Core/Src/system_stm32g4xx.o
                0x08008db0                APBPrescTable
 .rodata.UARTPrescTable
                0x08008db8       0x18 ./Drivers/STM32G4xx_HAL_Driver/Src/stm32g4xx_hal_uart.o
                0x08008db8                UARTPrescTable
 .rodata.numerator.1
                0x08008dd0        0x8 ./Drivers/STM32G4xx_HAL_Driver/Src/stm32g4xx_hal_uart_ex.o
 .rodata.denominator.0
                0x08008dd8        0x8 ./Drivers/STM32G4xx_HAL_Driver/Src/stm32g4xx_hal_uart_ex.o
 .rodata._svfprintf_r.str1.1
                0x08008de0       0x11 C:/ST/STM32CubeIDE_1.16.1/STM32CubeIDE/plugins/com.st.stm32cube.ide.mcu.externaltools.gnu-tools-for-stm32.12.3.rel1.win32_1.0.200.202406191623/tools/bin/../lib/gcc/arm-none-eabi/12.3.1/../../../../arm-none-eabi/lib/thumb/v7e-m+fp/hard\libc_nano.a(libc_a-nano-svfprintf.o)
 .rodata._printf_i.str1.1
                0x08008df1       0x22 C:/ST/STM32CubeIDE_1.16.1/STM32CubeIDE/plugins/com.st.stm32cube.ide.mcu.externaltools.gnu-tools-for-stm32.12.3.rel1.win32_1.0.200.202406191623/tools/bin/../lib/gcc/arm-none-eabi/12.3.1/../../../../arm-none-eabi/lib/thumb/v7e-m+fp/hard\libc_nano.a(libc_a-nano-vfprintf_i.o)
                0x08008e14                        . = ALIGN (0x4)
 *fill*         0x08008e13        0x1 

.ARM.extab      0x08008e14        0x0
                0x08008e14                        . = ALIGN (0x4)
 *(.ARM.extab* .gnu.linkonce.armextab.*)
                0x08008e14                        . = ALIGN (0x4)

.ARM            0x08008e14        0x8
                0x08008e14                        . = ALIGN (0x4)
                0x08008e14                        __exidx_start = .
 *(.ARM.exidx*)
 .ARM.exidx     0x08008e14        0x8 C:/ST/STM32CubeIDE_1.16.1/STM32CubeIDE/plugins/com.st.stm32cube.ide.mcu.externaltools.gnu-tools-for-stm32.12.3.rel1.win32_1.0.200.202406191623/tools/bin/../lib/gcc/arm-none-eabi/12.3.1/../../../../arm-none-eabi/lib/thumb/v7e-m+fp/hard\libc_nano.a(libc_a-strcmp.o)
 .ARM.exidx     0x08008e1c        0x0 C:/ST/STM32CubeIDE_1.16.1/STM32CubeIDE/plugins/com.st.stm32cube.ide.mcu.externaltools.gnu-tools-for-stm32.12.3.rel1.win32_1.0.200.202406191623/tools/bin/../lib/gcc/arm-none-eabi/12.3.1/../../../../arm-none-eabi/lib/thumb/v7e-m+fp/hard\libc_nano.a(libc_a-strlen.o)
                                  0x8 (size before relaxing)
 .ARM.exidx     0x08008e1c        0x0 C:/ST/STM32CubeIDE_1.16.1/STM32CubeIDE/plugins/com.st.stm32cube.ide.mcu.externaltools.gnu-tools-for-stm32.12.3.rel1.win32_1.0.200.202406191623/tools/bin/../lib/gcc/arm-none-eabi/12.3.1/../../../../arm-none-eabi/lib/thumb/v7e-m+fp/hard\libc_nano.a(libc_a-memchr.o)
                                  0x8 (size before relaxing)
 .ARM.exidx     0x08008e1c        0x0 C:/ST/STM32CubeIDE_1.16.1/STM32CubeIDE/plugins/com.st.stm32cube.ide.mcu.externaltools.gnu-tools-for-stm32.12.3.rel1.win32_1.0.200.202406191623/tools/bin/../lib/gcc/arm-none-eabi/12.3.1/thumb/v7e-m+fp/hard\libgcc.a(_udivmoddi4.o)
                                  0x8 (size before relaxing)
                0x08008e1c                        __exidx_end = .
                0x08008e1c                        . = ALIGN (0x4)

.preinit_array  0x08008e1c        0x0
                0x08008e1c                        . = ALIGN (0x4)
                0x08008e1c                        PROVIDE (__preinit_array_start = .)
 *(.preinit_array*)
                0x08008e1c                        PROVIDE (__preinit_array_end = .)
                0x08008e1c                        . = ALIGN (0x4)

.init_array     0x08008e1c        0x4
                0x08008e1c                        . = ALIGN (0x4)
                0x08008e1c                        PROVIDE (__init_array_start = .)
 *(SORT_BY_NAME(.init_array.*))
 *(.init_array*)
 .init_array    0x08008e1c        0x4 C:/ST/STM32CubeIDE_1.16.1/STM32CubeIDE/plugins/com.st.stm32cube.ide.mcu.externaltools.gnu-tools-for-stm32.12.3.rel1.win32_1.0.200.202406191623/tools/bin/../lib/gcc/arm-none-eabi/12.3.1/thumb/v7e-m+fp/hard/crtbegin.o
                0x08008e20                        PROVIDE (__init_array_end = .)
                0x08008e20                        . = ALIGN (0x4)

.fini_array     0x08008e20        0x4
                0x08008e20                        . = ALIGN (0x4)
                [!provide]                        PROVIDE (__fini_array_start = .)
 *(SORT_BY_NAME(.fini_array.*))
 *(.fini_array*)
 .fini_array    0x08008e20        0x4 C:/ST/STM32CubeIDE_1.16.1/STM32CubeIDE/plugins/com.st.stm32cube.ide.mcu.externaltools.gnu-tools-for-stm32.12.3.rel1.win32_1.0.200.202406191623/tools/bin/../lib/gcc/arm-none-eabi/12.3.1/thumb/v7e-m+fp/hard/crtbegin.o
                [!provide]                        PROVIDE (__fini_array_end = .)
                0x08008e24                        . = ALIGN (0x4)
                0x08008e24                        _sidata = LOADADDR (.data)

.rel.dyn        0x08008e24        0x0
 .rel.iplt      0x08008e24        0x0 C:/ST/STM32CubeIDE_1.16.1/STM32CubeIDE/plugins/com.st.stm32cube.ide.mcu.externaltools.gnu-tools-for-stm32.12.3.rel1.win32_1.0.200.202406191623/tools/bin/../lib/gcc/arm-none-eabi/12.3.1/thumb/v7e-m+fp/hard/crtbegin.o

.data           0x20000000       0x64 load address 0x08008e24
                0x20000000                        . = ALIGN (0x4)
                0x20000000                        _sdata = .
 *(.data)
 *(.data*)
 .data.state    0x20000000        0x1 ./Core/Src/remote.o
 .data.a_state.8
                0x20000001        0x1 ./Core/Src/remote.o
 *fill*         0x20000002        0x2 
 .data.SystemCoreClock
                0x20000004        0x4 ./Core/Src/system_stm32g4xx.o
                0x20000004                SystemCoreClock
 .data.z_remote_mode
                0x20000008        0x1 ./Core/Src/zentrale.o
 *fill*         0x20000009        0x3 
 .data.uwTickPrio
                0x2000000c        0x4 ./Drivers/STM32G4xx_HAL_Driver/Src/stm32g4xx_hal.o
                0x2000000c                uwTickPrio
 .data.uwTickFreq
                0x20000010        0x4 ./Drivers/STM32G4xx_HAL_Driver/Src/stm32g4xx_hal.o
                0x20000010                uwTickFreq
 .data._impure_ptr
                0x20000014        0x4 C:/ST/STM32CubeIDE_1.16.1/STM32CubeIDE/plugins/com.st.stm32cube.ide.mcu.externaltools.gnu-tools-for-stm32.12.3.rel1.win32_1.0.200.202406191623/tools/bin/../lib/gcc/arm-none-eabi/12.3.1/../../../../arm-none-eabi/lib/thumb/v7e-m+fp/hard\libc_nano.a(libc_a-impure.o)
                0x20000014                _impure_ptr
 .data._impure_data
                0x20000018       0x4c C:/ST/STM32CubeIDE_1.16.1/STM32CubeIDE/plugins/com.st.stm32cube.ide.mcu.externaltools.gnu-tools-for-stm32.12.3.rel1.win32_1.0.200.202406191623/tools/bin/../lib/gcc/arm-none-eabi/12.3.1/../../../../arm-none-eabi/lib/thumb/v7e-m+fp/hard\libc_nano.a(libc_a-impure.o)
                0x20000018                _impure_data
 *(.RamFunc)
 *(.RamFunc*)
                0x20000064                        . = ALIGN (0x4)
                0x20000064                        _edata = .

.igot.plt       0x20000064        0x0 load address 0x08008e88
 .igot.plt      0x20000064        0x0 C:/ST/STM32CubeIDE_1.16.1/STM32CubeIDE/plugins/com.st.stm32cube.ide.mcu.externaltools.gnu-tools-for-stm32.12.3.rel1.win32_1.0.200.202406191623/tools/bin/../lib/gcc/arm-none-eabi/12.3.1/thumb/v7e-m+fp/hard/crtbegin.o
                0x20000064                        . = ALIGN (0x4)

.bss            0x20000064     0x1354 load address 0x08008e88
                0x20000064                        _sbss = .
                0x20000064                        __bss_start__ = _sbss
 *(.bss)
 .bss           0x20000064       0x1c C:/ST/STM32CubeIDE_1.16.1/STM32CubeIDE/plugins/com.st.stm32cube.ide.mcu.externaltools.gnu-tools-for-stm32.12.3.rel1.win32_1.0.200.202406191623/tools/bin/../lib/gcc/arm-none-eabi/12.3.1/thumb/v7e-m+fp/hard/crtbegin.o
 *(.bss*)
 .bss.z_priolist
                0x20000080       0x3c ./Core/Src/prioritylist.o
                0x20000080                z_priolist
 .bss.mc_priolist
                0x200000bc       0x28 ./Core/Src/prioritylist.o
                0x200000bc                mc_priolist
 .bss.z_priolevel_header
                0x200000e4        0x3 ./Core/Src/prioritylist.o
                0x200000e4                z_priolevel_header
 *fill*         0x200000e7        0x1 
 .bss.mc_priolevel_header
                0x200000e8        0x3 ./Core/Src/prioritylist.o
                0x200000e8                mc_priolevel_header
 .bss.zpriolist_firstunused_index
                0x200000eb        0x1 ./Core/Src/prioritylist.o
                0x200000eb                zpriolist_firstunused_index
 .bss.mcpriolist_firstunused_index
                0x200000ec        0x1 ./Core/Src/prioritylist.o
                0x200000ec                mcpriolist_firstunused_index
 .bss.verbose   0x200000ed        0x1 ./Core/Src/remote.o
 .bss.crlf      0x200000ee        0x1 ./Core/Src/remote.o
 .bss.echo      0x200000ef        0x1 ./Core/Src/remote.o
 .bss.sloppy    0x200000f0        0x1 ./Core/Src/remote.o
 *fill*         0x200000f1        0x3 
 .bss.msg       0x200000f4        0xf ./Core/Src/remote.o
 .bss.nzeichen  0x20000103        0x1 ./Core/Src/remote.o
 .bss.bufferRx  0x20000104        0xf ./Core/Src/remote.o
 .bss.lengthRx  0x20000113        0x1 ./Core/Src/remote.o
 .bss.dleFlag   0x20000114        0x1 ./Core/Src/remote.o
 .bss.checksum  0x20000115        0x1 ./Core/Src/remote.o
 .bss.reply_ready
                0x20000116        0x1 ./Core/Src/remote.o
 *fill*         0x20000117        0x1 
 .bss.last_reply
                0x20000118        0x4 ./Core/Src/remote.o
 .bss.nc.7      0x2000011c        0x1 ./Core/Src/remote.o
 *fill*         0x2000011d        0x3 
 .bss.char1.6   0x20000120        0x2 ./Core/Src/remote.o
 *fill*         0x20000122        0x2 
 .bss.cmd.5     0x20000124       0x19 ./Core/Src/remote.o
 *fill*         0x2000013d        0x3 
 .bss.val.4     0x20000140        0x4 ./Core/Src/remote.o
 .bss.pflag.3   0x20000144        0x1 ./Core/Src/remote.o
 .bss.eflag.2   0x20000145        0x1 ./Core/Src/remote.o
 .bss.negativ_zahl.1
                0x20000146        0x1 ./Core/Src/remote.o
 .bss.ret.0     0x20000147        0x1 ./Core/Src/remote.o
 .bss.resultQueue
                0x20000148      0x3c0 ./Core/Src/resultqueue.o
 .bss.resultQueue_in
                0x20000508        0x1 ./Core/Src/resultqueue.o
 .bss.resultQueue_out
                0x20000509        0x1 ./Core/Src/resultqueue.o
 *fill*         0x2000050a        0x2 
 .bss.hspi1     0x2000050c       0x64 ./Core/Src/spi.o
                0x2000050c                hspi1
 .bss.zentrale_stack
                0x20000570      0x1e0 ./Core/Src/stacks.o
 .bss.mc_stack  0x20000750      0x140 ./Core/Src/stacks.o
 .bss.zstackindex_list
                0x20000890       0x1e ./Core/Src/stacks.o
 *fill*         0x200008ae        0x2 
 .bss.mcstackindex_list
                0x200008b0       0x14 ./Core/Src/stacks.o
 .bss.zstackindex_list_act
                0x200008c4        0x1 ./Core/Src/stacks.o
 .bss.mcstackindex_list_act
                0x200008c5        0x1 ./Core/Src/stacks.o
 .bss.mcstack_rest_length
                0x200008c6        0x1 ./Core/Src/stacks.o
 *fill*         0x200008c7        0x1 
 .bss.__sbrk_heap_end
                0x200008c8        0x4 ./Core/Src/sysmem.o
 .bss.htim1     0x200008cc       0x4c ./Core/Src/tim.o
                0x200008cc                htim1
 .bss.ct_hbeat  0x20000918        0x2 ./Core/Src/timer0.o
 .bss.ct_init   0x2000091a        0x2 ./Core/Src/timer0.o
 .bss.uart4_rb  0x2000091c      0x190 ./Core/Src/uart4.o
                0x2000091c                uart4_rb
 .bss.uart5_rb  0x20000aac      0x190 ./Core/Src/uart4.o
                0x20000aac                uart5_rb
 .bss.usart1_rb
                0x20000c3c      0x190 ./Core/Src/uart4.o
                0x20000c3c                usart1_rb
 .bss.usart3_rb
                0x20000dcc      0x190 ./Core/Src/uart4.o
                0x20000dcc                usart3_rb
 .bss.huart4    0x20000f5c       0x94 ./Core/Src/usart.o
                0x20000f5c                huart4
 .bss.huart5    0x20000ff0       0x94 ./Core/Src/usart.o
                0x20000ff0                huart5
 .bss.huart1    0x20001084       0x94 ./Core/Src/usart.o
                0x20001084                huart1
 .bss.huart2    0x20001118       0x94 ./Core/Src/usart.o
                0x20001118                huart2
 .bss.huart3    0x200011ac       0x94 ./Core/Src/usart.o
                0x200011ac                huart3
 .bss.z_status  0x20001240        0x1 ./Core/Src/zentrale.o
 .bss.z_status_h
                0x20001241        0x1 ./Core/Src/zentrale.o
 .bss.z_status_tend
                0x20001242        0x1 ./Core/Src/zentrale.o
 *fill*         0x20001243        0x1 
 .bss.z_error_akt
                0x20001244        0x2 ./Core/Src/zentrale.o
 .bss.z_error_kum
                0x20001246        0x2 ./Core/Src/zentrale.o
 .bss.z_init_done
                0x20001248        0x1 ./Core/Src/zentrale.o
 .bss.z_rf_state
                0x20001249        0x1 ./Core/Src/zentrale.o
 *fill*         0x2000124a        0x2 
 .bss.chan1_phase
                0x2000124c        0x4 ./Core/Src/zentrale.o
 .bss.chan2_phase
                0x20001250        0x4 ./Core/Src/zentrale.o
 .bss.chan3_phase
                0x20001254        0x4 ./Core/Src/zentrale.o
 .bss.chan4_phase
                0x20001258        0x4 ./Core/Src/zentrale.o
 .bss.chan1_amplitude
                0x2000125c        0x4 ./Core/Src/zentrale.o
 .bss.chan2_amplitude
                0x20001260        0x4 ./Core/Src/zentrale.o
 .bss.chan3_amplitude
                0x20001264        0x4 ./Core/Src/zentrale.o
 .bss.chan4_amplitude
                0x20001268        0x4 ./Core/Src/zentrale.o
 .bss.uwTick    0x2000126c        0x4 ./Drivers/STM32G4xx_HAL_Driver/Src/stm32g4xx_hal.o
                0x2000126c                uwTick
 .bss.__sf      0x20001270      0x138 C:/ST/STM32CubeIDE_1.16.1/STM32CubeIDE/plugins/com.st.stm32cube.ide.mcu.externaltools.gnu-tools-for-stm32.12.3.rel1.win32_1.0.200.202406191623/tools/bin/../lib/gcc/arm-none-eabi/12.3.1/../../../../arm-none-eabi/lib/thumb/v7e-m+fp/hard\libc_nano.a(libc_a-findfp.o)
                0x20001270                __sf
 .bss.errno     0x200013a8        0x4 C:/ST/STM32CubeIDE_1.16.1/STM32CubeIDE/plugins/com.st.stm32cube.ide.mcu.externaltools.gnu-tools-for-stm32.12.3.rel1.win32_1.0.200.202406191623/tools/bin/../lib/gcc/arm-none-eabi/12.3.1/../../../../arm-none-eabi/lib/thumb/v7e-m+fp/hard\libc_nano.a(libc_a-reent.o)
                0x200013a8                errno
 .bss.__lock___malloc_recursive_mutex
                0x200013ac        0x1 C:/ST/STM32CubeIDE_1.16.1/STM32CubeIDE/plugins/com.st.stm32cube.ide.mcu.externaltools.gnu-tools-for-stm32.12.3.rel1.win32_1.0.200.202406191623/tools/bin/../lib/gcc/arm-none-eabi/12.3.1/../../../../arm-none-eabi/lib/thumb/v7e-m+fp/hard\libc_nano.a(libc_a-lock.o)
                0x200013ac                __lock___malloc_recursive_mutex
 *fill*         0x200013ad        0x3 
 .bss.__malloc_sbrk_start
                0x200013b0        0x4 C:/ST/STM32CubeIDE_1.16.1/STM32CubeIDE/plugins/com.st.stm32cube.ide.mcu.externaltools.gnu-tools-for-stm32.12.3.rel1.win32_1.0.200.202406191623/tools/bin/../lib/gcc/arm-none-eabi/12.3.1/../../../../arm-none-eabi/lib/thumb/v7e-m+fp/hard\libc_nano.a(libc_a-mallocr.o)
                0x200013b0                __malloc_sbrk_start
 .bss.__malloc_free_list
                0x200013b4        0x4 C:/ST/STM32CubeIDE_1.16.1/STM32CubeIDE/plugins/com.st.stm32cube.ide.mcu.externaltools.gnu-tools-for-stm32.12.3.rel1.win32_1.0.200.202406191623/tools/bin/../lib/gcc/arm-none-eabi/12.3.1/../../../../arm-none-eabi/lib/thumb/v7e-m+fp/hard\libc_nano.a(libc_a-mallocr.o)
                0x200013b4                __malloc_free_list
 *(COMMON)
                0x200013b8                        . = ALIGN (0x4)
                0x200013b8                        _ebss = .
                0x200013b8                        __bss_end__ = _ebss

._user_heap_stack
                0x200013b8      0x600 load address 0x08008e88
                0x200013b8                        . = ALIGN (0x8)
                [!provide]                        PROVIDE (end = .)
                0x200013b8                        PROVIDE (_end = .)
                0x200015b8                        . = (. + _Min_Heap_Size)
 *fill*         0x200013b8      0x200 
                0x200019b8                        . = (. + _Min_Stack_Size)
 *fill*         0x200015b8      0x400 
                0x200019b8                        . = ALIGN (0x8)

/DISCARD/
 libc.a(*)
 libm.a(*)
 libgcc.a(*)

.ARM.attributes
                0x00000000       0x30
 *(.ARM.attributes)
 .ARM.attributes
                0x00000000       0x22 C:/ST/STM32CubeIDE_1.16.1/STM32CubeIDE/plugins/com.st.stm32cube.ide.mcu.externaltools.gnu-tools-for-stm32.12.3.rel1.win32_1.0.200.202406191623/tools/bin/../lib/gcc/arm-none-eabi/12.3.1/thumb/v7e-m+fp/hard/crti.o
 .ARM.attributes
                0x00000022       0x34 C:/ST/STM32CubeIDE_1.16.1/STM32CubeIDE/plugins/com.st.stm32cube.ide.mcu.externaltools.gnu-tools-for-stm32.12.3.rel1.win32_1.0.200.202406191623/tools/bin/../lib/gcc/arm-none-eabi/12.3.1/thumb/v7e-m+fp/hard/crtbegin.o
 .ARM.attributes
                0x00000056       0x34 ./Core/Src/Hardware.o
 .ARM.attributes
                0x0000008a       0x34 ./Core/Src/func.o
 .ARM.attributes
                0x000000be       0x34 ./Core/Src/gpio.o
 .ARM.attributes
                0x000000f2       0x34 ./Core/Src/main.o
 .ARM.attributes
                0x00000126       0x34 ./Core/Src/priority_pushpop.o
 .ARM.attributes
                0x0000015a       0x34 ./Core/Src/prioritylist.o
 .ARM.attributes
                0x0000018e       0x34 ./Core/Src/remote.o
 .ARM.attributes
                0x000001c2       0x34 ./Core/Src/resultqueue.o
 .ARM.attributes
                0x000001f6       0x34 ./Core/Src/spi.o
 .ARM.attributes
                0x0000022a       0x34 ./Core/Src/stacks.o
 .ARM.attributes
                0x0000025e       0x34 ./Core/Src/stm32g4xx_hal_msp.o
 .ARM.attributes
                0x00000292       0x34 ./Core/Src/stm32g4xx_it.o
 .ARM.attributes
                0x000002c6       0x34 ./Core/Src/sysmem.o
 .ARM.attributes
                0x000002fa       0x34 ./Core/Src/system_stm32g4xx.o
 .ARM.attributes
                0x0000032e       0x34 ./Core/Src/tim.o
 .ARM.attributes
                0x00000362       0x34 ./Core/Src/timer0.o
 .ARM.attributes
                0x00000396       0x34 ./Core/Src/uart4.o
 .ARM.attributes
                0x000003ca       0x34 ./Core/Src/usart.o
 .ARM.attributes
                0x000003fe       0x34 ./Core/Src/zentrale.o
 .ARM.attributes
                0x00000432       0x34 ./Core/Src/zentrale_cmd_sero.o
 .ARM.attributes
                0x00000466       0x21 ./Core/Startup/startup_stm32g473vetx.o
 .ARM.attributes
                0x00000487       0x34 ./Drivers/STM32G4xx_HAL_Driver/Src/stm32g4xx_hal.o
 .ARM.attributes
                0x000004bb       0x34 ./Drivers/STM32G4xx_HAL_Driver/Src/stm32g4xx_hal_cortex.o
 .ARM.attributes
                0x000004ef       0x34 ./Drivers/STM32G4xx_HAL_Driver/Src/stm32g4xx_hal_gpio.o
 .ARM.attributes
                0x00000523       0x34 ./Drivers/STM32G4xx_HAL_Driver/Src/stm32g4xx_hal_pwr_ex.o
 .ARM.attributes
                0x00000557       0x34 ./Drivers/STM32G4xx_HAL_Driver/Src/stm32g4xx_hal_rcc.o
 .ARM.attributes
                0x0000058b       0x34 ./Drivers/STM32G4xx_HAL_Driver/Src/stm32g4xx_hal_rcc_ex.o
 .ARM.attributes
                0x000005bf       0x34 ./Drivers/STM32G4xx_HAL_Driver/Src/stm32g4xx_hal_spi.o
 .ARM.attributes
                0x000005f3       0x34 ./Drivers/STM32G4xx_HAL_Driver/Src/stm32g4xx_hal_tim.o
 .ARM.attributes
                0x00000627       0x34 ./Drivers/STM32G4xx_HAL_Driver/Src/stm32g4xx_hal_tim_ex.o
 .ARM.attributes
                0x0000065b       0x34 ./Drivers/STM32G4xx_HAL_Driver/Src/stm32g4xx_hal_uart.o
 .ARM.attributes
                0x0000068f       0x34 ./Drivers/STM32G4xx_HAL_Driver/Src/stm32g4xx_hal_uart_ex.o
 .ARM.attributes
                0x000006c3       0x34 C:/ST/STM32CubeIDE_1.16.1/STM32CubeIDE/plugins/com.st.stm32cube.ide.mcu.externaltools.gnu-tools-for-stm32.12.3.rel1.win32_1.0.200.202406191623/tools/bin/../lib/gcc/arm-none-eabi/12.3.1/../../../../arm-none-eabi/lib/thumb/v7e-m+fp/hard\libc_nano.a(libc_a-findfp.o)
 .ARM.attributes
                0x000006f7       0x34 C:/ST/STM32CubeIDE_1.16.1/STM32CubeIDE/plugins/com.st.stm32cube.ide.mcu.externaltools.gnu-tools-for-stm32.12.3.rel1.win32_1.0.200.202406191623/tools/bin/../lib/gcc/arm-none-eabi/12.3.1/../../../../arm-none-eabi/lib/thumb/v7e-m+fp/hard\libc_nano.a(libc_a-sprintf.o)
 .ARM.attributes
                0x0000072b       0x34 C:/ST/STM32CubeIDE_1.16.1/STM32CubeIDE/plugins/com.st.stm32cube.ide.mcu.externaltools.gnu-tools-for-stm32.12.3.rel1.win32_1.0.200.202406191623/tools/bin/../lib/gcc/arm-none-eabi/12.3.1/../../../../arm-none-eabi/lib/thumb/v7e-m+fp/hard\libc_nano.a(libc_a-memset.o)
 .ARM.attributes
                0x0000075f       0x34 C:/ST/STM32CubeIDE_1.16.1/STM32CubeIDE/plugins/com.st.stm32cube.ide.mcu.externaltools.gnu-tools-for-stm32.12.3.rel1.win32_1.0.200.202406191623/tools/bin/../lib/gcc/arm-none-eabi/12.3.1/../../../../arm-none-eabi/lib/thumb/v7e-m+fp/hard\libc_nano.a(libc_a-strcat.o)
 .ARM.attributes
                0x00000793       0x34 C:/ST/STM32CubeIDE_1.16.1/STM32CubeIDE/plugins/com.st.stm32cube.ide.mcu.externaltools.gnu-tools-for-stm32.12.3.rel1.win32_1.0.200.202406191623/tools/bin/../lib/gcc/arm-none-eabi/12.3.1/../../../../arm-none-eabi/lib/thumb/v7e-m+fp/hard\libc_nano.a(libc_a-reent.o)
 .ARM.attributes
                0x000007c7       0x34 C:/ST/STM32CubeIDE_1.16.1/STM32CubeIDE/plugins/com.st.stm32cube.ide.mcu.externaltools.gnu-tools-for-stm32.12.3.rel1.win32_1.0.200.202406191623/tools/bin/../lib/gcc/arm-none-eabi/12.3.1/../../../../arm-none-eabi/lib/thumb/v7e-m+fp/hard\libc_nano.a(libc_a-impure.o)
 .ARM.attributes
                0x000007fb       0x34 C:/ST/STM32CubeIDE_1.16.1/STM32CubeIDE/plugins/com.st.stm32cube.ide.mcu.externaltools.gnu-tools-for-stm32.12.3.rel1.win32_1.0.200.202406191623/tools/bin/../lib/gcc/arm-none-eabi/12.3.1/../../../../arm-none-eabi/lib/thumb/v7e-m+fp/hard\libc_nano.a(libc_a-errno.o)
 .ARM.attributes
                0x0000082f       0x34 C:/ST/STM32CubeIDE_1.16.1/STM32CubeIDE/plugins/com.st.stm32cube.ide.mcu.externaltools.gnu-tools-for-stm32.12.3.rel1.win32_1.0.200.202406191623/tools/bin/../lib/gcc/arm-none-eabi/12.3.1/../../../../arm-none-eabi/lib/thumb/v7e-m+fp/hard\libc_nano.a(libc_a-init.o)
 .ARM.attributes
                0x00000863       0x34 C:/ST/STM32CubeIDE_1.16.1/STM32CubeIDE/plugins/com.st.stm32cube.ide.mcu.externaltools.gnu-tools-for-stm32.12.3.rel1.win32_1.0.200.202406191623/tools/bin/../lib/gcc/arm-none-eabi/12.3.1/../../../../arm-none-eabi/lib/thumb/v7e-m+fp/hard\libc_nano.a(libc_a-lock.o)
 .ARM.attributes
                0x00000897       0x20 C:/ST/STM32CubeIDE_1.16.1/STM32CubeIDE/plugins/com.st.stm32cube.ide.mcu.externaltools.gnu-tools-for-stm32.12.3.rel1.win32_1.0.200.202406191623/tools/bin/../lib/gcc/arm-none-eabi/12.3.1/../../../../arm-none-eabi/lib/thumb/v7e-m+fp/hard\libc_nano.a(libc_a-strcmp.o)
 .ARM.attributes
                0x000008b7       0x17 C:/ST/STM32CubeIDE_1.16.1/STM32CubeIDE/plugins/com.st.stm32cube.ide.mcu.externaltools.gnu-tools-for-stm32.12.3.rel1.win32_1.0.200.202406191623/tools/bin/../lib/gcc/arm-none-eabi/12.3.1/../../../../arm-none-eabi/lib/thumb/v7e-m+fp/hard\libc_nano.a(libc_a-strlen.o)
 .ARM.attributes
                0x000008ce       0x34 C:/ST/STM32CubeIDE_1.16.1/STM32CubeIDE/plugins/com.st.stm32cube.ide.mcu.externaltools.gnu-tools-for-stm32.12.3.rel1.win32_1.0.200.202406191623/tools/bin/../lib/gcc/arm-none-eabi/12.3.1/../../../../arm-none-eabi/lib/thumb/v7e-m+fp/hard\libc_nano.a(libc_a-freer.o)
 .ARM.attributes
                0x00000902       0x34 C:/ST/STM32CubeIDE_1.16.1/STM32CubeIDE/plugins/com.st.stm32cube.ide.mcu.externaltools.gnu-tools-for-stm32.12.3.rel1.win32_1.0.200.202406191623/tools/bin/../lib/gcc/arm-none-eabi/12.3.1/../../../../arm-none-eabi/lib/thumb/v7e-m+fp/hard\libc_nano.a(libc_a-mallocr.o)
 .ARM.attributes
                0x00000936       0x34 C:/ST/STM32CubeIDE_1.16.1/STM32CubeIDE/plugins/com.st.stm32cube.ide.mcu.externaltools.gnu-tools-for-stm32.12.3.rel1.win32_1.0.200.202406191623/tools/bin/../lib/gcc/arm-none-eabi/12.3.1/../../../../arm-none-eabi/lib/thumb/v7e-m+fp/hard\libc_nano.a(libc_a-mlock.o)
 .ARM.attributes
                0x0000096a       0x34 C:/ST/STM32CubeIDE_1.16.1/STM32CubeIDE/plugins/com.st.stm32cube.ide.mcu.externaltools.gnu-tools-for-stm32.12.3.rel1.win32_1.0.200.202406191623/tools/bin/../lib/gcc/arm-none-eabi/12.3.1/../../../../arm-none-eabi/lib/thumb/v7e-m+fp/hard\libc_nano.a(libc_a-nano-svfprintf.o)
 .ARM.attributes
                0x0000099e       0x34 C:/ST/STM32CubeIDE_1.16.1/STM32CubeIDE/plugins/com.st.stm32cube.ide.mcu.externaltools.gnu-tools-for-stm32.12.3.rel1.win32_1.0.200.202406191623/tools/bin/../lib/gcc/arm-none-eabi/12.3.1/../../../../arm-none-eabi/lib/thumb/v7e-m+fp/hard\libc_nano.a(libc_a-nano-vfprintf_i.o)
 .ARM.attributes
                0x000009d2       0x34 C:/ST/STM32CubeIDE_1.16.1/STM32CubeIDE/plugins/com.st.stm32cube.ide.mcu.externaltools.gnu-tools-for-stm32.12.3.rel1.win32_1.0.200.202406191623/tools/bin/../lib/gcc/arm-none-eabi/12.3.1/../../../../arm-none-eabi/lib/thumb/v7e-m+fp/hard\libc_nano.a(libc_a-memmove.o)
 .ARM.attributes
                0x00000a06       0x34 C:/ST/STM32CubeIDE_1.16.1/STM32CubeIDE/plugins/com.st.stm32cube.ide.mcu.externaltools.gnu-tools-for-stm32.12.3.rel1.win32_1.0.200.202406191623/tools/bin/../lib/gcc/arm-none-eabi/12.3.1/../../../../arm-none-eabi/lib/thumb/v7e-m+fp/hard\libc_nano.a(libc_a-sbrkr.o)
 .ARM.attributes
                0x00000a3a       0x1c C:/ST/STM32CubeIDE_1.16.1/STM32CubeIDE/plugins/com.st.stm32cube.ide.mcu.externaltools.gnu-tools-for-stm32.12.3.rel1.win32_1.0.200.202406191623/tools/bin/../lib/gcc/arm-none-eabi/12.3.1/../../../../arm-none-eabi/lib/thumb/v7e-m+fp/hard\libc_nano.a(libc_a-memchr.o)
 .ARM.attributes
                0x00000a56       0x34 C:/ST/STM32CubeIDE_1.16.1/STM32CubeIDE/plugins/com.st.stm32cube.ide.mcu.externaltools.gnu-tools-for-stm32.12.3.rel1.win32_1.0.200.202406191623/tools/bin/../lib/gcc/arm-none-eabi/12.3.1/../../../../arm-none-eabi/lib/thumb/v7e-m+fp/hard\libc_nano.a(libc_a-memcpy-stub.o)
 .ARM.attributes
                0x00000a8a       0x34 C:/ST/STM32CubeIDE_1.16.1/STM32CubeIDE/plugins/com.st.stm32cube.ide.mcu.externaltools.gnu-tools-for-stm32.12.3.rel1.win32_1.0.200.202406191623/tools/bin/../lib/gcc/arm-none-eabi/12.3.1/../../../../arm-none-eabi/lib/thumb/v7e-m+fp/hard\libc_nano.a(libc_a-reallocr.o)
 .ARM.attributes
                0x00000abe       0x34 C:/ST/STM32CubeIDE_1.16.1/STM32CubeIDE/plugins/com.st.stm32cube.ide.mcu.externaltools.gnu-tools-for-stm32.12.3.rel1.win32_1.0.200.202406191623/tools/bin/../lib/gcc/arm-none-eabi/12.3.1/../../../../arm-none-eabi/lib/thumb/v7e-m+fp/hard\libc_nano.a(libc_a-msizer.o)
 .ARM.attributes
                0x00000af2       0x22 C:/ST/STM32CubeIDE_1.16.1/STM32CubeIDE/plugins/com.st.stm32cube.ide.mcu.externaltools.gnu-tools-for-stm32.12.3.rel1.win32_1.0.200.202406191623/tools/bin/../lib/gcc/arm-none-eabi/12.3.1/thumb/v7e-m+fp/hard\libgcc.a(_aeabi_uldivmod.o)
 .ARM.attributes
                0x00000b14       0x34 C:/ST/STM32CubeIDE_1.16.1/STM32CubeIDE/plugins/com.st.stm32cube.ide.mcu.externaltools.gnu-tools-for-stm32.12.3.rel1.win32_1.0.200.202406191623/tools/bin/../lib/gcc/arm-none-eabi/12.3.1/thumb/v7e-m+fp/hard\libgcc.a(_udivmoddi4.o)
 .ARM.attributes
                0x00000b48       0x22 C:/ST/STM32CubeIDE_1.16.1/STM32CubeIDE/plugins/com.st.stm32cube.ide.mcu.externaltools.gnu-tools-for-stm32.12.3.rel1.win32_1.0.200.202406191623/tools/bin/../lib/gcc/arm-none-eabi/12.3.1/thumb/v7e-m+fp/hard\libgcc.a(_dvmd_tls.o)
 .ARM.attributes
                0x00000b6a       0x22 C:/ST/STM32CubeIDE_1.16.1/STM32CubeIDE/plugins/com.st.stm32cube.ide.mcu.externaltools.gnu-tools-for-stm32.12.3.rel1.win32_1.0.200.202406191623/tools/bin/../lib/gcc/arm-none-eabi/12.3.1/thumb/v7e-m+fp/hard/crtn.o
OUTPUT(gasBoxMasterv1.elf elf32-littlearm)
LOAD linker stubs
LOAD C:/ST/STM32CubeIDE_1.16.1/STM32CubeIDE/plugins/com.st.stm32cube.ide.mcu.externaltools.gnu-tools-for-stm32.12.3.rel1.win32_1.0.200.202406191623/tools/bin/../lib/gcc/arm-none-eabi/12.3.1/../../../../arm-none-eabi/lib/thumb/v7e-m+fp/hard\libc.a
LOAD C:/ST/STM32CubeIDE_1.16.1/STM32CubeIDE/plugins/com.st.stm32cube.ide.mcu.externaltools.gnu-tools-for-stm32.12.3.rel1.win32_1.0.200.202406191623/tools/bin/../lib/gcc/arm-none-eabi/12.3.1/../../../../arm-none-eabi/lib/thumb/v7e-m+fp/hard\libm.a
LOAD C:/ST/STM32CubeIDE_1.16.1/STM32CubeIDE/plugins/com.st.stm32cube.ide.mcu.externaltools.gnu-tools-for-stm32.12.3.rel1.win32_1.0.200.202406191623/tools/bin/../lib/gcc/arm-none-eabi/12.3.1/thumb/v7e-m+fp/hard\libgcc.a

.debug_info     0x00000000    0x17c90
 .debug_info    0x00000000      0x388 ./Core/Src/Hardware.o
 .debug_info    0x00000388      0x1b0 ./Core/Src/func.o
 .debug_info    0x00000538      0x4b7 ./Core/Src/gpio.o
 .debug_info    0x000009ef      0x370 ./Core/Src/main.o
 .debug_info    0x00000d5f      0x23c ./Core/Src/priority_pushpop.o
 .debug_info    0x00000f9b      0x199 ./Core/Src/prioritylist.o
 .debug_info    0x00001134     0x1620 ./Core/Src/remote.o
 .debug_info    0x00002754      0x2e2 ./Core/Src/resultqueue.o
 .debug_info    0x00002a36      0xaf6 ./Core/Src/spi.o
 .debug_info    0x0000352c      0x531 ./Core/Src/stacks.o
 .debug_info    0x00003a5d      0x2da ./Core/Src/stm32g4xx_hal_msp.o
 .debug_info    0x00003d37      0x113 ./Core/Src/stm32g4xx_it.o
 .debug_info    0x00003e4a      0x168 ./Core/Src/sysmem.o
 .debug_info    0x00003fb2      0x58e ./Core/Src/system_stm32g4xx.o
 .debug_info    0x00004540      0xc4b ./Core/Src/tim.o
 .debug_info    0x0000518b      0x33e ./Core/Src/timer0.o
 .debug_info    0x000054c9      0xedc ./Core/Src/uart4.o
 .debug_info    0x000063a5      0xf6d ./Core/Src/usart.o
 .debug_info    0x00007312      0x980 ./Core/Src/zentrale.o
 .debug_info    0x00007c92      0x580 ./Core/Src/zentrale_cmd_sero.o
 .debug_info    0x00008212       0x30 ./Core/Startup/startup_stm32g473vetx.o
 .debug_info    0x00008242      0xb65 ./Drivers/STM32G4xx_HAL_Driver/Src/stm32g4xx_hal.o
 .debug_info    0x00008da7      0xdc9 ./Drivers/STM32G4xx_HAL_Driver/Src/stm32g4xx_hal_cortex.o
 .debug_info    0x00009b70      0x763 ./Drivers/STM32G4xx_HAL_Driver/Src/stm32g4xx_hal_gpio.o
 .debug_info    0x0000a2d3      0x93f ./Drivers/STM32G4xx_HAL_Driver/Src/stm32g4xx_hal_pwr_ex.o
 .debug_info    0x0000ac12      0xbe0 ./Drivers/STM32G4xx_HAL_Driver/Src/stm32g4xx_hal_rcc.o
 .debug_info    0x0000b7f2      0xc45 ./Drivers/STM32G4xx_HAL_Driver/Src/stm32g4xx_hal_rcc_ex.o
 .debug_info    0x0000c437     0x1677 ./Drivers/STM32G4xx_HAL_Driver/Src/stm32g4xx_hal_spi.o
 .debug_info    0x0000daae     0x2c52 ./Drivers/STM32G4xx_HAL_Driver/Src/stm32g4xx_hal_tim.o
 .debug_info    0x00010700     0x1d95 ./Drivers/STM32G4xx_HAL_Driver/Src/stm32g4xx_hal_tim_ex.o
 .debug_info    0x00012495     0x481e ./Drivers/STM32G4xx_HAL_Driver/Src/stm32g4xx_hal_uart.o
 .debug_info    0x00016cb3      0xfdd ./Drivers/STM32G4xx_HAL_Driver/Src/stm32g4xx_hal_uart_ex.o

.debug_abbrev   0x00000000     0x3a77
 .debug_abbrev  0x00000000      0x1ef ./Core/Src/Hardware.o
 .debug_abbrev  0x000001ef       0xf0 ./Core/Src/func.o
 .debug_abbrev  0x000002df      0x152 ./Core/Src/gpio.o
 .debug_abbrev  0x00000431      0x179 ./Core/Src/main.o
 .debug_abbrev  0x000005aa       0xe9 ./Core/Src/priority_pushpop.o
 .debug_abbrev  0x00000693       0xbf ./Core/Src/prioritylist.o
 .debug_abbrev  0x00000752      0x373 ./Core/Src/remote.o
 .debug_abbrev  0x00000ac5      0x157 ./Core/Src/resultqueue.o
 .debug_abbrev  0x00000c1c      0x1f6 ./Core/Src/spi.o
 .debug_abbrev  0x00000e12      0x15e ./Core/Src/stacks.o
 .debug_abbrev  0x00000f70       0xd9 ./Core/Src/stm32g4xx_hal_msp.o
 .debug_abbrev  0x00001049       0x73 ./Core/Src/stm32g4xx_it.o
 .debug_abbrev  0x000010bc       0xbc ./Core/Src/sysmem.o
 .debug_abbrev  0x00001178      0x11a ./Core/Src/system_stm32g4xx.o
 .debug_abbrev  0x00001292      0x207 ./Core/Src/tim.o
 .debug_abbrev  0x00001499       0xcf ./Core/Src/timer0.o
 .debug_abbrev  0x00001568      0x279 ./Core/Src/uart4.o
 .debug_abbrev  0x000017e1      0x24d ./Core/Src/usart.o
 .debug_abbrev  0x00001a2e      0x299 ./Core/Src/zentrale.o
 .debug_abbrev  0x00001cc7      0x148 ./Core/Src/zentrale_cmd_sero.o
 .debug_abbrev  0x00001e0f       0x24 ./Core/Startup/startup_stm32g473vetx.o
 .debug_abbrev  0x00001e33      0x271 ./Drivers/STM32G4xx_HAL_Driver/Src/stm32g4xx_hal.o
 .debug_abbrev  0x000020a4      0x31c ./Drivers/STM32G4xx_HAL_Driver/Src/stm32g4xx_hal_cortex.o
 .debug_abbrev  0x000023c0      0x1cb ./Drivers/STM32G4xx_HAL_Driver/Src/stm32g4xx_hal_gpio.o
 .debug_abbrev  0x0000258b      0x22c ./Drivers/STM32G4xx_HAL_Driver/Src/stm32g4xx_hal_pwr_ex.o
 .debug_abbrev  0x000027b7      0x2c9 ./Drivers/STM32G4xx_HAL_Driver/Src/stm32g4xx_hal_rcc.o
 .debug_abbrev  0x00002a80      0x258 ./Drivers/STM32G4xx_HAL_Driver/Src/stm32g4xx_hal_rcc_ex.o
 .debug_abbrev  0x00002cd8      0x25d ./Drivers/STM32G4xx_HAL_Driver/Src/stm32g4xx_hal_spi.o
 .debug_abbrev  0x00002f35      0x2a7 ./Drivers/STM32G4xx_HAL_Driver/Src/stm32g4xx_hal_tim.o
 .debug_abbrev  0x000031dc      0x2c5 ./Drivers/STM32G4xx_HAL_Driver/Src/stm32g4xx_hal_tim_ex.o
 .debug_abbrev  0x000034a1      0x304 ./Drivers/STM32G4xx_HAL_Driver/Src/stm32g4xx_hal_uart.o
 .debug_abbrev  0x000037a5      0x2d2 ./Drivers/STM32G4xx_HAL_Driver/Src/stm32g4xx_hal_uart_ex.o

.debug_aranges  0x00000000     0x1708
 .debug_aranges
                0x00000000       0x70 ./Core/Src/Hardware.o
 .debug_aranges
                0x00000070       0x38 ./Core/Src/func.o
 .debug_aranges
                0x000000a8       0x20 ./Core/Src/gpio.o
 .debug_aranges
                0x000000c8       0x30 ./Core/Src/main.o
 .debug_aranges
                0x000000f8       0x30 ./Core/Src/priority_pushpop.o
 .debug_aranges
                0x00000128       0x20 ./Core/Src/prioritylist.o
 .debug_aranges
                0x00000148       0xa0 ./Core/Src/remote.o
 .debug_aranges
                0x000001e8       0x48 ./Core/Src/resultqueue.o
 .debug_aranges
                0x00000230       0x30 ./Core/Src/spi.o
 .debug_aranges
                0x00000260       0x58 ./Core/Src/stacks.o
 .debug_aranges
                0x000002b8       0x20 ./Core/Src/stm32g4xx_hal_msp.o
 .debug_aranges
                0x000002d8       0x60 ./Core/Src/stm32g4xx_it.o
 .debug_aranges
                0x00000338       0x20 ./Core/Src/sysmem.o
 .debug_aranges
                0x00000358       0x28 ./Core/Src/system_stm32g4xx.o
 .debug_aranges
                0x00000380       0x30 ./Core/Src/tim.o
 .debug_aranges
                0x000003b0       0x90 ./Core/Src/timer0.o
 .debug_aranges
                0x00000440       0x78 ./Core/Src/uart4.o
 .debug_aranges
                0x000004b8       0x50 ./Core/Src/usart.o
 .debug_aranges
                0x00000508      0x178 ./Core/Src/zentrale.o
 .debug_aranges
                0x00000680       0x28 ./Core/Src/zentrale_cmd_sero.o
 .debug_aranges
                0x000006a8       0x28 ./Core/Startup/startup_stm32g473vetx.o
 .debug_aranges
                0x000006d0      0x148 ./Drivers/STM32G4xx_HAL_Driver/Src/stm32g4xx_hal.o
 .debug_aranges
                0x00000818      0x128 ./Drivers/STM32G4xx_HAL_Driver/Src/stm32g4xx_hal_cortex.o
 .debug_aranges
                0x00000940       0x58 ./Drivers/STM32G4xx_HAL_Driver/Src/stm32g4xx_hal_gpio.o
 .debug_aranges
                0x00000998      0x140 ./Drivers/STM32G4xx_HAL_Driver/Src/stm32g4xx_hal_pwr_ex.o
 .debug_aranges
                0x00000ad8       0x98 ./Drivers/STM32G4xx_HAL_Driver/Src/stm32g4xx_hal_rcc.o
 .debug_aranges
                0x00000b70       0xb0 ./Drivers/STM32G4xx_HAL_Driver/Src/stm32g4xx_hal_rcc_ex.o
 .debug_aranges
                0x00000c20      0x1d8 ./Drivers/STM32G4xx_HAL_Driver/Src/stm32g4xx_hal_spi.o
 .debug_aranges
                0x00000df8      0x3e0 ./Drivers/STM32G4xx_HAL_Driver/Src/stm32g4xx_hal_tim.o
 .debug_aranges
                0x000011d8      0x240 ./Drivers/STM32G4xx_HAL_Driver/Src/stm32g4xx_hal_tim_ex.o
 .debug_aranges
                0x00001418      0x248 ./Drivers/STM32G4xx_HAL_Driver/Src/stm32g4xx_hal_uart.o
 .debug_aranges
                0x00001660       0xa8 ./Drivers/STM32G4xx_HAL_Driver/Src/stm32g4xx_hal_uart_ex.o

.debug_rnglists
                0x00000000     0x11b3
 .debug_rnglists
                0x00000000       0x4f ./Core/Src/Hardware.o
 .debug_rnglists
                0x0000004f       0x25 ./Core/Src/func.o
 .debug_rnglists
                0x00000074       0x14 ./Core/Src/gpio.o
 .debug_rnglists
                0x00000088       0x20 ./Core/Src/main.o
 .debug_rnglists
                0x000000a8       0x21 ./Core/Src/priority_pushpop.o
 .debug_rnglists
                0x000000c9       0x14 ./Core/Src/prioritylist.o
 .debug_rnglists
                0x000000dd       0x7a ./Core/Src/remote.o
 .debug_rnglists
                0x00000157       0x31 ./Core/Src/resultqueue.o
 .debug_rnglists
                0x00000188       0x20 ./Core/Src/spi.o
 .debug_rnglists
                0x000001a8       0x41 ./Core/Src/stacks.o
 .debug_rnglists
                0x000001e9       0x13 ./Core/Src/stm32g4xx_hal_msp.o
 .debug_rnglists
                0x000001fc       0x43 ./Core/Src/stm32g4xx_it.o
 .debug_rnglists
                0x0000023f       0x13 ./Core/Src/sysmem.o
 .debug_rnglists
                0x00000252       0x1a ./Core/Src/system_stm32g4xx.o
 .debug_rnglists
                0x0000026c       0x20 ./Core/Src/tim.o
 .debug_rnglists
                0x0000028c       0x68 ./Core/Src/timer0.o
 .debug_rnglists
                0x000002f4       0x58 ./Core/Src/uart4.o
 .debug_rnglists
                0x0000034c       0x3e ./Core/Src/usart.o
 .debug_rnglists
                0x0000038a      0x11a ./Core/Src/zentrale.o
 .debug_rnglists
                0x000004a4       0x1b ./Core/Src/zentrale_cmd_sero.o
 .debug_rnglists
                0x000004bf       0x19 ./Core/Startup/startup_stm32g473vetx.o
 .debug_rnglists
                0x000004d8       0xf1 ./Drivers/STM32G4xx_HAL_Driver/Src/stm32g4xx_hal.o
 .debug_rnglists
                0x000005c9       0xda ./Drivers/STM32G4xx_HAL_Driver/Src/stm32g4xx_hal_cortex.o
 .debug_rnglists
                0x000006a3       0x3f ./Drivers/STM32G4xx_HAL_Driver/Src/stm32g4xx_hal_gpio.o
 .debug_rnglists
                0x000006e2       0xf1 ./Drivers/STM32G4xx_HAL_Driver/Src/stm32g4xx_hal_pwr_ex.o
 .debug_rnglists
                0x000007d3       0x74 ./Drivers/STM32G4xx_HAL_Driver/Src/stm32g4xx_hal_rcc.o
 .debug_rnglists
                0x00000847       0x87 ./Drivers/STM32G4xx_HAL_Driver/Src/stm32g4xx_hal_rcc_ex.o
 .debug_rnglists
                0x000008ce      0x178 ./Drivers/STM32G4xx_HAL_Driver/Src/stm32g4xx_hal_spi.o
 .debug_rnglists
                0x00000a46      0x328 ./Drivers/STM32G4xx_HAL_Driver/Src/stm32g4xx_hal_tim.o
 .debug_rnglists
                0x00000d6e      0x1cc ./Drivers/STM32G4xx_HAL_Driver/Src/stm32g4xx_hal_tim_ex.o
 .debug_rnglists
                0x00000f3a      0x1fa ./Drivers/STM32G4xx_HAL_Driver/Src/stm32g4xx_hal_uart.o
 .debug_rnglists
                0x00001134       0x7f ./Drivers/STM32G4xx_HAL_Driver/Src/stm32g4xx_hal_uart_ex.o

.debug_macro    0x00000000    0x232f4
 .debug_macro   0x00000000      0x203 ./Core/Src/Hardware.o
 .debug_macro   0x00000203      0xab4 ./Core/Src/Hardware.o
 .debug_macro   0x00000cb7      0x161 ./Core/Src/Hardware.o
 .debug_macro   0x00000e18       0x2e ./Core/Src/Hardware.o
 .debug_macro   0x00000e46       0x28 ./Core/Src/Hardware.o
 .debug_macro   0x00000e6e       0x22 ./Core/Src/Hardware.o
 .debug_macro   0x00000e90       0x8e ./Core/Src/Hardware.o
 .debug_macro   0x00000f1e       0x51 ./Core/Src/Hardware.o
 .debug_macro   0x00000f6f      0x103 ./Core/Src/Hardware.o
 .debug_macro   0x00001072       0x6a ./Core/Src/Hardware.o
 .debug_macro   0x000010dc      0x1df ./Core/Src/Hardware.o
 .debug_macro   0x000012bb       0x1c ./Core/Src/Hardware.o
 .debug_macro   0x000012d7       0x22 ./Core/Src/Hardware.o
 .debug_macro   0x000012f9       0xfb ./Core/Src/Hardware.o
 .debug_macro   0x000013f4     0x1011 ./Core/Src/Hardware.o
 .debug_macro   0x00002405      0x11f ./Core/Src/Hardware.o
 .debug_macro   0x00002524    0x130df ./Core/Src/Hardware.o
 .debug_macro   0x00015603       0x6d ./Core/Src/Hardware.o
 .debug_macro   0x00015670     0x3558 ./Core/Src/Hardware.o
 .debug_macro   0x00018bc8      0x189 ./Core/Src/Hardware.o
 .debug_macro   0x00018d51       0x5c ./Core/Src/Hardware.o
 .debug_macro   0x00018dad     0x16d9 ./Core/Src/Hardware.o
 .debug_macro   0x0001a486      0x600 ./Core/Src/Hardware.o
 .debug_macro   0x0001aa86      0x1b6 ./Core/Src/Hardware.o
 .debug_macro   0x0001ac3c      0x336 ./Core/Src/Hardware.o
 .debug_macro   0x0001af72      0x50b ./Core/Src/Hardware.o
 .debug_macro   0x0001b47d      0x18b ./Core/Src/Hardware.o
 .debug_macro   0x0001b608       0x43 ./Core/Src/Hardware.o
 .debug_macro   0x0001b64b      0x23d ./Core/Src/Hardware.o
 .debug_macro   0x0001b888      0x211 ./Core/Src/Hardware.o
 .debug_macro   0x0001ba99      0x45c ./Core/Src/Hardware.o
 .debug_macro   0x0001bef5      0x11c ./Core/Src/Hardware.o
 .debug_macro   0x0001c011      0x122 ./Core/Src/Hardware.o
 .debug_macro   0x0001c133      0x3d1 ./Core/Src/Hardware.o
 .debug_macro   0x0001c504      0x2fe ./Core/Src/Hardware.o
 .debug_macro   0x0001c802      0xc0b ./Core/Src/Hardware.o
 .debug_macro   0x0001d40d      0x718 ./Core/Src/Hardware.o
 .debug_macro   0x0001db25      0x693 ./Core/Src/Hardware.o
 .debug_macro   0x0001e1b8       0xa6 ./Core/Src/Hardware.o
 .debug_macro   0x0001e25e      0x34a ./Core/Src/Hardware.o
 .debug_macro   0x0001e5a8       0x7c ./Core/Src/Hardware.o