../Core/Src/ad5592.c:23:20:MIO_RESET_Pulse	8	static
../Core/Src/ad5592.c:31:20:mio_send_word	16	static
../Core/Src/ad5592.c:37:6:mio_init	16	static
../Core/Src/ad5592.c:76:6:mio_hb_toggle	8	static
../Core/Src/ad5592.c:81:6:mio_sero_set	8	static
../Core/Src/ad5592.c:88:6:mio_sero_get	16	static
../Core/Src/ad5592.c:143:6:mio_set_dac	24	static
../Core/Src/ad5592.c:159:10:read_adc_single	24	static
../Core/Src/ad5592.c:175:10:mio_get_adcval_filt	24	static
../Core/Src/ad5592.c:194:10:mio_readback_dac	24	static
