../Core/Src/remote.c:83:6:remote_init	8	static
../Core/Src/remote.c:96:6:remote_sero_get	16	static
../Core/Src/remote.c:106:6:gb_sero_get	16	static
../Core/Src/remote.c:115:6:remote_try_get_reply	16	static
../Core/Src/remote.c:124:13:parse_binary	16	static
../Core/Src/remote.c:234:6:parse_ascii	32	static
../Core/Src/remote.c:621:6:output_ascii_cmdack	128	static
../Core/Src/remote.c:768:6:Binary_Search	40	static
../Core/Src/remote.c:815:6:output_ascii_result	16	static
../Core/Src/remote.c:858:7:output_ascii	56	static
../Core/Src/remote.c:867:9:remote_ascii_verbose	4	static
../Core/Src/remote.c:872:9:remote_ascii_crlf	4	static
../Core/Src/remote.c:893:20:gb_flush_rx	8	static
../Core/Src/remote.c:898:16:gasbox_send	56	static
../Core/Src/remote.c:930:9:gasbox_xfer	32	static
