../Core/Src/remote.c:83:6:remote_init	8	static
../Core/Src/remote.c:94:6:remote_sero_get	16	static
../Core/Src/remote.c:104:6:parse_ascii	32	static
../Core/Src/remote.c:389:6:serialSendAnswer	40	static
../Core/Src/remote.c:423:6:output_ascii_cmdack	128	static
../Core/Src/remote.c:549:6:Binary_Search	40	static
../Core/Src/remote.c:588:6:output_ascii_result	16	static
../Core/Src/remote.c:618:6:output_binary_result	32	static
../Core/Src/remote.c:634:6:output_ascii	56	static
../Core/Src/remote.c:641:9:remote_ascii_verbose	4	static
../Core/Src/remote.c:645:9:remote_ascii_crlf	4	static
