../Core/Src/zentrale.c:33:6:zentrale_init	16	static
../Core/Src/zentrale.c:49:13:z_update_power_errors	16	static
../Core/Src/zentrale.c:62:6:zentrale	64	static
../Core/Src/zentrale.c:268:9:z_get_status	4	static
../Core/Src/zentrale.c:275:6:z_set_status_tend	16	static
../Core/Src/zentrale.c:281:6:z_set_error	32	static
../Core/Src/zentrale.c:285:6:z_clear_errors	16	static
../Core/Src/zentrale.c:295:10:z_get_errors	4	static
../Core/Src/zentrale.c:303:6:z_set_channel_error	40	static
../Core/Src/zentrale.c:313:6:z_clear_channel_errors	16	static
../Core/Src/zentrale.c:321:10:z_get_channel_errors	16	static
../Core/Src/zentrale.c:334:9:z_set_rmt	24	static
../Core/Src/zentrale.c:368:9:z_get_rmt	4	static
../Core/Src/zentrale.c:374:9:z_set_adm	16	static
../Core/Src/zentrale.c:398:9:z_get_adm	4	static
../Core/Src/zentrale.c:403:10:z_get_peak_filter_delay	4	static
../Core/Src/zentrale.c:408:9:z_set_peak_filter_delay	16	static
../Core/Src/zentrale.c:413:9:z_peak_filter_rst	4	static
../Core/Src/zentrale.c:420:9:z_err_reset	8	static
