../Core/Src/zentrale.c:42:6:zentrale_init	4	static
../Core/Src/zentrale.c:51:13:z_update_power_errors	16	static
../Core/Src/zentrale.c:65:6:zentrale	8	static
../Core/Src/zentrale.c:184:9:z_get_initok	4	static
../Core/Src/zentrale.c:188:9:z_get_opm	4	static
../Core/Src/zentrale.c:194:6:z_set_status_tend	16	static
../Core/Src/zentrale.c:201:10:z_get_error	4	static
../Core/Src/zentrale.c:206:6:z_set_error	16	static
../Core/Src/zentrale.c:211:9:z_get_status	4	static
../Core/Src/zentrale.c:215:9:z_reset	8	static
../Core/Src/zentrale.c:223:9:z_get_remote_mode	4	static
../Core/Src/zentrale.c:227:9:z_chk_remote_mode	16	static
../Core/Src/zentrale.c:234:9:z_set_remote_mode	16	static
../Core/Src/zentrale.c:252:9:z_set_rf	24	static
../Core/Src/zentrale.c:270:9:z_get_rf	4	static
../Core/Src/zentrale.c:274:9:z_get_pf_a	4	static
../Core/Src/zentrale.c:281:9:z_get_pr_a	4	static
../Core/Src/zentrale.c:288:9:z_get_pf_b	4	static
../Core/Src/zentrale.c:295:9:z_get_pr_b	4	static
../Core/Src/zentrale.c:302:9:z_get_pf_c	4	static
../Core/Src/zentrale.c:309:9:z_get_pr_c	4	static
../Core/Src/zentrale.c:316:9:z_get_pf_d	4	static
../Core/Src/zentrale.c:323:9:z_get_pr_d	4	static
../Core/Src/zentrale.c:330:9:z_set_a_ampphase	32	static
../Core/Src/zentrale.c:363:9:z_set_b_ampphase	32	static
../Core/Src/zentrale.c:396:9:z_set_c_ampphase	32	static
../Core/Src/zentrale.c:429:9:z_set_d_ampphase	32	static
../Core/Src/zentrale.c:462:9:z_set_amp_a	24	static
../Core/Src/zentrale.c:479:9:z_get_amp_a	4	static
../Core/Src/zentrale.c:483:9:z_set_amp_b	24	static
../Core/Src/zentrale.c:500:9:z_get_amp_b	4	static
../Core/Src/zentrale.c:504:9:z_set_amp_c	24	static
../Core/Src/zentrale.c:521:9:z_get_amp_c	4	static
../Core/Src/zentrale.c:525:9:z_set_amp_d	24	static
../Core/Src/zentrale.c:542:9:z_get_amp_d	4	static
../Core/Src/zentrale.c:546:9:z_set_phase_a	24	static
../Core/Src/zentrale.c:563:9:z_get_phase_a	4	static
../Core/Src/zentrale.c:567:9:z_set_phase_b	24	static
../Core/Src/zentrale.c:584:9:z_get_phase_b	4	static
../Core/Src/zentrale.c:588:9:z_set_phase_c	24	static
../Core/Src/zentrale.c:605:9:z_get_phase_c	4	static
../Core/Src/zentrale.c:609:9:z_set_phase_d	24	static
../Core/Src/zentrale.c:626:9:z_get_phase_d	4	static
../Core/Src/zentrale.c:630:9:z_set_apply	16	static
